<html>
<body>
<pre>
<h1>µVision Build Log</h1>
<h2>Tool Versions:</h2>
IDE-Version: µVision V5.29.0.0
Copyright (C) 2019 ARM Ltd and ARM Germany GmbH. All rights reserved.
License Information: no_name no_last_name, no_company, LIC=7YKY8-38F3U-06HQU-SNXKD-GZ9PP-2ZWZI
 
Tool Versions:
Toolchain:       MDK-ARM Professional  Version: 5.29.0.0
Toolchain Path:  C:\Keil\ARM\ARMCC\Bin
C Compiler:      Armcc.exe V5.06 update 6 (build 750)
Assembler:       Armasm.exe V5.06 update 6 (build 750)
Linker/Locator:  ArmLink.exe V5.06 update 6 (build 750)
Library Manager: ArmAr.exe V5.06 update 6 (build 750)
Hex Converter:   FromElf.exe V5.06 update 6 (build 750)
CPU DLL:         SARMCM3.DLL V5.29.0.0
Dialog DLL:      DCM.DLL V1.17.3.0
Target DLL:      UL2CM3.DLL V1.163.0.0
Dialog DLL:      TCM.DLL V1.36.5.0
 
<h2>Project:</h2>
H:\OneDrive\Desktop\USB_CardReaderWiter\fw\DE-300618\MDK-ARM\DE-300618.uvprojx
Project File Date:  12/09/2020

<h2>Output:</h2>
*** Using Compiler 'V5.06 update 6 (build 750)', folder: 'C:\Keil\ARM\ARMCC\Bin'
Rebuild target 'DE-300618'
compiling stm32f1xx_hal_spi_ex.c...
compiling stm32f1xx_hal_gpio.c...
compiling stm32f1xx_hal_flash_ex.c...
compiling system_stm32f1xx.c...
compiling stm32f1xx_hal_rcc_ex.c...
compiling stm32f1xx_hal_pcd.c...
compiling stm32f1xx_ll_usb.c...
compiling stm32f1xx_hal_gpio_ex.c...
compiling stm32f1xx_hal.c...
compiling stm32f1xx_hal_cortex.c...
compiling stm32f1xx_hal_pwr.c...
compiling stm32f1xx_hal_tim_ex.c...
compiling stm32f1xx_hal_flash.c...
compiling stm32f1xx_hal_rcc.c...
compiling stm32f1xx_hal_pcd_ex.c...
compiling stm32f1xx_hal_tim.c...
compiling usbd_desc.c...
compiling usb_device.c...
compiling usbd_conf.c...
compiling stm32f1xx_hal_dma.c...
compiling stm32f1xx_hal_spi.c...
assembling startup_stm32f103xb.s...
compiling stm32f1xx_it.c...
compiling usbd_customhid.c...
compiling usbd_ioreq.c...
compiling usbd_ctlreq.c...
compiling stm32f1xx_hal_msp.c...
compiling usbd_custom_hid_if.c...
compiling usbd_core.c...
compiling main.c...
compiling rc522.c...
compiling common.c...
linking...
Program Size: Code=21594 RO-data=294 RW-data=292 ZI-data=3604  
"DE-300618\DE-300618.axf" - 0 Error(s), 0 Warning(s).

<h2>Software Packages used:</h2>

Package Vendor: ARM
                http://www.keil.com/pack/ARM.CMSIS.5.7.0.pack
                ARM.CMSIS.5.7.0
                CMSIS (Cortex Microcontroller Software Interface Standard)
   * Component: CORE Version: 5.4.0

Package Vendor: Keil
                http://www.keil.com/pack/Keil.STM32F1xx_DFP.2.3.0.pack
                Keil.STM32F1xx_DFP.2.3.0
                STMicroelectronics STM32F1 Series Device Support, Drivers and Examples

<h2>Collection of Component include folders:</h2>
  .\RTE\_DE-300618
  H:\Repository\Packs\ARM\CMSIS\5.7.0\CMSIS\Core\Include
  H:\Repository\Packs\Keil\STM32F1xx_DFP\2.3.0\Device\Include

<h2>Collection of Component Files used:</h2>

   * Component: ARM::CMSIS:CORE:5.4.0
Build Time Elapsed:  00:00:12
</pre>
</body>
</html>
