Component: ARM Compiler 5.06 update 6 (build 750) Tool: armlink [4d35ed]

==============================================================================

Section Cross References

    system_stm32f1xx.o(i.SystemCoreClockUpdate) refers to system_stm32f1xx.o(.data) for SystemCoreClock
    system_stm32f1xx.o(i.SystemCoreClockUpdate) refers to system_stm32f1xx.o(.constdata) for AHBPrescTable
    stm32f1xx_hal_flash_ex.o(i.FLASH_MassErase) refers to stm32f1xx_hal_flash.o(.bss) for pFlash
    stm32f1xx_hal_flash_ex.o(i.FLASH_OB_DisableWRP) refers to stm32f1xx_hal_flash_ex.o(i.FLASH_OB_GetWRP) for FLASH_OB_GetWRP
    stm32f1xx_hal_flash_ex.o(i.FLASH_OB_DisableWRP) refers to stm32f1xx_hal_flash.o(i.FLASH_WaitForLastOperation) for FLASH_WaitForLastOperation
    stm32f1xx_hal_flash_ex.o(i.FLASH_OB_DisableWRP) refers to stm32f1xx_hal_flash_ex.o(i.HAL_FLASHEx_OBErase) for HAL_FLASHEx_OBErase
    stm32f1xx_hal_flash_ex.o(i.FLASH_OB_DisableWRP) refers to stm32f1xx_hal_flash.o(.bss) for pFlash
    stm32f1xx_hal_flash_ex.o(i.FLASH_OB_EnableWRP) refers to stm32f1xx_hal_flash_ex.o(i.FLASH_OB_GetWRP) for FLASH_OB_GetWRP
    stm32f1xx_hal_flash_ex.o(i.FLASH_OB_EnableWRP) refers to stm32f1xx_hal_flash.o(i.FLASH_WaitForLastOperation) for FLASH_WaitForLastOperation
    stm32f1xx_hal_flash_ex.o(i.FLASH_OB_EnableWRP) refers to stm32f1xx_hal_flash_ex.o(i.HAL_FLASHEx_OBErase) for HAL_FLASHEx_OBErase
    stm32f1xx_hal_flash_ex.o(i.FLASH_OB_EnableWRP) refers to stm32f1xx_hal_flash.o(.bss) for pFlash
    stm32f1xx_hal_flash_ex.o(i.FLASH_OB_ProgramData) refers to stm32f1xx_hal_flash.o(i.FLASH_WaitForLastOperation) for FLASH_WaitForLastOperation
    stm32f1xx_hal_flash_ex.o(i.FLASH_OB_ProgramData) refers to stm32f1xx_hal_flash.o(.bss) for pFlash
    stm32f1xx_hal_flash_ex.o(i.FLASH_OB_RDP_LevelConfig) refers to stm32f1xx_hal_flash.o(i.FLASH_WaitForLastOperation) for FLASH_WaitForLastOperation
    stm32f1xx_hal_flash_ex.o(i.FLASH_OB_RDP_LevelConfig) refers to stm32f1xx_hal_flash.o(.bss) for pFlash
    stm32f1xx_hal_flash_ex.o(i.FLASH_OB_UserConfig) refers to stm32f1xx_hal_flash.o(i.FLASH_WaitForLastOperation) for FLASH_WaitForLastOperation
    stm32f1xx_hal_flash_ex.o(i.FLASH_OB_UserConfig) refers to stm32f1xx_hal_flash.o(.bss) for pFlash
    stm32f1xx_hal_flash_ex.o(i.FLASH_PageErase) refers to stm32f1xx_hal_flash.o(.bss) for pFlash
    stm32f1xx_hal_flash_ex.o(i.HAL_FLASHEx_Erase) refers to stm32f1xx_hal_flash.o(i.FLASH_WaitForLastOperation) for FLASH_WaitForLastOperation
    stm32f1xx_hal_flash_ex.o(i.HAL_FLASHEx_Erase) refers to stm32f1xx_hal_flash_ex.o(i.FLASH_MassErase) for FLASH_MassErase
    stm32f1xx_hal_flash_ex.o(i.HAL_FLASHEx_Erase) refers to stm32f1xx_hal_flash_ex.o(i.FLASH_PageErase) for FLASH_PageErase
    stm32f1xx_hal_flash_ex.o(i.HAL_FLASHEx_Erase) refers to stm32f1xx_hal_flash.o(.bss) for pFlash
    stm32f1xx_hal_flash_ex.o(i.HAL_FLASHEx_Erase_IT) refers to stm32f1xx_hal_flash_ex.o(i.FLASH_MassErase) for FLASH_MassErase
    stm32f1xx_hal_flash_ex.o(i.HAL_FLASHEx_Erase_IT) refers to stm32f1xx_hal_flash_ex.o(i.FLASH_PageErase) for FLASH_PageErase
    stm32f1xx_hal_flash_ex.o(i.HAL_FLASHEx_Erase_IT) refers to stm32f1xx_hal_flash.o(.bss) for pFlash
    stm32f1xx_hal_flash_ex.o(i.HAL_FLASHEx_OBErase) refers to stm32f1xx_hal_flash_ex.o(i.FLASH_OB_GetRDP) for FLASH_OB_GetRDP
    stm32f1xx_hal_flash_ex.o(i.HAL_FLASHEx_OBErase) refers to stm32f1xx_hal_flash.o(i.FLASH_WaitForLastOperation) for FLASH_WaitForLastOperation
    stm32f1xx_hal_flash_ex.o(i.HAL_FLASHEx_OBErase) refers to stm32f1xx_hal_flash_ex.o(i.FLASH_OB_RDP_LevelConfig) for FLASH_OB_RDP_LevelConfig
    stm32f1xx_hal_flash_ex.o(i.HAL_FLASHEx_OBErase) refers to stm32f1xx_hal_flash.o(.bss) for pFlash
    stm32f1xx_hal_flash_ex.o(i.HAL_FLASHEx_OBGetConfig) refers to stm32f1xx_hal_flash_ex.o(i.FLASH_OB_GetWRP) for FLASH_OB_GetWRP
    stm32f1xx_hal_flash_ex.o(i.HAL_FLASHEx_OBGetConfig) refers to stm32f1xx_hal_flash_ex.o(i.FLASH_OB_GetRDP) for FLASH_OB_GetRDP
    stm32f1xx_hal_flash_ex.o(i.HAL_FLASHEx_OBGetConfig) refers to stm32f1xx_hal_flash_ex.o(i.FLASH_OB_GetUser) for FLASH_OB_GetUser
    stm32f1xx_hal_flash_ex.o(i.HAL_FLASHEx_OBProgram) refers to stm32f1xx_hal_flash_ex.o(i.FLASH_OB_EnableWRP) for FLASH_OB_EnableWRP
    stm32f1xx_hal_flash_ex.o(i.HAL_FLASHEx_OBProgram) refers to stm32f1xx_hal_flash_ex.o(i.FLASH_OB_DisableWRP) for FLASH_OB_DisableWRP
    stm32f1xx_hal_flash_ex.o(i.HAL_FLASHEx_OBProgram) refers to stm32f1xx_hal_flash_ex.o(i.FLASH_OB_RDP_LevelConfig) for FLASH_OB_RDP_LevelConfig
    stm32f1xx_hal_flash_ex.o(i.HAL_FLASHEx_OBProgram) refers to stm32f1xx_hal_flash_ex.o(i.FLASH_OB_UserConfig) for FLASH_OB_UserConfig
    stm32f1xx_hal_flash_ex.o(i.HAL_FLASHEx_OBProgram) refers to stm32f1xx_hal_flash_ex.o(i.FLASH_OB_ProgramData) for FLASH_OB_ProgramData
    stm32f1xx_hal_flash_ex.o(i.HAL_FLASHEx_OBProgram) refers to stm32f1xx_hal_flash.o(.bss) for pFlash
[...]
    Removing common.o(i.CalcCRC), (60 bytes).
    Removing common.o(i.CharToBin), (64 bytes).
    Removing common.o(i.ClearBuffer16), (44 bytes).
    Removing common.o(i.Dec2Bcd), (60 bytes).
    Removing common.o(i.Delay), (28 bytes).
    Removing common.o(i.GetLenght), (40 bytes).
    Removing common.o(i.Hex2Str), (92 bytes).
    Removing common.o(i.Int2Str), (88 bytes).
    Removing common.o(i.Str2Hex), (122 bytes).
    Removing common.o(i.Str2Int), (60 bytes).
    Removing rc522.o(.rev16_text), (4 bytes).
    Removing rc522.o(.revsh_text), (4 bytes).
    Removing rc522.o(.rrx_text), (6 bytes).
    Removing rc522.o(i.RC522_AntennaOff), (12 bytes).
    Removing rc522.o(i.RC522_Compare), (34 bytes).
    Removing main.o(.rev16_text), (4 bytes).
    Removing main.o(.revsh_text), (4 bytes).
    Removing main.o(.rrx_text), (6 bytes).
    Removing main.o(.data), (4 bytes).

321 unused section(s) (total 14900 bytes) removed from the image.

==============================================================================

Image Symbol Table

    Local Symbols

    Symbol Name                              Value     Ov Type        Size  Object(Section)

    ..//Src/system_stm32f1xx.c               0x00000000   Number         0  system_stm32f1xx.o ABSOLUTE
    ../Drivers/STM32F1xx_HAL_Driver/Src/stm32f1xx_hal.c 0x00000000   Number         0  stm32f1xx_hal.o ABSOLUTE
    ../Drivers/STM32F1xx_HAL_Driver/Src/stm32f1xx_hal_cortex.c 0x00000000   Number         0  stm32f1xx_hal_cortex.o ABSOLUTE
    ../Drivers/STM32F1xx_HAL_Driver/Src/stm32f1xx_hal_dma.c 0x00000000   Number         0  stm32f1xx_hal_dma.o ABSOLUTE
    ../Drivers/STM32F1xx_HAL_Driver/Src/stm32f1xx_hal_flash.c 0x00000000   Number         0  stm32f1xx_hal_flash.o ABSOLUTE
    ../Drivers/STM32F1xx_HAL_Driver/Src/stm32f1xx_hal_flash_ex.c 0x00000000   Number         0  stm32f1xx_hal_flash_ex.o ABSOLUTE
    ../Drivers/STM32F1xx_HAL_Driver/Src/stm32f1xx_hal_gpio.c 0x00000000   Number         0  stm32f1xx_hal_gpio.o ABSOLUTE
    ../Drivers/STM32F1xx_HAL_Driver/Src/stm32f1xx_hal_gpio_ex.c 0x00000000   Number         0  stm32f1xx_hal_gpio_ex.o ABSOLUTE
    ../Drivers/STM32F1xx_HAL_Driver/Src/stm32f1xx_hal_pcd.c 0x00000000   Number         0  stm32f1xx_hal_pcd.o ABSOLUTE
    ../Drivers/STM32F1xx_HAL_Driver/Src/stm32f1xx_hal_pcd_ex.c 0x00000000   Number         0  stm32f1xx_hal_pcd_ex.o ABSOLUTE
    ../Drivers/STM32F1xx_HAL_Driver/Src/stm32f1xx_hal_pwr.c 0x00000000   Number         0  stm32f1xx_hal_pwr.o ABSOLUTE
    ../Drivers/STM32F1xx_HAL_Driver/Src/stm32f1xx_hal_rcc.c 0x00000000   Number         0  stm32f1xx_hal_rcc.o ABSOLUTE
    ../Drivers/STM32F1xx_HAL_Driver/Src/stm32f1xx_hal_rcc_ex.c 0x00000000   Number         0  stm32f1xx_hal_rcc_ex.o ABSOLUTE
    ../Drivers/STM32F1xx_HAL_Driver/Src/stm32f1xx_hal_spi.c 0x00000000   Number         0  stm32f1xx_hal_spi.o ABSOLUTE
    ../Drivers/STM32F1xx_HAL_Driver/Src/stm32f1xx_hal_spi_ex.c 0x00000000   Number         0  stm32f1xx_hal_spi_ex.o ABSOLUTE
    ../Drivers/STM32F1xx_HAL_Driver/Src/stm32f1xx_hal_tim.c 0x00000000   Number         0  stm32f1xx_hal_tim.o ABSOLUTE
    ../Drivers/STM32F1xx_HAL_Driver/Src/stm32f1xx_hal_tim_ex.c 0x00000000   Number         0  stm32f1xx_hal_tim_ex.o ABSOLUTE
    ../Drivers/STM32F1xx_HAL_Driver/Src/stm32f1xx_ll_usb.c 0x00000000   Number         0  stm32f1xx_ll_usb.o ABSOLUTE
    ../Middlewares/ST/STM32_USB_Device_Library/Class/CustomHID/Src/usbd_customhid.c 0x00000000   Number         0  usbd_customhid.o ABSOLUTE
    ../Middlewares/ST/STM32_USB_Device_Library/Core/Src/usbd_core.c 0x00000000   Number         0  usbd_core.o ABSOLUTE
    ../Middlewares/ST/STM32_USB_Device_Library/Core/Src/usbd_ctlreq.c 0x00000000   Number         0  usbd_ctlreq.o ABSOLUTE
    ../Middlewares/ST/STM32_USB_Device_Library/Core/Src/usbd_ioreq.c 0x00000000   Number         0  usbd_ioreq.o ABSOLUTE
    ../Src/main.c                            0x00000000   Number         0  main.o ABSOLUTE
    ../Src/stm32f1xx_hal_msp.c               0x00000000   Number         0  stm32f1xx_hal_msp.o ABSOLUTE
    ../Src/stm32f1xx_it.c                    0x00000000   Number         0  stm32f1xx_it.o ABSOLUTE
    ../Src/usb_device.c                      0x00000000   Number         0  usb_device.o ABSOLUTE
    ../Src/usbd_conf.c                       0x00000000   Number         0  usbd_conf.o ABSOLUTE
    ../Src/usbd_custom_hid_if.c              0x00000000   Number         0  usbd_custom_hid_if.o ABSOLUTE
    ../Src/usbd_desc.c                       0x00000000   Number         0  usbd_desc.o ABSOLUTE
    ../clib/microlib/division.c              0x00000000   Number         0  uldiv.o ABSOLUTE
    ../clib/microlib/init/entry.s            0x00000000   Number         0  entry11a.o ABSOLUTE
    ../clib/microlib/init/entry.s            0x00000000   Number         0  entry11b.o ABSOLUTE
    ../clib/microlib/init/entry.s            0x00000000   Number         0  entry10b.o ABSOLUTE
    ../clib/microlib/init/entry.s            0x00000000   Number         0  entry10a.o ABSOLUTE
    ../clib/microlib/init/entry.s            0x00000000   Number         0  entry9b.o ABSOLUTE
    ../clib/microlib/init/entry.s            0x00000000   Number         0  entry9a.o ABSOLUTE
    ../clib/microlib/init/entry.s            0x00000000   Number         0  entry8b.o ABSOLUTE
    ../clib/microlib/init/entry.s            0x00000000   Number         0  entry8a.o ABSOLUTE
    ../clib/microlib/init/entry.s            0x00000000   Number         0  entry7b.o ABSOLUTE
    ../clib/microlib/init/entry.s            0x00000000   Number         0  entry2.o ABSOLUTE
    ../clib/microlib/init/entry.s            0x00000000   Number         0  entry7a.o ABSOLUTE
    ../clib/microlib/init/entry.s            0x00000000   Number         0  entry.o ABSOLUTE
    ../clib/microlib/init/entry.s            0x00000000   Number         0  entry5.o ABSOLUTE
    ../clib/microlib/longlong.c              0x00000000   Number         0  llushr.o ABSOLUTE
    ../clib/microlib/longlong.c              0x00000000   Number         0  llshl.o ABSOLUTE
    ../clib/microlib/string/memcpy.c         0x00000000   Number         0  memcpyb.o ABSOLUTE
    ../clib/microlib/string/memcpy.c         0x00000000   Number         0  memcpya.o ABSOLUTE
    ..\Drivers\STM32F1xx_HAL_Driver\Src\stm32f1xx_hal.c 0x00000000   Number         0  stm32f1xx_hal.o ABSOLUTE
    ..\Drivers\STM32F1xx_HAL_Driver\Src\stm32f1xx_hal_cortex.c 0x00000000   Number         0  stm32f1xx_hal_cortex.o ABSOLUTE
    ..\Drivers\STM32F1xx_HAL_Driver\Src\stm32f1xx_hal_dma.c 0x00000000   Number         0  stm32f1xx_hal_dma.o ABSOLUTE
    ..\Drivers\STM32F1xx_HAL_Driver\Src\stm32f1xx_hal_flash.c 0x00000000   Number         0  stm32f1xx_hal_flash.o ABSOLUTE
    ..\Drivers\STM32F1xx_HAL_Driver\Src\stm32f1xx_hal_flash_ex.c 0x00000000   Number         0  stm32f1xx_hal_flash_ex.o ABSOLUTE
    ..\Drivers\STM32F1xx_HAL_Driver\Src\stm32f1xx_hal_gpio.c 0x00000000   Number         0  stm32f1xx_hal_gpio.o ABSOLUTE
    ..\Drivers\STM32F1xx_HAL_Driver\Src\stm32f1xx_hal_gpio_ex.c 0x00000000   Number         0  stm32f1xx_hal_gpio_ex.o ABSOLUTE
    ..\Drivers\STM32F1xx_HAL_Driver\Src\stm32f1xx_hal_pcd.c 0x00000000   Number         0  stm32f1xx_hal_pcd.o ABSOLUTE
    ..\Drivers\STM32F1xx_HAL_Driver\Src\stm32f1xx_hal_pcd_ex.c 0x00000000   Number         0  stm32f1xx_hal_pcd_ex.o ABSOLUTE
    ..\Drivers\STM32F1xx_HAL_Driver\Src\stm32f1xx_hal_pwr.c 0x00000000   Number         0  stm32f1xx_hal_pwr.o ABSOLUTE
    ..\Drivers\STM32F1xx_HAL_Driver\Src\stm32f1xx_hal_rcc.c 0x00000000   Number         0  stm32f1xx_hal_rcc.o ABSOLUTE
    ..\Drivers\STM32F1xx_HAL_Driver\Src\stm32f1xx_hal_rcc_ex.c 0x00000000   Number         0  stm32f1xx_hal_rcc_ex.o ABSOLUTE
    ..\Drivers\STM32F1xx_HAL_Driver\Src\stm32f1xx_hal_spi.c 0x00000000   Number         0  stm32f1xx_hal_spi.o ABSOLUTE
    ..\Drivers\STM32F1xx_HAL_Driver\Src\stm32f1xx_hal_spi_ex.c 0x00000000   Number         0  stm32f1xx_hal_spi_ex.o ABSOLUTE
    ..\Drivers\STM32F1xx_HAL_Driver\Src\stm32f1xx_hal_tim.c 0x00000000   Number         0  stm32f1xx_hal_tim.o ABSOLUTE
    ..\Drivers\STM32F1xx_HAL_Driver\Src\stm32f1xx_hal_tim_ex.c 0x00000000   Number         0  stm32f1xx_hal_tim_ex.o ABSOLUTE
    ..\Drivers\STM32F1xx_HAL_Driver\Src\stm32f1xx_ll_usb.c 0x00000000   Number         0  stm32f1xx_ll_usb.o ABSOLUTE
    ..\Middlewares\ST\STM32_USB_Device_Library\Class\CustomHID\Src\usbd_customhid.c 0x00000000   Number         0  usbd_customhid.o ABSOLUTE
    ..\Middlewares\ST\STM32_USB_Device_Library\Core\Src\usbd_core.c 0x00000000   Number         0  usbd_core.o ABSOLUTE
    ..\Middlewares\ST\STM32_USB_Device_Library\Core\Src\usbd_ctlreq.c 0x00000000   Number         0  usbd_ctlreq.o ABSOLUTE
    ..\Middlewares\ST\STM32_USB_Device_Library\Core\Src\usbd_ioreq.c 0x00000000   Number         0  usbd_ioreq.o ABSOLUTE
    ..\Src\common.c                          0x00000000   Number         0  common.o ABSOLUTE
    ..\Src\main.c                            0x00000000   Number         0  main.o ABSOLUTE
    ..\Src\rc522.c                           0x00000000   Number         0  rc522.o ABSOLUTE
    ..\Src\stm32f1xx_hal_msp.c               0x00000000   Number         0  stm32f1xx_hal_msp.o ABSOLUTE
    ..\Src\stm32f1xx_it.c                    0x00000000   Number         0  stm32f1xx_it.o ABSOLUTE
    ..\Src\usb_device.c                      0x00000000   Number         0  usb_device.o ABSOLUTE
    ..\Src\usbd_conf.c                       0x00000000   Number         0  usbd_conf.o ABSOLUTE
    ..\Src\usbd_custom_hid_if.c              0x00000000   Number         0  usbd_custom_hid_if.o ABSOLUTE
    ..\Src\usbd_desc.c                       0x00000000   Number         0  usbd_desc.o ABSOLUTE
    ..\\Src\\common.c                        0x00000000   Number         0  common.o ABSOLUTE
    ..\\Src\\rc522.c                         0x00000000   Number         0  rc522.o ABSOLUTE
    ..\\Src\system_stm32f1xx.c               0x00000000   Number         0  system_stm32f1xx.o ABSOLUTE
    dc.s                                     0x00000000   Number         0  dc.o ABSOLUTE
    handlers.s                               0x00000000   Number         0  handlers.o ABSOLUTE
    init.s                                   0x00000000   Number         0  init.o ABSOLUTE
    startup_stm32f103xb.s                    0x00000000   Number         0  startup_stm32f103xb.o ABSOLUTE
    RESET                                    0x08000000   Section      236  startup_stm32f103xb.o(RESET)
    .ARM.Collect$$$$00000000                 0x080000ec   Section        0  entry.o(.ARM.Collect$$$$00000000)
    .ARM.Collect$$$$00000001                 0x080000ec   Section        4  entry2.o(.ARM.Collect$$$$00000001)
    .ARM.Collect$$$$00000004                 0x080000f0   Section        4  entry5.o(.ARM.Collect$$$$00000004)
    .ARM.Collect$$$$00000008                 0x080000f4   Section        0  entry7b.o(.ARM.Collect$$$$00000008)
    .ARM.Collect$$$$0000000A                 0x080000f4   Section        0  entry8b.o(.ARM.Collect$$$$0000000A)
    .ARM.Collect$$$$0000000B                 0x080000f4   Section        8  entry9a.o(.ARM.Collect$$$$0000000B)
    .ARM.Collect$$$$0000000D                 0x080000fc   Section        0  entry10a.o(.ARM.Collect$$$$0000000D)
    .ARM.Collect$$$$0000000F                 0x080000fc   Section        0  entry11a.o(.ARM.Collect$$$$0000000F)
    .ARM.Collect$$$$00002712                 0x080000fc   Section        4  entry2.o(.ARM.Collect$$$$00002712)
    __lit__00000000                          0x080000fc   Data           4  entry2.o(.ARM.Collect$$$$00002712)
    .text                                    0x08000100   Section       36  startup_stm32f103xb.o(.text)
    .text                                    0x08000124   Section        0  memcpya.o(.text)
    .text                                    0x08000148   Section       36  init.o(.text)
    i.BusFault_Handler                       0x0800016c   Section        0  stm32f1xx_it.o(i.BusFault_Handler)
    i.CUSTOM_HID_DeInit_FS                   0x08000170   Section        0  usbd_custom_hid_if.o(i.CUSTOM_HID_DeInit_FS)
    CUSTOM_HID_DeInit_FS                     0x08000171   Thumb Code     4  usbd_custom_hid_if.o(i.CUSTOM_HID_DeInit_FS)
    i.CUSTOM_HID_Init_FS                     0x08000174   Section        0  usbd_custom_hid_if.o(i.CUSTOM_HID_Init_FS)
    CUSTOM_HID_Init_FS                       0x08000175   Thumb Code     4  usbd_custom_hid_if.o(i.CUSTOM_HID_Init_FS)
    i.CUSTOM_HID_OutEvent_FS                 0x08000178   Section        0  usbd_custom_hid_if.o(i.CUSTOM_HID_OutEvent_FS)
    CUSTOM_HID_OutEvent_FS                   0x08000179   Thumb Code  2442  usbd_custom_hid_if.o(i.CUSTOM_HID_OutEvent_FS)
    i.CardDataFail                           0x08000b14   Section        0  usbd_custom_hid_if.o(i.CardDataFail)
    i.CardDataSucceed                        0x08000b88   Section        0  usbd_custom_hid_if.o(i.CardDataSucceed)
    i.ClearBuffer                            0x08000be4   Section        0  common.o(i.ClearBuffer)
    i.CopyCardData                           0x08000c0c   Section        0  usbd_custom_hid_if.o(i.CopyCardData)
    i.DebugMon_Handler                       0x08000e2c   Section        0  stm32f1xx_it.o(i.DebugMon_Handler)
    i.HAL_Delay                              0x08000e30   Section        0  stm32f1xx_hal.o(i.HAL_Delay)
    i.HAL_GPIO_Init                          0x08000e58   Section        0  stm32f1xx_hal_gpio.o(i.HAL_GPIO_Init)
    i.HAL_GPIO_TogglePin                     0x08001174   Section        0  stm32f1xx_hal_gpio.o(i.HAL_GPIO_TogglePin)
    i.HAL_GPIO_WritePin                      0x0800117c   Section        0  stm32f1xx_hal_gpio.o(i.HAL_GPIO_WritePin)
    i.HAL_GetTick                            0x08001188   Section        0  stm32f1xx_hal.o(i.HAL_GetTick)
    i.HAL_IncTick                            0x08001194   Section        0  stm32f1xx_hal.o(i.HAL_IncTick)
    i.HAL_Init                               0x080011ac   Section        0  stm32f1xx_hal.o(i.HAL_Init)
    i.HAL_InitTick                           0x080011d4   Section        0  stm32f1xx_hal.o(i.HAL_InitTick)
    i.HAL_MspInit                            0x08001220   Section        0  stm32f1xx_hal_msp.o(i.HAL_MspInit)
    i.HAL_NVIC_EnableIRQ                     0x080012ac   Section        0  stm32f1xx_hal_cortex.o(i.HAL_NVIC_EnableIRQ)
    i.HAL_NVIC_SetPriority                   0x080012c6   Section        0  stm32f1xx_hal_cortex.o(i.HAL_NVIC_SetPriority)
    i.HAL_NVIC_SetPriorityGrouping           0x08001344   Section        0  stm32f1xx_hal_cortex.o(i.HAL_NVIC_SetPriorityGrouping)
    i.HAL_PCDEx_PMAConfig                    0x0800136c   Section        0  stm32f1xx_hal_pcd_ex.o(i.HAL_PCDEx_PMAConfig)
    i.HAL_PCDEx_SetConnectionState           0x080013aa   Section        0  usbd_conf.o(i.HAL_PCDEx_SetConnectionState)
    i.HAL_PCD_DataInStageCallback            0x080013ac   Section        0  usbd_conf.o(i.HAL_PCD_DataInStageCallback)
    i.HAL_PCD_DataOutStageCallback           0x080013c8   Section        0  usbd_conf.o(i.HAL_PCD_DataOutStageCallback)
    i.HAL_PCD_EP_Close                       0x080013e4   Section        0  stm32f1xx_hal_pcd.o(i.HAL_PCD_EP_Close)
    i.HAL_PCD_EP_ClrStall                    0x08001448   Section        0  stm32f1xx_hal_pcd.o(i.HAL_PCD_EP_ClrStall)
    i.HAL_PCD_EP_Open                        0x080014aa   Section        0  stm32f1xx_hal_pcd.o(i.HAL_PCD_EP_Open)
    i.HAL_PCD_EP_Receive                     0x08001520   Section        0  stm32f1xx_hal_pcd.o(i.HAL_PCD_EP_Receive)
    i.HAL_PCD_EP_SetStall                    0x0800156a   Section        0  stm32f1xx_hal_pcd.o(i.HAL_PCD_EP_SetStall)
    i.HAL_PCD_EP_Transmit                    0x080015dc   Section        0  stm32f1xx_hal_pcd.o(i.HAL_PCD_EP_Transmit)
    i.HAL_PCD_IRQHandler                     0x08001628   Section        0  stm32f1xx_hal_pcd.o(i.HAL_PCD_IRQHandler)
    i.HAL_PCD_Init                           0x08001790   Section        0  stm32f1xx_hal_pcd.o(i.HAL_PCD_Init)
    i.HAL_PCD_MspInit                        0x080018ac   Section        0  usbd_conf.o(i.HAL_PCD_MspInit)
    i.HAL_PCD_ResetCallback                  0x080018f0   Section        0  usbd_conf.o(i.HAL_PCD_ResetCallback)
    i.HAL_PCD_ResumeCallback                 0x0800191a   Section        0  usbd_conf.o(i.HAL_PCD_ResumeCallback)
    i.HAL_PCD_SOFCallback                    0x08001928   Section        0  usbd_conf.o(i.HAL_PCD_SOFCallback)
    i.HAL_PCD_SetAddress                     0x08001936   Section        0  stm32f1xx_hal_pcd.o(i.HAL_PCD_SetAddress)
    i.HAL_PCD_SetupStageCallback             0x0800196c   Section        0  usbd_conf.o(i.HAL_PCD_SetupStageCallback)
    i.HAL_PCD_Start                          0x0800197e   Section        0  stm32f1xx_hal_pcd.o(i.HAL_PCD_Start)
    i.HAL_PCD_SuspendCallback                0x080019bc   Section        0  usbd_conf.o(i.HAL_PCD_SuspendCallback)
    i.HAL_RCCEx_PeriphCLKConfig              0x080019e0   Section        0  stm32f1xx_hal_rcc_ex.o(i.HAL_RCCEx_PeriphCLKConfig)
    i.HAL_RCC_ClockConfig                    0x08001b10   Section        0  stm32f1xx_hal_rcc.o(i.HAL_RCC_ClockConfig)
    i.HAL_RCC_GetHCLKFreq                    0x08001cb4   Section        0  stm32f1xx_hal_rcc.o(i.HAL_RCC_GetHCLKFreq)
    i.HAL_RCC_GetSysClockFreq                0x08001cc0   Section        0  stm32f1xx_hal_rcc.o(i.HAL_RCC_GetSysClockFreq)
    i.HAL_RCC_OscConfig                      0x08001d54   Section        0  stm32f1xx_hal_rcc.o(i.HAL_RCC_OscConfig)
    i.HAL_SPI_Init                           0x08002194   Section        0  stm32f1xx_hal_spi_ex.o(i.HAL_SPI_Init)
    i.HAL_SPI_MspInit                        0x0800221c   Section        0  stm32f1xx_hal_msp.o(i.HAL_SPI_MspInit)
    i.HAL_SPI_Transmit                       0x0800227c   Section        0  stm32f1xx_hal_spi.o(i.HAL_SPI_Transmit)
    i.HAL_SPI_TransmitReceive                0x08002422   Section        0  stm32f1xx_hal_spi.o(i.HAL_SPI_TransmitReceive)
    i.HAL_SYSTICK_CLKSourceConfig            0x08002640   Section        0  stm32f1xx_hal_cortex.o(i.HAL_SYSTICK_CLKSourceConfig)
    i.HAL_SYSTICK_Callback                   0x08002668   Section        0  stm32f1xx_hal_cortex.o(i.HAL_SYSTICK_Callback)
    i.HAL_SYSTICK_Config                     0x0800266a   Section        0  stm32f1xx_hal_cortex.o(i.HAL_SYSTICK_Config)
    i.HAL_SYSTICK_IRQHandler                 0x0800269e   Section        0  stm32f1xx_hal_cortex.o(i.HAL_SYSTICK_IRQHandler)
    i.HardFault_Handler                      0x080026a6   Section        0  stm32f1xx_it.o(i.HardFault_Handler)
    i.Int2StrSized                           0x080026ac   Section        0  common.o(i.Int2StrSized)
    i.MX_GPIO_Init                           0x08002710   Section        0  main.o(i.MX_GPIO_Init)
    MX_GPIO_Init                             0x08002711   Thumb Code   106  main.o(i.MX_GPIO_Init)
    i.MX_SPI1_Init                           0x08002784   Section        0  main.o(i.MX_SPI1_Init)
    MX_SPI1_Init                             0x08002785   Thumb Code    64  main.o(i.MX_SPI1_Init)
    i.MX_USB_DEVICE_Init                     0x080027dc   Section        0  usb_device.o(i.MX_USB_DEVICE_Init)
    i.MemManage_Handler                      0x08002810   Section        0  stm32f1xx_it.o(i.MemManage_Handler)
    i.NMI_Handler                            0x08002814   Section        0  stm32f1xx_it.o(i.NMI_Handler)
    i.NVIC_GetPriorityGrouping               0x08002818   Section        0  stm32f1xx_hal_cortex.o(i.NVIC_GetPriorityGrouping)
    NVIC_GetPriorityGrouping                 0x08002819   Thumb Code    10  stm32f1xx_hal_cortex.o(i.NVIC_GetPriorityGrouping)
    i.NVIC_SetPriority                       0x08002828   Section        0  stm32f1xx_hal_cortex.o(i.NVIC_SetPriority)
    NVIC_SetPriority                         0x08002829   Thumb Code    32  stm32f1xx_hal_cortex.o(i.NVIC_SetPriority)
    i.PCD_EP_ISR_Handler                     0x08002850   Section        0  stm32f1xx_hal_pcd.o(i.PCD_EP_ISR_Handler)
    PCD_EP_ISR_Handler                       0x08002851   Thumb Code  1092  stm32f1xx_hal_pcd.o(i.PCD_EP_ISR_Handler)
    i.PendSV_Handler                         0x08002c94   Section        0  stm32f1xx_it.o(i.PendSV_Handler)
    i.RC522_AntennaOn                        0x08002c96   Section        0  rc522.o(i.RC522_AntennaOn)
    i.RC522_Anticoll                         0x08002cb0   Section        0  rc522.o(i.RC522_Anticoll)
    i.RC522_Auth                             0x08002cfa   Section        0  rc522.o(i.RC522_Auth)
    i.RC522_CalculateCRC                     0x08002d70   Section        0  rc522.o(i.RC522_CalculateCRC)
    i.RC522_Check                            0x08002dd4   Section        0  rc522.o(i.RC522_Check)
    i.RC522_ClearBitMask                     0x08002dfa   Section        0  rc522.o(i.RC522_ClearBitMask)
    i.RC522_ClearData                        0x08002e14   Section        0  rc522.o(i.RC522_ClearData)
    i.RC522_Halt                             0x08002e4c   Section        0  rc522.o(i.RC522_Halt)
    i.RC522_Init                             0x08002e78   Section        0  rc522.o(i.RC522_Init)
    i.RC522_Read                             0x08002ef4   Section        0  rc522.o(i.RC522_Read)
    i.RC522_ReadCard                         0x08002f30   Section        0  rc522.o(i.RC522_ReadCard)
    i.RC522_ReadRegister                     0x08002fd0   Section        0  rc522.o(i.RC522_ReadRegister)
    i.RC522_Request                          0x08003020   Section        0  rc522.o(i.RC522_Request)
    i.RC522_Reset                            0x08003050   Section        0  rc522.o(i.RC522_Reset)
    i.RC522_SelectTag                        0x08003084   Section        0  rc522.o(i.RC522_SelectTag)
    i.RC522_Service                          0x080030d4   Section        0  rc522.o(i.RC522_Service)
    i.RC522_SetBitMask                       0x08003154   Section        0  rc522.o(i.RC522_SetBitMask)
    i.RC522_ToCard                           0x0800316e   Section        0  rc522.o(i.RC522_ToCard)
    i.RC522_Write                            0x0800328e   Section        0  rc522.o(i.RC522_Write)
    i.RC522_WriteCard                        0x08003320   Section        0  rc522.o(i.RC522_WriteCard)
    i.RC522_WriteRegister                    0x080033c4   Section        0  rc522.o(i.RC522_WriteRegister)
    i.RCC_Delay                              0x08003404   Section        0  stm32f1xx_hal_rcc.o(i.RCC_Delay)
    RCC_Delay                                0x08003405   Thumb Code    36  stm32f1xx_hal_rcc.o(i.RCC_Delay)
    i.ReadHotelCard                          0x0800342c   Section        0  usbd_custom_hid_if.o(i.ReadHotelCard)
    i.SPI_CheckFlag_BSY                      0x0800370c   Section        0  stm32f1xx_hal_spi.o(i.SPI_CheckFlag_BSY)
    SPI_CheckFlag_BSY                        0x0800370d   Thumb Code    40  stm32f1xx_hal_spi.o(i.SPI_CheckFlag_BSY)
    i.SPI_WaitFlagStateUntilTimeout          0x08003734   Section        0  stm32f1xx_hal_spi.o(i.SPI_WaitFlagStateUntilTimeout)
    SPI_WaitFlagStateUntilTimeout            0x08003735   Thumb Code   170  stm32f1xx_hal_spi.o(i.SPI_WaitFlagStateUntilTimeout)
    i.SVC_Handler                            0x080037de   Section        0  stm32f1xx_it.o(i.SVC_Handler)
    i.Str2IntSized                           0x080037e0   Section        0  common.o(i.Str2IntSized)
    i.SysTick_Handler                        0x0800381a   Section        0  stm32f1xx_it.o(i.SysTick_Handler)
    i.SystemClock_Config                     0x08003828   Section        0  main.o(i.SystemClock_Config)
    i.SystemInit                             0x080038d0   Section        0  system_stm32f1xx.o(i.SystemInit)
    i.USBD_CUSTOM_HID_DataIn                 0x08003928   Section        0  usbd_customhid.o(i.USBD_CUSTOM_HID_DataIn)
    USBD_CUSTOM_HID_DataIn                   0x08003929   Thumb Code    14  usbd_customhid.o(i.USBD_CUSTOM_HID_DataIn)
    i.USBD_CUSTOM_HID_DataOut                0x08003938   Section        0  usbd_customhid.o(i.USBD_CUSTOM_HID_DataOut)
    USBD_CUSTOM_HID_DataOut                  0x08003939   Thumb Code    58  usbd_customhid.o(i.USBD_CUSTOM_HID_DataOut)
    i.USBD_CUSTOM_HID_DeInit                 0x08003978   Section        0  usbd_customhid.o(i.USBD_CUSTOM_HID_DeInit)
    USBD_CUSTOM_HID_DeInit                   0x08003979   Thumb Code    54  usbd_customhid.o(i.USBD_CUSTOM_HID_DeInit)
    i.USBD_CUSTOM_HID_EP0_RxReady            0x080039ae   Section        0  usbd_customhid.o(i.USBD_CUSTOM_HID_EP0_RxReady)
    USBD_CUSTOM_HID_EP0_RxReady              0x080039af   Thumb Code    32  usbd_customhid.o(i.USBD_CUSTOM_HID_EP0_RxReady)
    i.USBD_CUSTOM_HID_GetCfgDesc             0x080039d0   Section        0  usbd_customhid.o(i.USBD_CUSTOM_HID_GetCfgDesc)
    USBD_CUSTOM_HID_GetCfgDesc               0x080039d1   Thumb Code    10  usbd_customhid.o(i.USBD_CUSTOM_HID_GetCfgDesc)
    i.USBD_CUSTOM_HID_GetDeviceQualifierDesc 0x080039e0   Section        0  usbd_customhid.o(i.USBD_CUSTOM_HID_GetDeviceQualifierDesc)
    USBD_CUSTOM_HID_GetDeviceQualifierDesc   0x080039e1   Thumb Code    10  usbd_customhid.o(i.USBD_CUSTOM_HID_GetDeviceQualifierDesc)
    i.USBD_CUSTOM_HID_Init                   0x080039f0   Section        0  usbd_customhid.o(i.USBD_CUSTOM_HID_Init)
    USBD_CUSTOM_HID_Init                     0x080039f1   Thumb Code    90  usbd_customhid.o(i.USBD_CUSTOM_HID_Init)
    i.USBD_CUSTOM_HID_RegisterInterface      0x08003a4a   Section        0  usbd_customhid.o(i.USBD_CUSTOM_HID_RegisterInterface)
    i.USBD_CUSTOM_HID_SendReport             0x08003a58   Section        0  usbd_customhid.o(i.USBD_CUSTOM_HID_SendReport)
    i.USBD_CUSTOM_HID_SendReport_FS          0x08003a8c   Section        0  usbd_custom_hid_if.o(i.USBD_CUSTOM_HID_SendReport_FS)
    USBD_CUSTOM_HID_SendReport_FS            0x08003a8d   Thumb Code    20  usbd_custom_hid_if.o(i.USBD_CUSTOM_HID_SendReport_FS)
    i.USBD_CUSTOM_HID_Setup                  0x08003aa4   Section        0  usbd_customhid.o(i.USBD_CUSTOM_HID_Setup)
    USBD_CUSTOM_HID_Setup                    0x08003aa5   Thumb Code   246  usbd_customhid.o(i.USBD_CUSTOM_HID_Setup)
    i.USBD_ClrClassConfig                    0x08003ba0   Section        0  usbd_core.o(i.USBD_ClrClassConfig)
    i.USBD_ClrFeature                        0x08003bb6   Section        0  usbd_ctlreq.o(i.USBD_ClrFeature)
    USBD_ClrFeature                          0x08003bb7   Thumb Code    68  usbd_ctlreq.o(i.USBD_ClrFeature)
    i.USBD_CtlContinueRx                     0x08003bfa   Section        0  usbd_ioreq.o(i.USBD_CtlContinueRx)
    i.USBD_CtlContinueSendData               0x08003c12   Section        0  usbd_ioreq.o(i.USBD_CtlContinueSendData)
    i.USBD_CtlError                          0x08003c2a   Section        0  usbd_ctlreq.o(i.USBD_CtlError)
    i.USBD_CtlPrepareRx                      0x08003c42   Section        0  usbd_ioreq.o(i.USBD_CtlPrepareRx)
    i.USBD_CtlReceiveStatus                  0x08003c6a   Section        0  usbd_ioreq.o(i.USBD_CtlReceiveStatus)
    i.USBD_CtlSendData                       0x08003c84   Section        0  usbd_ioreq.o(i.USBD_CtlSendData)
    i.USBD_CtlSendStatus                     0x08003ca6   Section        0  usbd_ioreq.o(i.USBD_CtlSendStatus)
    i.USBD_FS_ConfigStrDescriptor            0x08003cc0   Section        0  usbd_desc.o(i.USBD_FS_ConfigStrDescriptor)
    i.USBD_FS_DeviceDescriptor               0x08003cfc   Section        0  usbd_desc.o(i.USBD_FS_DeviceDescriptor)
    i.USBD_FS_InterfaceStrDescriptor         0x08003d0c   Section        0  usbd_desc.o(i.USBD_FS_InterfaceStrDescriptor)
    i.USBD_FS_LangIDStrDescriptor            0x08003d4c   Section        0  usbd_desc.o(i.USBD_FS_LangIDStrDescriptor)
    i.USBD_FS_ManufacturerStrDescriptor      0x08003d5c   Section        0  usbd_desc.o(i.USBD_FS_ManufacturerStrDescriptor)
    i.USBD_FS_ProductStrDescriptor           0x08003d7c   Section        0  usbd_desc.o(i.USBD_FS_ProductStrDescriptor)
    i.USBD_FS_SerialStrDescriptor            0x08003db0   Section        0  usbd_desc.o(i.USBD_FS_SerialStrDescriptor)
    i.USBD_GetConfig                         0x08003de8   Section        0  usbd_ctlreq.o(i.USBD_GetConfig)
    USBD_GetConfig                           0x08003de9   Thumb Code    80  usbd_ctlreq.o(i.USBD_GetConfig)
    i.USBD_GetDescriptor                     0x08003e38   Section        0  usbd_ctlreq.o(i.USBD_GetDescriptor)
    USBD_GetDescriptor                       0x08003e39   Thumb Code   336  usbd_ctlreq.o(i.USBD_GetDescriptor)
    i.USBD_GetLen                            0x08003f88   Section        0  usbd_ctlreq.o(i.USBD_GetLen)
    USBD_GetLen                              0x08003f89   Thumb Code    20  usbd_ctlreq.o(i.USBD_GetLen)
    i.USBD_GetStatus                         0x08003f9c   Section        0  usbd_ctlreq.o(i.USBD_GetStatus)
    USBD_GetStatus                           0x08003f9d   Thumb Code    68  usbd_ctlreq.o(i.USBD_GetStatus)
    i.USBD_GetString                         0x08003fe0   Section        0  usbd_ctlreq.o(i.USBD_GetString)
    i.USBD_Init                              0x08004032   Section        0  usbd_core.o(i.USBD_Init)
    i.USBD_LL_ClearStallEP                   0x08004064   Section        0  usbd_conf.o(i.USBD_LL_ClearStallEP)
    i.USBD_LL_CloseEP                        0x080040a8   Section        0  usbd_conf.o(i.USBD_LL_CloseEP)
    i.USBD_LL_DataInStage                    0x080040ec   Section        0  usbd_core.o(i.USBD_LL_DataInStage)
    i.USBD_LL_DataOutStage                   0x080041c6   Section        0  usbd_core.o(i.USBD_LL_DataOutStage)
    i.USBD_LL_Init                           0x0800424c   Section        0  usbd_conf.o(i.USBD_LL_Init)
    i.USBD_LL_IsStallEP                      0x080042dc   Section        0  usbd_conf.o(i.USBD_LL_IsStallEP)
    i.USBD_LL_OpenEP                         0x0800430c   Section        0  usbd_conf.o(i.USBD_LL_OpenEP)
    i.USBD_LL_PrepareReceive                 0x0800436e   Section        0  usbd_conf.o(i.USBD_LL_PrepareReceive)
    i.USBD_LL_Reset                          0x080043d0   Section        0  usbd_core.o(i.USBD_LL_Reset)
    i.USBD_LL_Resume                         0x08004414   Section        0  usbd_core.o(i.USBD_LL_Resume)
    i.USBD_LL_SOF                            0x08004422   Section        0  usbd_core.o(i.USBD_LL_SOF)
    i.USBD_LL_SetSpeed                       0x08004444   Section        0  usbd_core.o(i.USBD_LL_SetSpeed)
    i.USBD_LL_SetUSBAddress                  0x0800444c   Section        0  usbd_conf.o(i.USBD_LL_SetUSBAddress)
    i.USBD_LL_SetupStage                     0x08004490   Section        0  usbd_core.o(i.USBD_LL_SetupStage)
    i.USBD_LL_StallEP                        0x080044fe   Section        0  usbd_conf.o(i.USBD_LL_StallEP)
    i.USBD_LL_Start                          0x08004542   Section        0  usbd_conf.o(i.USBD_LL_Start)
    i.USBD_LL_Suspend                        0x0800457e   Section        0  usbd_core.o(i.USBD_LL_Suspend)
    i.USBD_LL_Transmit                       0x08004592   Section        0  usbd_conf.o(i.USBD_LL_Transmit)
    i.USBD_ParseSetupRequest                 0x080045f4   Section        0  usbd_ctlreq.o(i.USBD_ParseSetupRequest)
    i.USBD_RegisterClass                     0x0800461c   Section        0  usbd_core.o(i.USBD_RegisterClass)
    i.USBD_RunTestMode                       0x0800462c   Section        0  usbd_core.o(i.USBD_RunTestMode)
    i.USBD_SetAddress                        0x08004632   Section        0  usbd_ctlreq.o(i.USBD_SetAddress)
    USBD_SetAddress                          0x08004633   Thumb Code    84  usbd_ctlreq.o(i.USBD_SetAddress)
    i.USBD_SetClassConfig                    0x08004686   Section        0  usbd_core.o(i.USBD_SetClassConfig)
    i.USBD_SetConfig                         0x080046a8   Section        0  usbd_ctlreq.o(i.USBD_SetConfig)
    USBD_SetConfig                           0x080046a9   Thumb Code   218  usbd_ctlreq.o(i.USBD_SetConfig)
    i.USBD_SetFeature                        0x08004788   Section        0  usbd_ctlreq.o(i.USBD_SetFeature)
    USBD_SetFeature                          0x08004789   Thumb Code    36  usbd_ctlreq.o(i.USBD_SetFeature)
    i.USBD_Start                             0x080047ac   Section        0  usbd_core.o(i.USBD_Start)
    i.USBD_StdDevReq                         0x080047ba   Section        0  usbd_ctlreq.o(i.USBD_StdDevReq)
    i.USBD_StdEPReq                          0x0800482c   Section        0  usbd_ctlreq.o(i.USBD_StdEPReq)
    i.USBD_StdItfReq                         0x08004982   Section        0  usbd_ctlreq.o(i.USBD_StdItfReq)
    i.USBD_static_free                       0x080049cc   Section        0  usbd_conf.o(i.USBD_static_free)
    i.USBD_static_malloc                     0x080049d0   Section        0  usbd_conf.o(i.USBD_static_malloc)
    i.USB_ActivateEndpoint                   0x080049dc   Section        0  stm32f1xx_ll_usb.o(i.USB_ActivateEndpoint)
    i.USB_CoreInit                           0x08004d86   Section        0  stm32f1xx_ll_usb.o(i.USB_CoreInit)
    i.USB_DeactivateEndpoint                 0x08004d8e   Section        0  stm32f1xx_ll_usb.o(i.USB_DeactivateEndpoint)
    i.USB_DevConnect                         0x08004fa2   Section        0  stm32f1xx_ll_usb.o(i.USB_DevConnect)
    i.USB_DevDisconnect                      0x08004fa8   Section        0  stm32f1xx_ll_usb.o(i.USB_DevDisconnect)
    i.USB_DevInit                            0x08004fae   Section        0  stm32f1xx_ll_usb.o(i.USB_DevInit)
    i.USB_DisableGlobalInt                   0x08004fcc   Section        0  stm32f1xx_ll_usb.o(i.USB_DisableGlobalInt)
    i.USB_EP0_OutStart                       0x08004fe2   Section        0  stm32f1xx_ll_usb.o(i.USB_EP0_OutStart)
    i.USB_EPClearStall                       0x08004fe8   Section        0  stm32f1xx_ll_usb.o(i.USB_EPClearStall)
    i.USB_EPSetStall                         0x0800509c   Section        0  stm32f1xx_ll_usb.o(i.USB_EPSetStall)
    i.USB_EPStartXfer                        0x08005122   Section        0  stm32f1xx_ll_usb.o(i.USB_EPStartXfer)
    i.USB_EnableGlobalInt                    0x08005454   Section        0  stm32f1xx_ll_usb.o(i.USB_EnableGlobalInt)
    i.USB_LP_CAN1_RX0_IRQHandler             0x0800546c   Section        0  stm32f1xx_it.o(i.USB_LP_CAN1_RX0_IRQHandler)
    i.USB_ReadInterrupts                     0x0800547c   Section        0  stm32f1xx_ll_usb.o(i.USB_ReadInterrupts)
    i.USB_ReadPMA                            0x08005486   Section        0  stm32f1xx_ll_usb.o(i.USB_ReadPMA)
    i.USB_SetCurrentMode                     0x080054ae   Section        0  stm32f1xx_ll_usb.o(i.USB_SetCurrentMode)
    i.USB_SetDevAddress                      0x080054b4   Section        0  stm32f1xx_ll_usb.o(i.USB_SetDevAddress)
    i.USB_WritePMA                           0x080054c2   Section        0  stm32f1xx_ll_usb.o(i.USB_WritePMA)
    i.UsageFault_Handler                     0x08005504   Section        0  stm32f1xx_it.o(i.UsageFault_Handler)
    i._Error_Handler                         0x08005508   Section        0  main.o(i._Error_Handler)
    i.__scatterload_copy                     0x0800550c   Section       14  handlers.o(i.__scatterload_copy)
    i.__scatterload_null                     0x0800551a   Section        2  handlers.o(i.__scatterload_null)
    i.__scatterload_zeroinit                 0x0800551c   Section       14  handlers.o(i.__scatterload_zeroinit)
    i.main                                   0x0800552a   Section        0  main.o(i.main)
    .constdata                               0x08005546   Section       24  system_stm32f1xx.o(.constdata)
    .data                                    0x20000000   Section        4  system_stm32f1xx.o(.data)
    .data                                    0x20000004   Section        9  stm32f1xx_hal.o(.data)
    .data                                    0x20000010   Section       52  usbd_desc.o(.data)
    .data                                    0x20000044   Section        1  usbd_ctlreq.o(.data)
    cfgidx                                   0x20000044   Data           1  usbd_ctlreq.o(.data)
    .data                                    0x20000048   Section      142  usbd_customhid.o(.data)
    USBD_CUSTOM_HID_CfgDesc                  0x20000084   Data          41  usbd_customhid.o(.data)
    USBD_CUSTOM_HID_Desc                     0x200000b0   Data          28  usbd_customhid.o(.data)
    USBD_CUSTOM_HID_DeviceQualifierDesc      0x200000cc   Data          10  usbd_customhid.o(.data)
    .data                                    0x200000d8   Section       52  usbd_custom_hid_if.o(.data)
    CUSTOM_HID_ReportDesc_FS                 0x200000e0   Data          28  usbd_custom_hid_if.o(.data)
    .data                                    0x2000010c   Section        3  common.o(.data)
    .data                                    0x2000010f   Section       18  rc522.o(.data)
    .bss                                     0x20000124   Section      548  usb_device.o(.bss)
    .bss                                     0x20000348   Section      512  usbd_desc.o(.bss)
    .bss                                     0x20000548   Section     1208  usbd_conf.o(.bss)
    mem                                      0x200009a8   Data          88  usbd_conf.o(.bss)
    .bss                                     0x20000a00   Section       96  rc522.o(.bss)
    .bss                                     0x20000a60   Section      216  main.o(.bss)
    STACK                                    0x20000b38   Section     1024  startup_stm32f103xb.o(STACK)

    Global Symbols

    Symbol Name                              Value     Ov Type        Size  Object(Section)

    BuildAttributes$$THM_ISAv4$P$D$K$B$S$PE$A:L22UL41UL21$X:L11$S22US41US21$IEEE1$IW$USESV6$~STKCKD$USESV7$~SHL$OSPACE$EBA8$MICROLIB$REQ8$PRES8$EABIv2 0x00000000   Number         0  anon$$obj.o ABSOLUTE
    __ARM_use_no_argv                        0x00000000   Number         0  main.o ABSOLUTE
    __cpp_initialize__aeabi_                  - Undefined Weak Reference
    __cxa_finalize                            - Undefined Weak Reference
    __decompress                              - Undefined Weak Reference
    _clock_init                               - Undefined Weak Reference
    _microlib_exit                            - Undefined Weak Reference
    __Vectors_Size                           0x000000ec   Number         0  startup_stm32f103xb.o ABSOLUTE
    __Vectors                                0x08000000   Data           4  startup_stm32f103xb.o(RESET)
    __Vectors_End                            0x080000ec   Data           0  startup_stm32f103xb.o(RESET)
    __main                                   0x080000ed   Thumb Code     0  entry.o(.ARM.Collect$$$$00000000)
    _main_stk                                0x080000ed   Thumb Code     0  entry2.o(.ARM.Collect$$$$00000001)
    _main_scatterload                        0x080000f1   Thumb Code     0  entry5.o(.ARM.Collect$$$$00000004)
    __main_after_scatterload                 0x080000f5   Thumb Code     0  entry5.o(.ARM.Collect$$$$00000004)
    _main_clock                              0x080000f5   Thumb Code     0  entry7b.o(.ARM.Collect$$$$00000008)
    _main_cpp_init                           0x080000f5   Thumb Code     0  entry8b.o(.ARM.Collect$$$$0000000A)
    _main_init                               0x080000f5   Thumb Code     0  entry9a.o(.ARM.Collect$$$$0000000B)
    __rt_final_cpp                           0x080000fd   Thumb Code     0  entry10a.o(.ARM.Collect$$$$0000000D)
    __rt_final_exit                          0x080000fd   Thumb Code     0  entry11a.o(.ARM.Collect$$$$0000000F)
    Reset_Handler                            0x08000101   Thumb Code     8  startup_stm32f103xb.o(.text)
    ADC1_2_IRQHandler                        0x0800011b   Thumb Code     0  startup_stm32f103xb.o(.text)
    CAN1_RX1_IRQHandler                      0x0800011b   Thumb Code     0  startup_stm32f103xb.o(.text)
    CAN1_SCE_IRQHandler                      0x0800011b   Thumb Code     0  startup_stm32f103xb.o(.text)
    DMA1_Channel1_IRQHandler                 0x0800011b   Thumb Code     0  startup_stm32f103xb.o(.text)
    DMA1_Channel2_IRQHandler                 0x0800011b   Thumb Code     0  startup_stm32f103xb.o(.text)
    DMA1_Channel3_IRQHandler                 0x0800011b   Thumb Code     0  startup_stm32f103xb.o(.text)
    DMA1_Channel4_IRQHandler                 0x0800011b   Thumb Code     0  startup_stm32f103xb.o(.text)
    DMA1_Channel5_IRQHandler                 0x0800011b   Thumb Code     0  startup_stm32f103xb.o(.text)
    DMA1_Channel6_IRQHandler                 0x0800011b   Thumb Code     0  startup_stm32f103xb.o(.text)
    DMA1_Channel7_IRQHandler                 0x0800011b   Thumb Code     0  startup_stm32f103xb.o(.text)
    EXTI0_IRQHandler                         0x0800011b   Thumb Code     0  startup_stm32f103xb.o(.text)
    EXTI15_10_IRQHandler                     0x0800011b   Thumb Code     0  startup_stm32f103xb.o(.text)
    EXTI1_IRQHandler                         0x0800011b   Thumb Code     0  startup_stm32f103xb.o(.text)
    EXTI2_IRQHandler                         0x0800011b   Thumb Code     0  startup_stm32f103xb.o(.text)
    EXTI3_IRQHandler                         0x0800011b   Thumb Code     0  startup_stm32f103xb.o(.text)
    EXTI4_IRQHandler                         0x0800011b   Thumb Code     0  startup_stm32f103xb.o(.text)
    EXTI9_5_IRQHandler                       0x0800011b   Thumb Code     0  startup_stm32f103xb.o(.text)
    FLASH_IRQHandler                         0x0800011b   Thumb Code     0  startup_stm32f103xb.o(.text)
    I2C1_ER_IRQHandler                       0x0800011b   Thumb Code     0  startup_stm32f103xb.o(.text)
    I2C1_EV_IRQHandler                       0x0800011b   Thumb Code     0  startup_stm32f103xb.o(.text)
    I2C2_ER_IRQHandler                       0x0800011b   Thumb Code     0  startup_stm32f103xb.o(.text)
    I2C2_EV_IRQHandler                       0x0800011b   Thumb Code     0  startup_stm32f103xb.o(.text)
    PVD_IRQHandler                           0x0800011b   Thumb Code     0  startup_stm32f103xb.o(.text)
    RCC_IRQHandler                           0x0800011b   Thumb Code     0  startup_stm32f103xb.o(.text)
    RTC_Alarm_IRQHandler                     0x0800011b   Thumb Code     0  startup_stm32f103xb.o(.text)
    RTC_IRQHandler                           0x0800011b   Thumb Code     0  startup_stm32f103xb.o(.text)
    SPI1_IRQHandler                          0x0800011b   Thumb Code     0  startup_stm32f103xb.o(.text)
    SPI2_IRQHandler                          0x0800011b   Thumb Code     0  startup_stm32f103xb.o(.text)
    TAMPER_IRQHandler                        0x0800011b   Thumb Code     0  startup_stm32f103xb.o(.text)
    TIM1_BRK_IRQHandler                      0x0800011b   Thumb Code     0  startup_stm32f103xb.o(.text)
    TIM1_CC_IRQHandler                       0x0800011b   Thumb Code     0  startup_stm32f103xb.o(.text)
    TIM1_TRG_COM_IRQHandler                  0x0800011b   Thumb Code     0  startup_stm32f103xb.o(.text)
    TIM1_UP_IRQHandler                       0x0800011b   Thumb Code     0  startup_stm32f103xb.o(.text)
    TIM2_IRQHandler                          0x0800011b   Thumb Code     0  startup_stm32f103xb.o(.text)
    TIM3_IRQHandler                          0x0800011b   Thumb Code     0  startup_stm32f103xb.o(.text)
    TIM4_IRQHandler                          0x0800011b   Thumb Code     0  startup_stm32f103xb.o(.text)
    USART1_IRQHandler                        0x0800011b   Thumb Code     0  startup_stm32f103xb.o(.text)
    USART2_IRQHandler                        0x0800011b   Thumb Code     0  startup_stm32f103xb.o(.text)
    USART3_IRQHandler                        0x0800011b   Thumb Code     0  startup_stm32f103xb.o(.text)
    USBWakeUp_IRQHandler                     0x0800011b   Thumb Code     0  startup_stm32f103xb.o(.text)
    USB_HP_CAN1_TX_IRQHandler                0x0800011b   Thumb Code     0  startup_stm32f103xb.o(.text)
    WWDG_IRQHandler                          0x0800011b   Thumb Code     0  startup_stm32f103xb.o(.text)
    __aeabi_memcpy                           0x08000125   Thumb Code    36  memcpya.o(.text)
    __aeabi_memcpy4                          0x08000125   Thumb Code     0  memcpya.o(.text)
    __aeabi_memcpy8                          0x08000125   Thumb Code     0  memcpya.o(.text)
    __scatterload                            0x08000149   Thumb Code    28  init.o(.text)
    __scatterload_rt2                        0x08000149   Thumb Code     0  init.o(.text)
    BusFault_Handler                         0x0800016d   Thumb Code     4  stm32f1xx_it.o(i.BusFault_Handler)
    CardDataFail                             0x08000b15   Thumb Code   100  usbd_custom_hid_if.o(i.CardDataFail)
    CardDataSucceed                          0x08000b89   Thumb Code    82  usbd_custom_hid_if.o(i.CardDataSucceed)
    ClearBuffer                              0x08000be5   Thumb Code    36  common.o(i.ClearBuffer)
    CopyCardData                             0x08000c0d   Thumb Code   526  usbd_custom_hid_if.o(i.CopyCardData)
    DebugMon_Handler                         0x08000e2d   Thumb Code     2  stm32f1xx_it.o(i.DebugMon_Handler)
    HAL_Delay                                0x08000e31   Thumb Code    36  stm32f1xx_hal.o(i.HAL_Delay)
    HAL_GPIO_Init                            0x08000e59   Thumb Code   764  stm32f1xx_hal_gpio.o(i.HAL_GPIO_Init)
    HAL_GPIO_TogglePin                       0x08001175   Thumb Code     8  stm32f1xx_hal_gpio.o(i.HAL_GPIO_TogglePin)
    HAL_GPIO_WritePin                        0x0800117d   Thumb Code    12  stm32f1xx_hal_gpio.o(i.HAL_GPIO_WritePin)
    HAL_GetTick                              0x08001189   Thumb Code     6  stm32f1xx_hal.o(i.HAL_GetTick)
    HAL_IncTick                              0x08001195   Thumb Code    16  stm32f1xx_hal.o(i.HAL_IncTick)
    HAL_Init                                 0x080011ad   Thumb Code    34  stm32f1xx_hal.o(i.HAL_Init)
    HAL_InitTick                             0x080011d5   Thumb Code    64  stm32f1xx_hal.o(i.HAL_InitTick)
    HAL_MspInit                              0x08001221   Thumb Code   132  stm32f1xx_hal_msp.o(i.HAL_MspInit)
    HAL_NVIC_EnableIRQ                       0x080012ad   Thumb Code    26  stm32f1xx_hal_cortex.o(i.HAL_NVIC_EnableIRQ)
    HAL_NVIC_SetPriority                     0x080012c7   Thumb Code   124  stm32f1xx_hal_cortex.o(i.HAL_NVIC_SetPriority)
    HAL_NVIC_SetPriorityGrouping             0x08001345   Thumb Code    32  stm32f1xx_hal_cortex.o(i.HAL_NVIC_SetPriorityGrouping)
    HAL_PCDEx_PMAConfig                      0x0800136d   Thumb Code    62  stm32f1xx_hal_pcd_ex.o(i.HAL_PCDEx_PMAConfig)
    HAL_PCDEx_SetConnectionState             0x080013ab   Thumb Code     2  usbd_conf.o(i.HAL_PCDEx_SetConnectionState)
    HAL_PCD_DataInStageCallback              0x080013ad   Thumb Code    28  usbd_conf.o(i.HAL_PCD_DataInStageCallback)
    HAL_PCD_DataOutStageCallback             0x080013c9   Thumb Code    28  usbd_conf.o(i.HAL_PCD_DataOutStageCallback)
    HAL_PCD_EP_Close                         0x080013e5   Thumb Code   100  stm32f1xx_hal_pcd.o(i.HAL_PCD_EP_Close)
    HAL_PCD_EP_ClrStall                      0x08001449   Thumb Code    98  stm32f1xx_hal_pcd.o(i.HAL_PCD_EP_ClrStall)
    HAL_PCD_EP_Open                          0x080014ab   Thumb Code   118  stm32f1xx_hal_pcd.o(i.HAL_PCD_EP_Open)
    HAL_PCD_EP_Receive                       0x08001521   Thumb Code    74  stm32f1xx_hal_pcd.o(i.HAL_PCD_EP_Receive)
    HAL_PCD_EP_SetStall                      0x0800156b   Thumb Code   114  stm32f1xx_hal_pcd.o(i.HAL_PCD_EP_SetStall)
    HAL_PCD_EP_Transmit                      0x080015dd   Thumb Code    76  stm32f1xx_hal_pcd.o(i.HAL_PCD_EP_Transmit)
    HAL_PCD_IRQHandler                       0x08001629   Thumb Code   360  stm32f1xx_hal_pcd.o(i.HAL_PCD_IRQHandler)
    HAL_PCD_Init                             0x08001791   Thumb Code   282  stm32f1xx_hal_pcd.o(i.HAL_PCD_Init)
    HAL_PCD_MspInit                          0x080018ad   Thumb Code    58  usbd_conf.o(i.HAL_PCD_MspInit)
    HAL_PCD_ResetCallback                    0x080018f1   Thumb Code    42  usbd_conf.o(i.HAL_PCD_ResetCallback)
    HAL_PCD_ResumeCallback                   0x0800191b   Thumb Code    14  usbd_conf.o(i.HAL_PCD_ResumeCallback)
    HAL_PCD_SOFCallback                      0x08001929   Thumb Code    14  usbd_conf.o(i.HAL_PCD_SOFCallback)
    HAL_PCD_SetAddress                       0x08001937   Thumb Code    54  stm32f1xx_hal_pcd.o(i.HAL_PCD_SetAddress)
    HAL_PCD_SetupStageCallback               0x0800196d   Thumb Code    18  usbd_conf.o(i.HAL_PCD_SetupStageCallback)
    HAL_PCD_Start                            0x0800197f   Thumb Code    60  stm32f1xx_hal_pcd.o(i.HAL_PCD_Start)
    HAL_PCD_SuspendCallback                  0x080019bd   Thumb Code    30  usbd_conf.o(i.HAL_PCD_SuspendCallback)
    HAL_RCCEx_PeriphCLKConfig                0x080019e1   Thumb Code   290  stm32f1xx_hal_rcc_ex.o(i.HAL_RCCEx_PeriphCLKConfig)
    HAL_RCC_ClockConfig                      0x08001b11   Thumb Code   402  stm32f1xx_hal_rcc.o(i.HAL_RCC_ClockConfig)
    HAL_RCC_GetHCLKFreq                      0x08001cb5   Thumb Code     6  stm32f1xx_hal_rcc.o(i.HAL_RCC_GetHCLKFreq)
    HAL_RCC_GetSysClockFreq                  0x08001cc1   Thumb Code   116  stm32f1xx_hal_rcc.o(i.HAL_RCC_GetSysClockFreq)
    HAL_RCC_OscConfig                        0x08001d55   Thumb Code  1078  stm32f1xx_hal_rcc.o(i.HAL_RCC_OscConfig)
    HAL_SPI_Init                             0x08002195   Thumb Code   134  stm32f1xx_hal_spi_ex.o(i.HAL_SPI_Init)
    HAL_SPI_MspInit                          0x0800221d   Thumb Code    84  stm32f1xx_hal_msp.o(i.HAL_SPI_MspInit)
    HAL_SPI_Transmit                         0x0800227d   Thumb Code   422  stm32f1xx_hal_spi.o(i.HAL_SPI_Transmit)
    HAL_SPI_TransmitReceive                  0x08002423   Thumb Code   542  stm32f1xx_hal_spi.o(i.HAL_SPI_TransmitReceive)
    HAL_SYSTICK_CLKSourceConfig              0x08002641   Thumb Code    40  stm32f1xx_hal_cortex.o(i.HAL_SYSTICK_CLKSourceConfig)
    HAL_SYSTICK_Callback                     0x08002669   Thumb Code     2  stm32f1xx_hal_cortex.o(i.HAL_SYSTICK_Callback)
    HAL_SYSTICK_Config                       0x0800266b   Thumb Code    52  stm32f1xx_hal_cortex.o(i.HAL_SYSTICK_Config)
    HAL_SYSTICK_IRQHandler                   0x0800269f   Thumb Code     8  stm32f1xx_hal_cortex.o(i.HAL_SYSTICK_IRQHandler)
    HardFault_Handler                        0x080026a7   Thumb Code     4  stm32f1xx_it.o(i.HardFault_Handler)
    Int2StrSized                             0x080026ad   Thumb Code    94  common.o(i.Int2StrSized)
    MX_USB_DEVICE_Init                       0x080027dd   Thumb Code    36  usb_device.o(i.MX_USB_DEVICE_Init)
    MemManage_Handler                        0x08002811   Thumb Code     4  stm32f1xx_it.o(i.MemManage_Handler)
    NMI_Handler                              0x08002815   Thumb Code     2  stm32f1xx_it.o(i.NMI_Handler)
    PendSV_Handler                           0x08002c95   Thumb Code     2  stm32f1xx_it.o(i.PendSV_Handler)
    RC522_AntennaOn                          0x08002c97   Thumb Code    26  rc522.o(i.RC522_AntennaOn)
    RC522_Anticoll                           0x08002cb1   Thumb Code    74  rc522.o(i.RC522_Anticoll)
    RC522_Auth                               0x08002cfb   Thumb Code   118  rc522.o(i.RC522_Auth)
    RC522_CalculateCRC                       0x08002d71   Thumb Code   100  rc522.o(i.RC522_CalculateCRC)
    RC522_Check                              0x08002dd5   Thumb Code    38  rc522.o(i.RC522_Check)
    RC522_ClearBitMask                       0x08002dfb   Thumb Code    26  rc522.o(i.RC522_ClearBitMask)
    RC522_ClearData                          0x08002e15   Thumb Code    46  rc522.o(i.RC522_ClearData)
    RC522_Halt                               0x08002e4d   Thumb Code    44  rc522.o(i.RC522_Halt)
    RC522_Init                               0x08002e79   Thumb Code   116  rc522.o(i.RC522_Init)
    RC522_Read                               0x08002ef5   Thumb Code    58  rc522.o(i.RC522_Read)
    RC522_ReadCard                           0x08002f31   Thumb Code   138  rc522.o(i.RC522_ReadCard)
    RC522_ReadRegister                       0x08002fd1   Thumb Code    62  rc522.o(i.RC522_ReadRegister)
    RC522_Request                            0x08003021   Thumb Code    48  rc522.o(i.RC522_Request)
    RC522_Reset                              0x08003051   Thumb Code    52  rc522.o(i.RC522_Reset)
    RC522_SelectTag                          0x08003085   Thumb Code    78  rc522.o(i.RC522_SelectTag)
    RC522_Service                            0x080030d5   Thumb Code   120  rc522.o(i.RC522_Service)
    RC522_SetBitMask                         0x08003155   Thumb Code    26  rc522.o(i.RC522_SetBitMask)
    RC522_ToCard                             0x0800316f   Thumb Code   288  rc522.o(i.RC522_ToCard)
    RC522_Write                              0x0800328f   Thumb Code   146  rc522.o(i.RC522_Write)
    RC522_WriteCard                          0x08003321   Thumb Code   144  rc522.o(i.RC522_WriteCard)
    RC522_WriteRegister                      0x080033c5   Thumb Code    52  rc522.o(i.RC522_WriteRegister)
    ReadHotelCard                            0x0800342d   Thumb Code   700  usbd_custom_hid_if.o(i.ReadHotelCard)
    SVC_Handler                              0x080037df   Thumb Code     2  stm32f1xx_it.o(i.SVC_Handler)
    Str2IntSized                             0x080037e1   Thumb Code    58  common.o(i.Str2IntSized)
    SysTick_Handler                          0x0800381b   Thumb Code    12  stm32f1xx_it.o(i.SysTick_Handler)
    SystemClock_Config                       0x08003829   Thumb Code   152  main.o(i.SystemClock_Config)
    SystemInit                               0x080038d1   Thumb Code    70  system_stm32f1xx.o(i.SystemInit)
    USBD_CUSTOM_HID_RegisterInterface        0x08003a4b   Thumb Code    14  usbd_customhid.o(i.USBD_CUSTOM_HID_RegisterInterface)
    USBD_CUSTOM_HID_SendReport               0x08003a59   Thumb Code    52  usbd_customhid.o(i.USBD_CUSTOM_HID_SendReport)
    USBD_ClrClassConfig                      0x08003ba1   Thumb Code    22  usbd_core.o(i.USBD_ClrClassConfig)
    USBD_CtlContinueRx                       0x08003bfb   Thumb Code    24  usbd_ioreq.o(i.USBD_CtlContinueRx)
    USBD_CtlContinueSendData                 0x08003c13   Thumb Code    24  usbd_ioreq.o(i.USBD_CtlContinueSendData)
    USBD_CtlError                            0x08003c2b   Thumb Code    24  usbd_ctlreq.o(i.USBD_CtlError)
    USBD_CtlPrepareRx                        0x08003c43   Thumb Code    40  usbd_ioreq.o(i.USBD_CtlPrepareRx)
    USBD_CtlReceiveStatus                    0x08003c6b   Thumb Code    26  usbd_ioreq.o(i.USBD_CtlReceiveStatus)
    USBD_CtlSendData                         0x08003c85   Thumb Code    34  usbd_ioreq.o(i.USBD_CtlSendData)
    USBD_CtlSendStatus                       0x08003ca7   Thumb Code    26  usbd_ioreq.o(i.USBD_CtlSendStatus)
    USBD_FS_ConfigStrDescriptor              0x08003cc1   Thumb Code    34  usbd_desc.o(i.USBD_FS_ConfigStrDescriptor)
    USBD_FS_DeviceDescriptor                 0x08003cfd   Thumb Code    10  usbd_desc.o(i.USBD_FS_DeviceDescriptor)
    USBD_FS_InterfaceStrDescriptor           0x08003d0d   Thumb Code    34  usbd_desc.o(i.USBD_FS_InterfaceStrDescriptor)
    USBD_FS_LangIDStrDescriptor              0x08003d4d   Thumb Code    10  usbd_desc.o(i.USBD_FS_LangIDStrDescriptor)
    USBD_FS_ManufacturerStrDescriptor        0x08003d5d   Thumb Code    20  usbd_desc.o(i.USBD_FS_ManufacturerStrDescriptor)
    USBD_FS_ProductStrDescriptor             0x08003d7d   Thumb Code    34  usbd_desc.o(i.USBD_FS_ProductStrDescriptor)
    USBD_FS_SerialStrDescriptor              0x08003db1   Thumb Code    34  usbd_desc.o(i.USBD_FS_SerialStrDescriptor)
    USBD_GetString                           0x08003fe1   Thumb Code    82  usbd_ctlreq.o(i.USBD_GetString)
    USBD_Init                                0x08004033   Thumb Code    50  usbd_core.o(i.USBD_Init)
    USBD_LL_ClearStallEP                     0x08004065   Thumb Code    68  usbd_conf.o(i.USBD_LL_ClearStallEP)
    USBD_LL_CloseEP                          0x080040a9   Thumb Code    68  usbd_conf.o(i.USBD_LL_CloseEP)
    USBD_LL_DataInStage                      0x080040ed   Thumb Code   218  usbd_core.o(i.USBD_LL_DataInStage)
    USBD_LL_DataOutStage                     0x080041c7   Thumb Code   134  usbd_core.o(i.USBD_LL_DataOutStage)
    USBD_LL_Init                             0x0800424d   Thumb Code   116  usbd_conf.o(i.USBD_LL_Init)
    USBD_LL_IsStallEP                        0x080042dd   Thumb Code    48  usbd_conf.o(i.USBD_LL_IsStallEP)
    USBD_LL_OpenEP                           0x0800430d   Thumb Code    98  usbd_conf.o(i.USBD_LL_OpenEP)
    USBD_LL_PrepareReceive                   0x0800436f   Thumb Code    98  usbd_conf.o(i.USBD_LL_PrepareReceive)
    USBD_LL_Reset                            0x080043d1   Thumb Code    68  usbd_core.o(i.USBD_LL_Reset)
    USBD_LL_Resume                           0x08004415   Thumb Code    14  usbd_core.o(i.USBD_LL_Resume)
    USBD_LL_SOF                              0x08004423   Thumb Code    34  usbd_core.o(i.USBD_LL_SOF)
    USBD_LL_SetSpeed                         0x08004445   Thumb Code     8  usbd_core.o(i.USBD_LL_SetSpeed)
    USBD_LL_SetUSBAddress                    0x0800444d   Thumb Code    68  usbd_conf.o(i.USBD_LL_SetUSBAddress)
    USBD_LL_SetupStage                       0x08004491   Thumb Code   110  usbd_core.o(i.USBD_LL_SetupStage)
    USBD_LL_StallEP                          0x080044ff   Thumb Code    68  usbd_conf.o(i.USBD_LL_StallEP)
    USBD_LL_Start                            0x08004543   Thumb Code    60  usbd_conf.o(i.USBD_LL_Start)
    USBD_LL_Suspend                          0x0800457f   Thumb Code    20  usbd_core.o(i.USBD_LL_Suspend)
    USBD_LL_Transmit                         0x08004593   Thumb Code    98  usbd_conf.o(i.USBD_LL_Transmit)
    USBD_ParseSetupRequest                   0x080045f5   Thumb Code    40  usbd_ctlreq.o(i.USBD_ParseSetupRequest)
    USBD_RegisterClass                       0x0800461d   Thumb Code    16  usbd_core.o(i.USBD_RegisterClass)
    USBD_RunTestMode                         0x0800462d   Thumb Code     6  usbd_core.o(i.USBD_RunTestMode)
    USBD_SetClassConfig                      0x08004687   Thumb Code    34  usbd_core.o(i.USBD_SetClassConfig)
    USBD_Start                               0x080047ad   Thumb Code    14  usbd_core.o(i.USBD_Start)
    USBD_StdDevReq                           0x080047bb   Thumb Code   114  usbd_ctlreq.o(i.USBD_StdDevReq)
    USBD_StdEPReq                            0x0800482d   Thumb Code   342  usbd_ctlreq.o(i.USBD_StdEPReq)
    USBD_StdItfReq                           0x08004983   Thumb Code    74  usbd_ctlreq.o(i.USBD_StdItfReq)
    USBD_static_free                         0x080049cd   Thumb Code     2  usbd_conf.o(i.USBD_static_free)
    USBD_static_malloc                       0x080049d1   Thumb Code     6  usbd_conf.o(i.USBD_static_malloc)
    USB_ActivateEndpoint                     0x080049dd   Thumb Code   938  stm32f1xx_ll_usb.o(i.USB_ActivateEndpoint)
    USB_CoreInit                             0x08004d87   Thumb Code     8  stm32f1xx_ll_usb.o(i.USB_CoreInit)
    USB_DeactivateEndpoint                   0x08004d8f   Thumb Code   532  stm32f1xx_ll_usb.o(i.USB_DeactivateEndpoint)
    USB_DevConnect                           0x08004fa3   Thumb Code     6  stm32f1xx_ll_usb.o(i.USB_DevConnect)
    USB_DevDisconnect                        0x08004fa9   Thumb Code     6  stm32f1xx_ll_usb.o(i.USB_DevDisconnect)
    USB_DevInit                              0x08004faf   Thumb Code    30  stm32f1xx_ll_usb.o(i.USB_DevInit)
    USB_DisableGlobalInt                     0x08004fcd   Thumb Code    22  stm32f1xx_ll_usb.o(i.USB_DisableGlobalInt)
    USB_EP0_OutStart                         0x08004fe3   Thumb Code     6  stm32f1xx_ll_usb.o(i.USB_EP0_OutStart)
    USB_EPClearStall                         0x08004fe9   Thumb Code   180  stm32f1xx_ll_usb.o(i.USB_EPClearStall)
    USB_EPSetStall                           0x0800509d   Thumb Code   134  stm32f1xx_ll_usb.o(i.USB_EPSetStall)
    USB_EPStartXfer                          0x08005123   Thumb Code   818  stm32f1xx_ll_usb.o(i.USB_EPStartXfer)
    USB_EnableGlobalInt                      0x08005455   Thumb Code    22  stm32f1xx_ll_usb.o(i.USB_EnableGlobalInt)
    USB_LP_CAN1_RX0_IRQHandler               0x0800546d   Thumb Code    10  stm32f1xx_it.o(i.USB_LP_CAN1_RX0_IRQHandler)
    USB_ReadInterrupts                       0x0800547d   Thumb Code    10  stm32f1xx_ll_usb.o(i.USB_ReadInterrupts)
    USB_ReadPMA                              0x08005487   Thumb Code    40  stm32f1xx_ll_usb.o(i.USB_ReadPMA)
    USB_SetCurrentMode                       0x080054af   Thumb Code     6  stm32f1xx_ll_usb.o(i.USB_SetCurrentMode)
    USB_SetDevAddress                        0x080054b5   Thumb Code    14  stm32f1xx_ll_usb.o(i.USB_SetDevAddress)
    USB_WritePMA                             0x080054c3   Thumb Code    66  stm32f1xx_ll_usb.o(i.USB_WritePMA)
    UsageFault_Handler                       0x08005505   Thumb Code     4  stm32f1xx_it.o(i.UsageFault_Handler)
    _Error_Handler                           0x08005509   Thumb Code     4  main.o(i._Error_Handler)
    __scatterload_copy                       0x0800550d   Thumb Code    14  handlers.o(i.__scatterload_copy)
    __scatterload_null                       0x0800551b   Thumb Code     2  handlers.o(i.__scatterload_null)
    __scatterload_zeroinit                   0x0800551d   Thumb Code    14  handlers.o(i.__scatterload_zeroinit)
    main                                     0x0800552b   Thumb Code    28  main.o(i.main)
    AHBPrescTable                            0x08005546   Data          16  system_stm32f1xx.o(.constdata)
    APBPrescTable                            0x08005556   Data           8  system_stm32f1xx.o(.constdata)
    Region$$Table$$Base                      0x08005560   Number         0  anon$$obj.o(Region$$Table)
    Region$$Table$$Limit                     0x08005580   Number         0  anon$$obj.o(Region$$Table)
    SystemCoreClock                          0x20000000   Data           4  system_stm32f1xx.o(.data)
    uwTick                                   0x20000004   Data           4  stm32f1xx_hal.o(.data)
    uwTickPrio                               0x20000008   Data           4  stm32f1xx_hal.o(.data)
    uwTickFreq                               0x2000000c   Data           1  stm32f1xx_hal.o(.data)
    FS_Desc                                  0x20000010   Data          28  usbd_desc.o(.data)
    USBD_FS_DeviceDesc                       0x2000002c   Data          18  usbd_desc.o(.data)
    USBD_LangIDDesc                          0x20000040   Data           4  usbd_desc.o(.data)
    USBD_CUSTOM_HID                          0x20000048   Data          60  usbd_customhid.o(.data)
    cmd_cnt                                  0x200000d8   Data           1  usbd_custom_hid_if.o(.data)
    led_gn_cnt                               0x200000d9   Data           1  usbd_custom_hid_if.o(.data)
    led_rd_cnt                               0x200000da   Data           1  usbd_custom_hid_if.o(.data)
    buzz_cnt                                 0x200000db   Data           1  usbd_custom_hid_if.o(.data)
    address                                  0x200000dc   Data           4  usbd_custom_hid_if.o(.data)
    USBD_CustomHID_fops_FS                   0x200000fc   Data          16  usbd_custom_hid_if.o(.data)
    calc                                     0x2000010c   Data           2  common.o(.data)
    res                                      0x2000010e   Data           1  common.o(.data)
    aMifareKeyA                              0x2000010f   Data           6  rc522.o(.data)
    aCardID                                  0x20000115   Data           5  rc522.o(.data)
    aCardSerial                              0x2000011a   Data           5  rc522.o(.data)
    rc522_sector                             0x2000011f   Data           1  rc522.o(.data)
    rc522_command                            0x20000120   Data           1  rc522.o(.data)
    hUsbDeviceFS                             0x20000124   Data         548  usb_device.o(.bss)
    USBD_StrDesc                             0x20000348   Data         512  usbd_desc.o(.bss)
    hpcd_USB_FS                              0x20000548   Data        1120  usbd_conf.o(.bss)
    rc522_rx_buf                             0x20000a00   Data          16  rc522.o(.bss)
    rc522_tx_buf                             0x20000a10   Data          16  rc522.o(.bss)
    str                                      0x20000a20   Data          16  rc522.o(.bss)
    Sector                                   0x20000a30   Data          48  rc522.o(.bss)
    hspi1                                    0x20000a60   Data          88  main.o(.bss)
    rx_buf                                   0x20000ab8   Data          64  main.o(.bss)
    tx_buf                                   0x20000af8   Data          64  main.o(.bss)
    __initial_sp                             0x20000f38   Data           0  startup_stm32f103xb.o(STACK)



==============================================================================

Memory Map of the image

  Image Entry point : 0x080000ed

  Load Region LR_IROM1 (Base: 0x08000000, Size: 0x000056a4, Max: 0x00010000, ABSOLUTE)

    Execution Region ER_IROM1 (Exec base: 0x08000000, Load base: 0x08000000, Size: 0x00005580, Max: 0x00010000, ABSOLUTE)

    Exec Addr    Load Addr    Size         Type   Attr      Idx    E Section Name        Object

    0x08000000   0x08000000   0x000000ec   Data   RO         2612    RESET               startup_stm32f103xb.o
    0x080000ec   0x080000ec   0x00000000   Code   RO         3134  * .ARM.Collect$$$$00000000  mc_w.l(entry.o)
    0x080000ec   0x080000ec   0x00000004   Code   RO         3145    .ARM.Collect$$$$00000001  mc_w.l(entry2.o)
    0x080000f0   0x080000f0   0x00000004   Code   RO         3148    .ARM.Collect$$$$00000004  mc_w.l(entry5.o)
    0x080000f4   0x080000f4   0x00000000   Code   RO         3150    .ARM.Collect$$$$00000008  mc_w.l(entry7b.o)
    0x080000f4   0x080000f4   0x00000000   Code   RO         3152    .ARM.Collect$$$$0000000A  mc_w.l(entry8b.o)
    0x080000f4   0x080000f4   0x00000008   Code   RO         3153    .ARM.Collect$$$$0000000B  mc_w.l(entry9a.o)
    0x080000fc   0x080000fc   0x00000000   Code   RO         3155    .ARM.Collect$$$$0000000D  mc_w.l(entry10a.o)
    0x080000fc   0x080000fc   0x00000000   Code   RO         3157    .ARM.Collect$$$$0000000F  mc_w.l(entry11a.o)
    0x080000fc   0x080000fc   0x00000004   Code   RO         3146    .ARM.Collect$$$$00002712  mc_w.l(entry2.o)
    0x08000100   0x08000100   0x00000024   Code   RO         2613    .text               startup_stm32f103xb.o
    0x08000124   0x08000124   0x00000024   Code   RO         3141    .text               mc_w.l(memcpya.o)
    0x08000148   0x08000148   0x00000024   Code   RO         3161    .text               mc_w.l(init.o)
    0x0800016c   0x0800016c   0x00000004   Code   RO         2732    i.BusFault_Handler  stm32f1xx_it.o
    0x08000170   0x08000170   0x00000004   Code   RO         2620    i.CUSTOM_HID_DeInit_FS  usbd_custom_hid_if.o
    0x08000174   0x08000174   0x00000004   Code   RO         2621    i.CUSTOM_HID_Init_FS  usbd_custom_hid_if.o
    0x08000178   0x08000178   0x0000099c   Code   RO         2622    i.CUSTOM_HID_OutEvent_FS  usbd_custom_hid_if.o
    0x08000b14   0x08000b14   0x00000074   Code   RO         2623    i.CardDataFail      usbd_custom_hid_if.o
    0x08000b88   0x08000b88   0x0000005c   Code   RO         2624    i.CardDataSucceed   usbd_custom_hid_if.o
    0x08000be4   0x08000be4   0x00000028   Code   RO         2817    i.ClearBuffer       common.o
    0x08000c0c   0x08000c0c   0x00000220   Code   RO         2625    i.CopyCardData      usbd_custom_hid_if.o
    0x08000e2c   0x08000e2c   0x00000002   Code   RO         2733    i.DebugMon_Handler  stm32f1xx_it.o
    0x08000e2e   0x08000e2e   0x00000002   PAD
    0x08000e30   0x08000e30   0x00000028   Code   RO         1002    i.HAL_Delay         stm32f1xx_hal.o
    0x08000e58   0x08000e58   0x0000031c   Code   RO          704    i.HAL_GPIO_Init     stm32f1xx_hal_gpio.o
    0x08001174   0x08001174   0x00000008   Code   RO          707    i.HAL_GPIO_TogglePin  stm32f1xx_hal_gpio.o
    0x0800117c   0x0800117c   0x0000000c   Code   RO          708    i.HAL_GPIO_WritePin  stm32f1xx_hal_gpio.o
    0x08001188   0x08001188   0x0000000c   Code   RO         1006    i.HAL_GetTick       stm32f1xx_hal.o
    0x08001194   0x08001194   0x00000018   Code   RO         1010    i.HAL_IncTick       stm32f1xx_hal.o
    0x080011ac   0x080011ac   0x00000028   Code   RO         1011    i.HAL_Init          stm32f1xx_hal.o
    0x080011d4   0x080011d4   0x0000004c   Code   RO         1012    i.HAL_InitTick      stm32f1xx_hal.o
    0x08001220   0x08001220   0x0000008c   Code   RO         2696    i.HAL_MspInit       stm32f1xx_hal_msp.o
    0x080012ac   0x080012ac   0x0000001a   Code   RO         1299    i.HAL_NVIC_EnableIRQ  stm32f1xx_hal_cortex.o
    0x080012c6   0x080012c6   0x0000007c   Code   RO         1305    i.HAL_NVIC_SetPriority  stm32f1xx_hal_cortex.o
    0x08001342   0x08001342   0x00000002   PAD
    0x08001344   0x08001344   0x00000028   Code   RO         1306    i.HAL_NVIC_SetPriorityGrouping  stm32f1xx_hal_cortex.o
    0x0800136c   0x0800136c   0x0000003e   Code   RO         1778    i.HAL_PCDEx_PMAConfig  stm32f1xx_hal_pcd_ex.o
    0x080013aa   0x080013aa   0x00000002   Code   RO         2036    i.HAL_PCDEx_SetConnectionState  usbd_conf.o
    0x080013ac   0x080013ac   0x0000001c   Code   RO         2038    i.HAL_PCD_DataInStageCallback  usbd_conf.o
    0x080013c8   0x080013c8   0x0000001c   Code   RO         2039    i.HAL_PCD_DataOutStageCallback  usbd_conf.o
    0x080013e4   0x080013e4   0x00000064   Code   RO          495    i.HAL_PCD_EP_Close  stm32f1xx_hal_pcd.o
    0x08001448   0x08001448   0x00000062   Code   RO          496    i.HAL_PCD_EP_ClrStall  stm32f1xx_hal_pcd.o
    0x080014aa   0x080014aa   0x00000076   Code   RO          499    i.HAL_PCD_EP_Open   stm32f1xx_hal_pcd.o
    0x08001520   0x08001520   0x0000004a   Code   RO          500    i.HAL_PCD_EP_Receive  stm32f1xx_hal_pcd.o
    0x0800156a   0x0800156a   0x00000072   Code   RO          501    i.HAL_PCD_EP_SetStall  stm32f1xx_hal_pcd.o
    0x080015dc   0x080015dc   0x0000004c   Code   RO          502    i.HAL_PCD_EP_Transmit  stm32f1xx_hal_pcd.o
    0x08001628   0x08001628   0x00000168   Code   RO          504    i.HAL_PCD_IRQHandler  stm32f1xx_hal_pcd.o
    0x08001790   0x08001790   0x0000011a   Code   RO          507    i.HAL_PCD_Init      stm32f1xx_hal_pcd.o
    0x080018aa   0x080018aa   0x00000002   PAD
    0x080018ac   0x080018ac   0x00000044   Code   RO         2044    i.HAL_PCD_MspInit   usbd_conf.o
    0x080018f0   0x080018f0   0x0000002a   Code   RO         2045    i.HAL_PCD_ResetCallback  usbd_conf.o
    0x0800191a   0x0800191a   0x0000000e   Code   RO         2046    i.HAL_PCD_ResumeCallback  usbd_conf.o
    0x08001928   0x08001928   0x0000000e   Code   RO         2047    i.HAL_PCD_SOFCallback  usbd_conf.o
    0x08001936   0x08001936   0x00000036   Code   RO          513    i.HAL_PCD_SetAddress  stm32f1xx_hal_pcd.o
    0x0800196c   0x0800196c   0x00000012   Code   RO         2048    i.HAL_PCD_SetupStageCallback  usbd_conf.o
    0x0800197e   0x0800197e   0x0000003c   Code   RO          515    i.HAL_PCD_Start     stm32f1xx_hal_pcd.o
    0x080019ba   0x080019ba   0x00000002   PAD
    0x080019bc   0x080019bc   0x00000024   Code   RO         2049    i.HAL_PCD_SuspendCallback  usbd_conf.o
    0x080019e0   0x080019e0   0x00000130   Code   RO          260    i.HAL_RCCEx_PeriphCLKConfig  stm32f1xx_hal_rcc_ex.o
    0x08001b10   0x08001b10   0x000001a4   Code   RO         1191    i.HAL_RCC_ClockConfig  stm32f1xx_hal_rcc.o
    0x08001cb4   0x08001cb4   0x0000000c   Code   RO         1196    i.HAL_RCC_GetHCLKFreq  stm32f1xx_hal_rcc.o
    0x08001cc0   0x08001cc0   0x00000094   Code   RO         1200    i.HAL_RCC_GetSysClockFreq  stm32f1xx_hal_rcc.o
    0x08001d54   0x08001d54   0x00000440   Code   RO         1203    i.HAL_RCC_OscConfig  stm32f1xx_hal_rcc.o
    0x08002194   0x08002194   0x00000086   Code   RO          234    i.HAL_SPI_Init      stm32f1xx_hal_spi_ex.o
    0x0800221a   0x0800221a   0x00000002   PAD
    0x0800221c   0x0800221c   0x00000060   Code   RO         2698    i.HAL_SPI_MspInit   stm32f1xx_hal_msp.o
    0x0800227c   0x0800227c   0x000001a6   Code   RO         1474    i.HAL_SPI_Transmit  stm32f1xx_hal_spi.o
    0x08002422   0x08002422   0x0000021e   Code   RO         1475    i.HAL_SPI_TransmitReceive  stm32f1xx_hal_spi.o
    0x08002640   0x08002640   0x00000028   Code   RO         1308    i.HAL_SYSTICK_CLKSourceConfig  stm32f1xx_hal_cortex.o
    0x08002668   0x08002668   0x00000002   Code   RO         1309    i.HAL_SYSTICK_Callback  stm32f1xx_hal_cortex.o
    0x0800266a   0x0800266a   0x00000034   Code   RO         1310    i.HAL_SYSTICK_Config  stm32f1xx_hal_cortex.o
    0x0800269e   0x0800269e   0x00000008   Code   RO         1311    i.HAL_SYSTICK_IRQHandler  stm32f1xx_hal_cortex.o
    0x080026a6   0x080026a6   0x00000004   Code   RO         2734    i.HardFault_Handler  stm32f1xx_it.o
    0x080026aa   0x080026aa   0x00000002   PAD
    0x080026ac   0x080026ac   0x00000064   Code   RO         2824    i.Int2StrSized      common.o
    0x08002710   0x08002710   0x00000074   Code   RO         3083    i.MX_GPIO_Init      main.o
    0x08002784   0x08002784   0x00000058   Code   RO         3084    i.MX_SPI1_Init      main.o
    0x080027dc   0x080027dc   0x00000034   Code   RO         1903    i.MX_USB_DEVICE_Init  usb_device.o
    0x08002810   0x08002810   0x00000004   Code   RO         2735    i.MemManage_Handler  stm32f1xx_it.o
    0x08002814   0x08002814   0x00000002   Code   RO         2736    i.NMI_Handler       stm32f1xx_it.o
    0x08002816   0x08002816   0x00000002   PAD
    0x08002818   0x08002818   0x00000010   Code   RO         1312    i.NVIC_GetPriorityGrouping  stm32f1xx_hal_cortex.o
    0x08002828   0x08002828   0x00000028   Code   RO         1313    i.NVIC_SetPriority  stm32f1xx_hal_cortex.o
    0x08002850   0x08002850   0x00000444   Code   RO          518    i.PCD_EP_ISR_Handler  stm32f1xx_hal_pcd.o
    0x08002c94   0x08002c94   0x00000002   Code   RO         2737    i.PendSV_Handler    stm32f1xx_it.o
    0x08002c96   0x08002c96   0x0000001a   Code   RO         2920    i.RC522_AntennaOn   rc522.o
    0x08002cb0   0x08002cb0   0x0000004a   Code   RO         2921    i.RC522_Anticoll    rc522.o
    0x08002cfa   0x08002cfa   0x00000076   Code   RO         2922    i.RC522_Auth        rc522.o
    0x08002d70   0x08002d70   0x00000064   Code   RO         2923    i.RC522_CalculateCRC  rc522.o
    0x08002dd4   0x08002dd4   0x00000026   Code   RO         2924    i.RC522_Check       rc522.o
    0x08002dfa   0x08002dfa   0x0000001a   Code   RO         2925    i.RC522_ClearBitMask  rc522.o
    0x08002e14   0x08002e14   0x00000038   Code   RO         2926    i.RC522_ClearData   rc522.o
    0x08002e4c   0x08002e4c   0x0000002c   Code   RO         2928    i.RC522_Halt        rc522.o
    0x08002e78   0x08002e78   0x0000007c   Code   RO         2929    i.RC522_Init        rc522.o
    0x08002ef4   0x08002ef4   0x0000003a   Code   RO         2930    i.RC522_Read        rc522.o
    0x08002f2e   0x08002f2e   0x00000002   PAD
    0x08002f30   0x08002f30   0x000000a0   Code   RO         2931    i.RC522_ReadCard    rc522.o
    0x08002fd0   0x08002fd0   0x00000050   Code   RO         2932    i.RC522_ReadRegister  rc522.o
    0x08003020   0x08003020   0x00000030   Code   RO         2933    i.RC522_Request     rc522.o
    0x08003050   0x08003050   0x00000034   Code   RO         2934    i.RC522_Reset       rc522.o
    0x08003084   0x08003084   0x0000004e   Code   RO         2935    i.RC522_SelectTag   rc522.o
    0x080030d2   0x080030d2   0x00000002   PAD
    0x080030d4   0x080030d4   0x00000080   Code   RO         2936    i.RC522_Service     rc522.o
    0x08003154   0x08003154   0x0000001a   Code   RO         2937    i.RC522_SetBitMask  rc522.o
    0x0800316e   0x0800316e   0x00000120   Code   RO         2938    i.RC522_ToCard      rc522.o
    0x0800328e   0x0800328e   0x00000092   Code   RO         2939    i.RC522_Write       rc522.o
    0x08003320   0x08003320   0x000000a4   Code   RO         2940    i.RC522_WriteCard   rc522.o
    0x080033c4   0x080033c4   0x00000040   Code   RO         2941    i.RC522_WriteRegister  rc522.o
    0x08003404   0x08003404   0x00000028   Code   RO         1204    i.RCC_Delay         stm32f1xx_hal_rcc.o
    0x0800342c   0x0800342c   0x000002e0   Code   RO         2626    i.ReadHotelCard     usbd_custom_hid_if.o
    0x0800370c   0x0800370c   0x00000028   Code   RO         1490    i.SPI_CheckFlag_BSY  stm32f1xx_hal_spi.o
    0x08003734   0x08003734   0x000000aa   Code   RO         1509    i.SPI_WaitFlagStateUntilTimeout  stm32f1xx_hal_spi.o
    0x080037de   0x080037de   0x00000002   Code   RO         2738    i.SVC_Handler       stm32f1xx_it.o
    0x080037e0   0x080037e0   0x0000003a   Code   RO         2827    i.Str2IntSized      common.o
    0x0800381a   0x0800381a   0x0000000c   Code   RO         2739    i.SysTick_Handler   stm32f1xx_it.o
    0x08003826   0x08003826   0x00000002   PAD
    0x08003828   0x08003828   0x000000a8   Code   RO         3085    i.SystemClock_Config  main.o
    0x080038d0   0x080038d0   0x00000058   Code   RO            5    i.SystemInit        system_stm32f1xx.o
    0x08003928   0x08003928   0x0000000e   Code   RO         2536    i.USBD_CUSTOM_HID_DataIn  usbd_customhid.o
    0x08003936   0x08003936   0x00000002   PAD
    0x08003938   0x08003938   0x00000040   Code   RO         2537    i.USBD_CUSTOM_HID_DataOut  usbd_customhid.o
    0x08003978   0x08003978   0x00000036   Code   RO         2538    i.USBD_CUSTOM_HID_DeInit  usbd_customhid.o
    0x080039ae   0x080039ae   0x00000020   Code   RO         2539    i.USBD_CUSTOM_HID_EP0_RxReady  usbd_customhid.o
    0x080039ce   0x080039ce   0x00000002   PAD
    0x080039d0   0x080039d0   0x00000010   Code   RO         2540    i.USBD_CUSTOM_HID_GetCfgDesc  usbd_customhid.o
    0x080039e0   0x080039e0   0x00000010   Code   RO         2541    i.USBD_CUSTOM_HID_GetDeviceQualifierDesc  usbd_customhid.o
    0x080039f0   0x080039f0   0x0000005a   Code   RO         2542    i.USBD_CUSTOM_HID_Init  usbd_customhid.o
    0x08003a4a   0x08003a4a   0x0000000e   Code   RO         2543    i.USBD_CUSTOM_HID_RegisterInterface  usbd_customhid.o
    0x08003a58   0x08003a58   0x00000034   Code   RO         2544    i.USBD_CUSTOM_HID_SendReport  usbd_customhid.o
    0x08003a8c   0x08003a8c   0x00000018   Code   RO         2627    i.USBD_CUSTOM_HID_SendReport_FS  usbd_custom_hid_if.o
    0x08003aa4   0x08003aa4   0x000000fc   Code   RO         2545    i.USBD_CUSTOM_HID_Setup  usbd_customhid.o
    0x08003ba0   0x08003ba0   0x00000016   Code   RO         2243    i.USBD_ClrClassConfig  usbd_core.o
    0x08003bb6   0x08003bb6   0x00000044   Code   RO         2441    i.USBD_ClrFeature   usbd_ctlreq.o
    0x08003bfa   0x08003bfa   0x00000018   Code   RO         2381    i.USBD_CtlContinueRx  usbd_ioreq.o
    0x08003c12   0x08003c12   0x00000018   Code   RO         2382    i.USBD_CtlContinueSendData  usbd_ioreq.o
    0x08003c2a   0x08003c2a   0x00000018   Code   RO         2442    i.USBD_CtlError     usbd_ctlreq.o
    0x08003c42   0x08003c42   0x00000028   Code   RO         2383    i.USBD_CtlPrepareRx  usbd_ioreq.o
    0x08003c6a   0x08003c6a   0x0000001a   Code   RO         2384    i.USBD_CtlReceiveStatus  usbd_ioreq.o
    0x08003c84   0x08003c84   0x00000022   Code   RO         2385    i.USBD_CtlSendData  usbd_ioreq.o
    0x08003ca6   0x08003ca6   0x0000001a   Code   RO         2386    i.USBD_CtlSendStatus  usbd_ioreq.o
    0x08003cc0   0x08003cc0   0x0000003c   Code   RO         1966    i.USBD_FS_ConfigStrDescriptor  usbd_desc.o
    0x08003cfc   0x08003cfc   0x00000010   Code   RO         1967    i.USBD_FS_DeviceDescriptor  usbd_desc.o
    0x08003d0c   0x08003d0c   0x00000040   Code   RO         1968    i.USBD_FS_InterfaceStrDescriptor  usbd_desc.o
    0x08003d4c   0x08003d4c   0x00000010   Code   RO         1969    i.USBD_FS_LangIDStrDescriptor  usbd_desc.o
    0x08003d5c   0x08003d5c   0x00000020   Code   RO         1970    i.USBD_FS_ManufacturerStrDescriptor  usbd_desc.o
    0x08003d7c   0x08003d7c   0x00000034   Code   RO         1971    i.USBD_FS_ProductStrDescriptor  usbd_desc.o
    0x08003db0   0x08003db0   0x00000038   Code   RO         1972    i.USBD_FS_SerialStrDescriptor  usbd_desc.o
    0x08003de8   0x08003de8   0x00000050   Code   RO         2443    i.USBD_GetConfig    usbd_ctlreq.o
    0x08003e38   0x08003e38   0x00000150   Code   RO         2444    i.USBD_GetDescriptor  usbd_ctlreq.o
    0x08003f88   0x08003f88   0x00000014   Code   RO         2445    i.USBD_GetLen       usbd_ctlreq.o
    0x08003f9c   0x08003f9c   0x00000044   Code   RO         2446    i.USBD_GetStatus    usbd_ctlreq.o
    0x08003fe0   0x08003fe0   0x00000052   Code   RO         2447    i.USBD_GetString    usbd_ctlreq.o
    0x08004032   0x08004032   0x00000032   Code   RO         2245    i.USBD_Init         usbd_core.o
    0x08004064   0x08004064   0x00000044   Code   RO         2050    i.USBD_LL_ClearStallEP  usbd_conf.o
    0x080040a8   0x080040a8   0x00000044   Code   RO         2051    i.USBD_LL_CloseEP   usbd_conf.o
    0x080040ec   0x080040ec   0x000000da   Code   RO         2246    i.USBD_LL_DataInStage  usbd_core.o
    0x080041c6   0x080041c6   0x00000086   Code   RO         2247    i.USBD_LL_DataOutStage  usbd_core.o
    0x0800424c   0x0800424c   0x00000090   Code   RO         2056    i.USBD_LL_Init      usbd_conf.o
    0x080042dc   0x080042dc   0x00000030   Code   RO         2057    i.USBD_LL_IsStallEP  usbd_conf.o
    0x0800430c   0x0800430c   0x00000062   Code   RO         2058    i.USBD_LL_OpenEP    usbd_conf.o
    0x0800436e   0x0800436e   0x00000062   Code   RO         2059    i.USBD_LL_PrepareReceive  usbd_conf.o
    0x080043d0   0x080043d0   0x00000044   Code   RO         2252    i.USBD_LL_Reset     usbd_core.o
    0x08004414   0x08004414   0x0000000e   Code   RO         2253    i.USBD_LL_Resume    usbd_core.o
    0x08004422   0x08004422   0x00000022   Code   RO         2254    i.USBD_LL_SOF       usbd_core.o
    0x08004444   0x08004444   0x00000008   Code   RO         2255    i.USBD_LL_SetSpeed  usbd_core.o
    0x0800444c   0x0800444c   0x00000044   Code   RO         2060    i.USBD_LL_SetUSBAddress  usbd_conf.o
    0x08004490   0x08004490   0x0000006e   Code   RO         2256    i.USBD_LL_SetupStage  usbd_core.o
    0x080044fe   0x080044fe   0x00000044   Code   RO         2061    i.USBD_LL_StallEP   usbd_conf.o
    0x08004542   0x08004542   0x0000003c   Code   RO         2062    i.USBD_LL_Start     usbd_conf.o
    0x0800457e   0x0800457e   0x00000014   Code   RO         2257    i.USBD_LL_Suspend   usbd_core.o
    0x08004592   0x08004592   0x00000062   Code   RO         2064    i.USBD_LL_Transmit  usbd_conf.o
    0x080045f4   0x080045f4   0x00000028   Code   RO         2448    i.USBD_ParseSetupRequest  usbd_ctlreq.o
    0x0800461c   0x0800461c   0x00000010   Code   RO         2258    i.USBD_RegisterClass  usbd_core.o
    0x0800462c   0x0800462c   0x00000006   Code   RO         2259    i.USBD_RunTestMode  usbd_core.o
    0x08004632   0x08004632   0x00000054   Code   RO         2449    i.USBD_SetAddress   usbd_ctlreq.o
    0x08004686   0x08004686   0x00000022   Code   RO         2260    i.USBD_SetClassConfig  usbd_core.o
    0x080046a8   0x080046a8   0x000000e0   Code   RO         2450    i.USBD_SetConfig    usbd_ctlreq.o
    0x08004788   0x08004788   0x00000024   Code   RO         2451    i.USBD_SetFeature   usbd_ctlreq.o
    0x080047ac   0x080047ac   0x0000000e   Code   RO         2261    i.USBD_Start        usbd_core.o
    0x080047ba   0x080047ba   0x00000072   Code   RO         2452    i.USBD_StdDevReq    usbd_ctlreq.o
    0x0800482c   0x0800482c   0x00000156   Code   RO         2453    i.USBD_StdEPReq     usbd_ctlreq.o
    0x08004982   0x08004982   0x0000004a   Code   RO         2454    i.USBD_StdItfReq    usbd_ctlreq.o
    0x080049cc   0x080049cc   0x00000002   Code   RO         2065    i.USBD_static_free  usbd_conf.o
    0x080049ce   0x080049ce   0x00000002   PAD
    0x080049d0   0x080049d0   0x0000000c   Code   RO         2066    i.USBD_static_malloc  usbd_conf.o
    0x080049dc   0x080049dc   0x000003aa   Code   RO          294    i.USB_ActivateEndpoint  stm32f1xx_ll_usb.o
    0x08004d86   0x08004d86   0x00000008   Code   RO          297    i.USB_CoreInit      stm32f1xx_ll_usb.o
    0x08004d8e   0x08004d8e   0x00000214   Code   RO          299    i.USB_DeactivateEndpoint  stm32f1xx_ll_usb.o
    0x08004fa2   0x08004fa2   0x00000006   Code   RO          300    i.USB_DevConnect    stm32f1xx_ll_usb.o
    0x08004fa8   0x08004fa8   0x00000006   Code   RO          301    i.USB_DevDisconnect  stm32f1xx_ll_usb.o
    0x08004fae   0x08004fae   0x0000001e   Code   RO          302    i.USB_DevInit       stm32f1xx_ll_usb.o
    0x08004fcc   0x08004fcc   0x00000016   Code   RO          303    i.USB_DisableGlobalInt  stm32f1xx_ll_usb.o
    0x08004fe2   0x08004fe2   0x00000006   Code   RO          304    i.USB_EP0_OutStart  stm32f1xx_ll_usb.o
    0x08004fe8   0x08004fe8   0x000000b4   Code   RO          305    i.USB_EPClearStall  stm32f1xx_ll_usb.o
    0x0800509c   0x0800509c   0x00000086   Code   RO          306    i.USB_EPSetStall    stm32f1xx_ll_usb.o
    0x08005122   0x08005122   0x00000332   Code   RO          307    i.USB_EPStartXfer   stm32f1xx_ll_usb.o
    0x08005454   0x08005454   0x00000016   Code   RO          308    i.USB_EnableGlobalInt  stm32f1xx_ll_usb.o
    0x0800546a   0x0800546a   0x00000002   PAD
    0x0800546c   0x0800546c   0x00000010   Code   RO         2740    i.USB_LP_CAN1_RX0_IRQHandler  stm32f1xx_it.o
    0x0800547c   0x0800547c   0x0000000a   Code   RO          315    i.USB_ReadInterrupts  stm32f1xx_ll_usb.o
    0x08005486   0x08005486   0x00000028   Code   RO          316    i.USB_ReadPMA       stm32f1xx_ll_usb.o
    0x080054ae   0x080054ae   0x00000006   Code   RO          318    i.USB_SetCurrentMode  stm32f1xx_ll_usb.o
    0x080054b4   0x080054b4   0x0000000e   Code   RO          319    i.USB_SetDevAddress  stm32f1xx_ll_usb.o
    0x080054c2   0x080054c2   0x00000042   Code   RO          321    i.USB_WritePMA      stm32f1xx_ll_usb.o
    0x08005504   0x08005504   0x00000004   Code   RO         2741    i.UsageFault_Handler  stm32f1xx_it.o
    0x08005508   0x08005508   0x00000004   Code   RO         3086    i._Error_Handler    main.o
    0x0800550c   0x0800550c   0x0000000e   Code   RO         3165    i.__scatterload_copy  mc_w.l(handlers.o)
    0x0800551a   0x0800551a   0x00000002   Code   RO         3166    i.__scatterload_null  mc_w.l(handlers.o)
    0x0800551c   0x0800551c   0x0000000e   Code   RO         3167    i.__scatterload_zeroinit  mc_w.l(handlers.o)
    0x0800552a   0x0800552a   0x0000001c   Code   RO         3087    i.main              main.o
    0x08005546   0x08005546   0x00000018   Data   RO            6    .constdata          system_stm32f1xx.o
    0x0800555e   0x0800555e   0x00000002   PAD
    0x08005560   0x08005560   0x00000020   Data   RO         3163    Region$$Table       anon$$obj.o


    Execution Region RW_IRAM1 (Exec base: 0x20000000, Load base: 0x08005580, Size: 0x00000f38, Max: 0x00005000, ABSOLUTE)

    Exec Addr    Load Addr    Size         Type   Attr      Idx    E Section Name        Object

    0x20000000   0x08005580   0x00000004   Data   RW            7    .data               system_stm32f1xx.o
    0x20000004   0x08005584   0x00000009   Data   RW         1018    .data               stm32f1xx_hal.o
    0x2000000d   0x0800558d   0x00000003   PAD
    0x20000010   0x08005590   0x00000034   Data   RW         1974    .data               usbd_desc.o
    0x20000044   0x080055c4   0x00000001   Data   RW         2455    .data               usbd_ctlreq.o
    0x20000045   0x080055c5   0x00000003   PAD
    0x20000048   0x080055c8   0x0000008e   Data   RW         2546    .data               usbd_customhid.o
    0x200000d6   0x08005656   0x00000002   PAD
    0x200000d8   0x08005658   0x00000034   Data   RW         2628    .data               usbd_custom_hid_if.o
    0x2000010c   0x0800568c   0x00000003   Data   RW         2828    .data               common.o
    0x2000010f   0x0800568f   0x00000012   Data   RW         2943    .data               rc522.o
    0x20000121   0x080056a1   0x00000003   PAD
    0x20000124        -       0x00000224   Zero   RW         1904    .bss                usb_device.o
    0x20000348        -       0x00000200   Zero   RW         1973    .bss                usbd_desc.o
    0x20000548        -       0x000004b8   Zero   RW         2067    .bss                usbd_conf.o
    0x20000a00        -       0x00000060   Zero   RW         2942    .bss                rc522.o
    0x20000a60        -       0x000000d8   Zero   RW         3088    .bss                main.o
    0x20000b38        -       0x00000400   Zero   RW         2610    STACK               startup_stm32f103xb.o


==============================================================================

Image component sizes


      Code (inc. data)   RO Data    RW Data    ZI Data      Debug   Object Name

       198         10          0          3          0       2471   common.o
       404         50          0          0        216       3297   main.o
      1898         98          0         18         96      18093   rc522.o
        36          8        236          0       1024        772   startup_stm32f103xb.o
       192         36          0          9          0       3833   stm32f1xx_hal.o
       348         22          0          0          0      27837   stm32f1xx_hal_cortex.o
       816         32          0          0          0       3233   stm32f1xx_hal_gpio.o
       236         20          0          0          0       1536   stm32f1xx_hal_msp.o
      2428          0          0          0          0       9349   stm32f1xx_hal_pcd.o
        62          0          0          0          0       1174   stm32f1xx_hal_pcd_ex.o
      1708         88          0          0          0       4842   stm32f1xx_hal_rcc.o
       304         14          0          0          0       1400   stm32f1xx_hal_rcc_ex.o
      1174          0          0          0          0       4713   stm32f1xx_hal_spi.o
       134          0          0          0          0       1059   stm32f1xx_hal_spi_ex.o
        52          6          0          0          0       4295   stm32f1xx_it.o
      2838          0          0          0          0      13511   stm32f1xx_ll_usb.o
        88         18         24          4          0     415519   system_stm32f1xx.o
        52         16          0          0        548       6534   usb_device.o
      1082         50          0          0       1208      13361   usbd_conf.o
       748          0          0          0          0       9779   usbd_core.o
      1592         30          0          1          0      10452   usbd_ctlreq.o
      3980        184          0         52          0       6725   usbd_custom_hid_if.o
       604         34          0        142          0       9516   usbd_customhid.o
       296        120          0         52        512       9559   usbd_desc.o
       174          0          0          0          0       4536   usbd_ioreq.o

    ----------------------------------------------------------------------
     21472        836        294        292       3604     587396   Object Totals
         0          0         32          0          0          0   (incl. Generated)
        28          0          2         11          0          0   (incl. Padding)

    ----------------------------------------------------------------------

      Code (inc. data)   RO Data    RW Data    ZI Data      Debug   Library Member Name

         0          0          0          0          0          0   entry.o
         0          0          0          0          0          0   entry10a.o
         0          0          0          0          0          0   entry11a.o
         8          4          0          0          0          0   entry2.o
         4          0          0          0          0          0   entry5.o
         0          0          0          0          0          0   entry7b.o
         0          0          0          0          0          0   entry8b.o
         8          4          0          0          0          0   entry9a.o
        30          0          0          0          0          0   handlers.o
        36          8          0          0          0         68   init.o
        36          0          0          0          0         68   memcpya.o

    ----------------------------------------------------------------------
       122         16          0          0          0        136   Library Totals
         0          0          0          0          0          0   (incl. Padding)

    ----------------------------------------------------------------------

      Code (inc. data)   RO Data    RW Data    ZI Data      Debug   Library Name

       122         16          0          0          0        136   mc_w.l

    ----------------------------------------------------------------------
       122         16          0          0          0        136   Library Totals

    ----------------------------------------------------------------------

==============================================================================


      Code (inc. data)   RO Data    RW Data    ZI Data      Debug   

     21594        852        294        292       3604     578584   Grand Totals
     21594        852        294        292       3604     578584   ELF Image Totals
     21594        852        294        292          0          0   ROM Totals

==============================================================================

    Total RO  Size (Code + RO Data)                21888 (  21.38kB)
    Total RW  Size (RW Data + ZI Data)              3896 (   3.80kB)
    Total ROM Size (Code + RO Data + RW Data)      22180 (  21.66kB)

==============================================================================

