MPLINK 5.00, LINKER
Linker Map File - Created Sat Jun 02 14:25:21 2018

                                 Section Info
                  Section       Type    Address   Location Size(Bytes)
                ---------  ---------  ---------  ---------  ---------
               _entry_scn       code   0x000000    program   0x000006
    HIGH_INTERRUPT_VECTOR       code   0x000008    program   0x000006
     LOW_INTERRUPT_VECTOR       code   0x000018    program   0x000006
    REMAPPED_RESET_VECTOR       code   0x001000    program   0x000006
      AppSignatureSection    romdata   0x001006    program   0x000002
REMAPPED_HIGH_INTERRUPT_VECTOR       code   0x001008    program   0x000006
AppVersionAndSignatureSection    romdata   0x001016    program   0x000002
REMAPPED_LOW_INTERRUPT_VECTOR       code   0x001018    program   0x000006
                   .cinit    romdata   0x001020    program   0x00001a
             .code_main.o       code   0x00103a    program   0x001c5e
       .code_usb_device.o       code   0x002c98    program   0x0013f8
            .code_rc522.o       code   0x004090    program   0x001038
 .code_usb_function_hid.o       code   0x0050c8    program   0x0000f6
               _cinit_scn       code   0x0051be    program   0x00009e
.romdata_usb_descriptors.o    romdata   0x00525c    program   0x00008d
.idata_usb_descriptors.o_i    romdata   0x0052e9    program   0x000000
         .romdata_rc522.o    romdata   0x0052e9    program   0x000000
      .idata_spi1open.o_i    romdata   0x0052e9    program   0x000000
      .romdata_spi1open.o    romdata   0x0052e9    program   0x000000
      .idata_spi1read.o_i    romdata   0x0052e9    program   0x000000
      .romdata_spi1read.o    romdata   0x0052e9    program   0x000000
      .idata_spi1writ.o_i    romdata   0x0052e9    program   0x000000
      .romdata_spi1writ.o    romdata   0x0052e9    program   0x000000
        .idata___init.o_i    romdata   0x0052e9    program   0x000000
        .romdata___init.o    romdata   0x0052e9    program   0x000000
    .idata_usb_device.o_i    romdata   0x0052e9    program   0x000000
    .romdata_usb_device.o    romdata   0x0052e9    program   0x000000
.idata_usb_function_hid.o_i    romdata   0x0052e9    program   0x000000
.romdata_usb_function_hid.o    romdata   0x0052e9    program   0x000000
          .romdata_main.o    romdata   0x0052e9    program   0x000000
         .romdata_c018i.o    romdata   0x0052e9    program   0x000000
         .idata_c018i.o_i    romdata   0x0052e9    program   0x000000
            .code_c018i.o       code   0x0052ea    program   0x000000
  .code_usb_descriptors.o       code   0x0052ea    program   0x000000
         .code_spi1open.o       code   0x0052ea    program   0x000064
         .code_spi1writ.o       code   0x00534e    program   0x00003c
                   STRING       code   0x00538a    program   0x000034
             D10KTCYXCODE       code   0x0053be    program   0x00002e
         .code_spi1read.o       code   0x0053ec    program   0x00002e
              D1KTCYXCODE       code   0x00541a    program   0x000020
                    .code       code   0x00543a    program   0x000020
             _startup_scn       code   0x00545a    program   0x00001c
              D10TCYXCODE       code   0x005476    program   0x000016
           .code___init.o       code   0x00548c    program   0x000002
         .idata_rc522.o_i    romdata   0x00548e    program   0x00001b
          .idata_main.o_i    romdata   0x0054a9    program   0x000018
    .config_300000_main.o    romdata   0x300000    program   0x000001
    .config_300001_main.o    romdata   0x300001    program   0x000001
    .config_300002_main.o    romdata   0x300002    program   0x000001
    .config_300003_main.o    romdata   0x300003    program   0x000001
    .config_300005_main.o    romdata   0x300005    program   0x000001
    .config_300006_main.o    romdata   0x300006    program   0x000001
                 .tmpdata      udata   0x000000       data   0x00001a
                MATH_DATA      udata   0x00001a       data   0x00000b
                DELAYDAT2      udata   0x000025       data   0x000001
                DELAYDAT1      udata   0x000026       data   0x000001
           .udata_rc522.o      udata   0x000060       data   0x00009d
            .udata_main.o      udata   0x0000fd       data   0x000003
                   .stack      udata   0x000300       data   0x000100
                  USB_BDT      udata   0x000400       data   0x000036
            USB_VARIABLES      udata   0x000500       data   0x000080
      .udata_usb_device.o      udata   0x000580       data   0x00002e
           .idata_rc522.o      idata   0x0005ae       data   0x00001b
            .idata_main.o      idata   0x0005c9       data   0x000018
           .udata_c018i.o      udata   0x0005e1       data   0x00000a
.udata_usb_function_hid.o      udata   0x0005eb       data   0x000002
      .idata_usb_device.o      idata   0x0005ed       data   0x000000
 .udata_usb_descriptors.o      udata   0x0005ed       data   0x000000
 .idata_usb_descriptors.o      idata   0x0005ed       data   0x000000
.idata_usb_function_hid.o      idata   0x0005ed       data   0x000000
           .idata_c018i.o      idata   0x0005ed       data   0x000000
        .udata_spi1open.o      udata   0x0005ed       data   0x000000
        .idata_spi1open.o      idata   0x0005ed       data   0x000000
        .udata_spi1read.o      udata   0x0005ed       data   0x000000
        .idata_spi1read.o      idata   0x0005ed       data   0x000000
        .udata_spi1writ.o      udata   0x0005ed       data   0x000000
        .idata_spi1writ.o      idata   0x0005ed       data   0x000000
          .udata___init.o      udata   0x0005ed       data   0x000000
          .idata___init.o      idata   0x0005ed       data   0x000000
              SFR_BANKED0      udata   0x000f57       data   0x000007
            SFR_UNBANKED0      udata   0x000f60       data   0x0000a0



                              Program Memory Usage 
                               Start         End      
                           ---------   ---------      
                            0x000000    0x000005      
                            0x000008    0x00000d      
                            0x000018    0x00001d      
                            0x001000    0x00100d      
                            0x001016    0x00101d      
                            0x001020    0x0052e8      
                            0x0052ea    0x0054c0      
                            0x300000    0x300003      
                            0x300005    0x300006      
            17614 out of 33048 program addresses used, program memory utilization is 53%



                              Symbols - Sorted by Name
                     Name    Address   Location    Storage File                     
                ---------  ---------  ---------  --------- ---------                
               AppVersion   0x001016    program     extern F:\SkyDrive\OtvoreniProjekti\USB_CardReaderWiter\fw\DE-090617\Src\main.c
           BlinkUSBStatus   0x00252e    program     extern F:\SkyDrive\OtvoreniProjekti\USB_CardReaderWiter\fw\DE-090617\Src\main.c
             CardDataFail   0x0026de    program     extern F:\SkyDrive\OtvoreniProjekti\USB_CardReaderWiter\fw\DE-090617\Src\main.c
          CardDataSucceed   0x0027aa    program     extern F:\SkyDrive\OtvoreniProjekti\USB_CardReaderWiter\fw\DE-090617\Src\main.c
             CopyCardData   0x002b6e    program     extern F:\SkyDrive\OtvoreniProjekti\USB_CardReaderWiter\fw\DE-090617\Src\main.c
                   D10K_1   0x0053ca    program     static E:\3.46\pic18-lt\cxx-framework\src\traditional\delays\d10ktcyx.asm
                    D10Kl   0x0053d6    program     static E:\3.46\pic18-lt\cxx-framework\src\traditional\delays\d10ktcyx.asm
                    D10Kx   0x0053c8    program     static E:\3.46\pic18-lt\cxx-framework\src\traditional\delays\d10ktcyx.asm
                    D10_1   0x005486    program     static E:\3.46\pic18-lt\cxx-framework\src\traditional\delays\d10tcyx.asm
                     D10x   0x00547e    program     static E:\3.46\pic18-lt\cxx-framework\src\traditional\delays\d10tcyx.asm
                    D1K_1   0x005426    program     static E:\3.46\pic18-lt\cxx-framework\src\traditional\delays\d1ktcyx.asm
                     D1Kx   0x005424    program     static E:\3.46\pic18-lt\cxx-framework\src\traditional\delays\d1ktcyx.asm
             Delay10KTCYx   0x0053be    program     extern E:\3.46\pic18-lt\cxx-framework\src\traditional\delays\d10ktcyx.asm
              Delay10TCYx   0x005476    program     extern E:\3.46\pic18-lt\cxx-framework\src\traditional\delays\d10tcyx.asm
              Delay1KTCYx   0x00541a    program     extern E:\3.46\pic18-lt\cxx-framework\src\traditional\delays\d1ktcyx.asm
                 High_ISR   0x000008    program     extern F:\SkyDrive\OtvoreniProjekti\USB_CardReaderWiter\fw\DE-090617\Src\main.c
         InitializeSystem   0x001106    program     static F:\SkyDrive\OtvoreniProjekti\USB_CardReaderWiter\fw\DE-090617\Src\main.c
                  Low_ISR   0x000018    program     extern F:\SkyDrive\OtvoreniProjekti\USB_CardReaderWiter\fw\DE-090617\Src\main.c
                 OpenSPI1   0x0052ea    program     extern E:\3.46\pic18-lt\cxx-framework\src\pmc_common\SPI\spi1open.c
                ProcessIO   0x001172    program     extern F:\SkyDrive\OtvoreniProjekti\USB_CardReaderWiter\fw\DE-090617\Src\main.c
         RC522_AntennaOff   0x00438a    program     extern F:\SkyDrive\OtvoreniProjekti\USB_CardReaderWiter\fw\DE-090617\Src\rc522.c
          RC522_AntennaOn   0x004358    program     extern F:\SkyDrive\OtvoreniProjekti\USB_CardReaderWiter\fw\DE-090617\Src\rc522.c
           RC522_Anticoll   0x004744    program     extern F:\SkyDrive\OtvoreniProjekti\USB_CardReaderWiter\fw\DE-090617\Src\rc522.c
               RC522_Auth   0x004a52    program     extern F:\SkyDrive\OtvoreniProjekti\USB_CardReaderWiter\fw\DE-090617\Src\rc522.c
       RC522_CalculateCRC   0x004850    program     extern F:\SkyDrive\OtvoreniProjekti\USB_CardReaderWiter\fw\DE-090617\Src\rc522.c
              RC522_Check   0x0041ac    program     extern F:\SkyDrive\OtvoreniProjekti\USB_CardReaderWiter\fw\DE-090617\Src\rc522.c
       RC522_ClearBitMask   0x00431e    program     extern F:\SkyDrive\OtvoreniProjekti\USB_CardReaderWiter\fw\DE-090617\Src\rc522.c
          RC522_ClearData   0x00507e    program     extern F:\SkyDrive\OtvoreniProjekti\USB_CardReaderWiter\fw\DE-090617\Src\rc522.c
            RC522_Compare   0x0041fa    program     extern F:\SkyDrive\OtvoreniProjekti\USB_CardReaderWiter\fw\DE-090617\Src\rc522.c
               RC522_Halt   0x004e16    program     extern F:\SkyDrive\OtvoreniProjekti\USB_CardReaderWiter\fw\DE-090617\Src\rc522.c
               RC522_Init   0x004090    program     extern F:\SkyDrive\OtvoreniProjekti\USB_CardReaderWiter\fw\DE-090617\Src\rc522.c
               RC522_Read   0x004b92    program     extern F:\SkyDrive\OtvoreniProjekti\USB_CardReaderWiter\fw\DE-090617\Src\rc522.c
           RC522_ReadCard   0x004e9e    program     extern F:\SkyDrive\OtvoreniProjekti\USB_CardReaderWiter\fw\DE-090617\Src\rc522.c
       RC522_ReadRegister   0x0042a2    program     extern F:\SkyDrive\OtvoreniProjekti\USB_CardReaderWiter\fw\DE-090617\Src\rc522.c
            RC522_Request   0x0043ec    program     extern F:\SkyDrive\OtvoreniProjekti\USB_CardReaderWiter\fw\DE-090617\Src\rc522.c
              RC522_Reset   0x00439a    program     extern F:\SkyDrive\OtvoreniProjekti\USB_CardReaderWiter\fw\DE-090617\Src\rc522.c
          RC522_SelectTag   0x004932    program     extern F:\SkyDrive\OtvoreniProjekti\USB_CardReaderWiter\fw\DE-090617\Src\rc522.c
            RC522_Service   0x004114    program     extern F:\SkyDrive\OtvoreniProjekti\USB_CardReaderWiter\fw\DE-090617\Src\rc522.c
         RC522_SetBitMask   0x0042ec    program     extern F:\SkyDrive\OtvoreniProjekti\USB_CardReaderWiter\fw\DE-090617\Src\rc522.c
             RC522_ToCard   0x004486    program     extern F:\SkyDrive\OtvoreniProjekti\USB_CardReaderWiter\fw\DE-090617\Src\rc522.c
              RC522_Write   0x004c74    program     extern F:\SkyDrive\OtvoreniProjekti\USB_CardReaderWiter\fw\DE-090617\Src\rc522.c
          RC522_WriteCard   0x004f86    program     extern F:\SkyDrive\OtvoreniProjekti\USB_CardReaderWiter\fw\DE-090617\Src\rc522.c
      RC522_WriteRegister   0x00425c    program     extern F:\SkyDrive\OtvoreniProjekti\USB_CardReaderWiter\fw\DE-090617\Src\rc522.c
            ReadHotelCard   0x0027e4    program     extern F:\SkyDrive\OtvoreniProjekti\USB_CardReaderWiter\fw\DE-090617\Src\main.c
                 ReadSPI1   0x0053ec    program     extern E:\3.46\pic18-lt\cxx-framework\src\pmc_common\SPI\spi1read.c
        Remapped_High_ISR   0x001008    program     extern F:\SkyDrive\OtvoreniProjekti\USB_CardReaderWiter\fw\DE-090617\Src\main.c
         Remapped_Low_ISR   0x001018    program     extern F:\SkyDrive\OtvoreniProjekti\USB_CardReaderWiter\fw\DE-090617\Src\main.c
                  Restart   0x002c94    program     extern F:\SkyDrive\OtvoreniProjekti\USB_CardReaderWiter\fw\DE-090617\Src\main.c
     SignaturePlaceholder   0x001006    program     extern F:\SkyDrive\OtvoreniProjekti\USB_CardReaderWiter\fw\DE-090617\Src\main.c
       USBCBCheckOtherReq   0x0025ac    program     extern F:\SkyDrive\OtvoreniProjekti\USB_CardReaderWiter\fw\DE-090617\Src\main.c
        USBCBErrorHandler   0x0025aa    program     extern F:\SkyDrive\OtvoreniProjekti\USB_CardReaderWiter\fw\DE-090617\Src\main.c
              USBCBInitEP   0x0025b4    program     extern F:\SkyDrive\OtvoreniProjekti\USB_CardReaderWiter\fw\DE-090617\Src\main.c
          USBCBSendResume   0x0025ec    program     extern F:\SkyDrive\OtvoreniProjekti\USB_CardReaderWiter\fw\DE-090617\Src\main.c
    USBCBStdSetDscHandler   0x0025b2    program     extern F:\SkyDrive\OtvoreniProjekti\USB_CardReaderWiter\fw\DE-090617\Src\main.c
             USBCBSuspend   0x0025a4    program     extern F:\SkyDrive\OtvoreniProjekti\USB_CardReaderWiter\fw\DE-090617\Src\main.c
     USBCBWakeFromSuspend   0x0025a6    program     extern F:\SkyDrive\OtvoreniProjekti\USB_CardReaderWiter\fw\DE-090617\Src\main.c
        USBCB_SOF_Handler   0x0025a8    program     extern F:\SkyDrive\OtvoreniProjekti\USB_CardReaderWiter\fw\DE-090617\Src\main.c
              USBCancelIO   0x003fa6    program     extern F:\SkyDrive\OtvoreniProjekti\USB_CardReaderWiter\fw\DE-090617\Src\usb_device.c
       USBCheckHIDRequest   0x0050c8    program     extern F:\SkyDrive\OtvoreniProjekti\USB_CardReaderWiter\fw\DE-090617\Src\usb_function_hid.c
       USBCheckStdRequest   0x00321c    program     static F:\SkyDrive\OtvoreniProjekti\USB_CardReaderWiter\fw\DE-090617\Src\usb_device.c
     USBConfigureEndpoint   0x003c98    program     static F:\SkyDrive\OtvoreniProjekti\USB_CardReaderWiter\fw\DE-090617\Src\usb_device.c
  USBCtrlEPAllowDataStage   0x003660    program     extern F:\SkyDrive\OtvoreniProjekti\USB_CardReaderWiter\fw\DE-090617\Src\usb_device.c
USBCtrlEPAllowStatusStage   0x0035b0    program     extern F:\SkyDrive\OtvoreniProjekti\USB_CardReaderWiter\fw\DE-090617\Src\usb_device.c
         USBCtrlEPService   0x002fba    program     static F:\SkyDrive\OtvoreniProjekti\USB_CardReaderWiter\fw\DE-090617\Src\usb_device.c
 USBCtrlEPServiceComplete   0x00388e    program     static F:\SkyDrive\OtvoreniProjekti\USB_CardReaderWiter\fw\DE-090617\Src\usb_device.c
      USBCtrlTrfInHandler   0x00315a    program     static F:\SkyDrive\OtvoreniProjekti\USB_CardReaderWiter\fw\DE-090617\Src\usb_device.c
     USBCtrlTrfOutHandler   0x003108    program     static F:\SkyDrive\OtvoreniProjekti\USB_CardReaderWiter\fw\DE-090617\Src\usb_device.c
      USBCtrlTrfRxService   0x003a46    program     static F:\SkyDrive\OtvoreniProjekti\USB_CardReaderWiter\fw\DE-090617\Src\usb_device.c
   USBCtrlTrfSetupHandler   0x003092    program     static F:\SkyDrive\OtvoreniProjekti\USB_CardReaderWiter\fw\DE-090617\Src\usb_device.c
      USBCtrlTrfTxService   0x003964    program     static F:\SkyDrive\OtvoreniProjekti\USB_CardReaderWiter\fw\DE-090617\Src\usb_device.c
          USBDeviceAttach   0x004062    program     extern F:\SkyDrive\OtvoreniProjekti\USB_CardReaderWiter\fw\DE-090617\Src\usb_device.c
          USBDeviceDetach   0x004056    program     extern F:\SkyDrive\OtvoreniProjekti\USB_CardReaderWiter\fw\DE-090617\Src\usb_device.c
            USBDeviceInit   0x002c98    program     extern F:\SkyDrive\OtvoreniProjekti\USB_CardReaderWiter\fw\DE-090617\Src\usb_device.c
           USBDeviceTasks   0x002dc4    program     extern F:\SkyDrive\OtvoreniProjekti\USB_CardReaderWiter\fw\DE-090617\Src\usb_device.c
        USBEnableEndpoint   0x003d52    program     extern F:\SkyDrive\OtvoreniProjekti\USB_CardReaderWiter\fw\DE-090617\Src\usb_device.c
         USBStallEndpoint   0x003dc0    program     extern F:\SkyDrive\OtvoreniProjekti\USB_CardReaderWiter\fw\DE-090617\Src\usb_device.c
          USBStallHandler   0x002f2c    program     static F:\SkyDrive\OtvoreniProjekti\USB_CardReaderWiter\fw\DE-090617\Src\usb_device.c
  USBStdFeatureReqHandler   0x0032fe    program     static F:\SkyDrive\OtvoreniProjekti\USB_CardReaderWiter\fw\DE-090617\Src\usb_device.c
      USBStdGetDscHandler   0x0036e6    program     static F:\SkyDrive\OtvoreniProjekti\USB_CardReaderWiter\fw\DE-090617\Src\usb_device.c
   USBStdGetStatusHandler   0x0037b2    program     static F:\SkyDrive\OtvoreniProjekti\USB_CardReaderWiter\fw\DE-090617\Src\usb_device.c
      USBStdSetCfgHandler   0x003b96    program     static F:\SkyDrive\OtvoreniProjekti\USB_CardReaderWiter\fw\DE-090617\Src\usb_device.c
               USBSuspend   0x002f5e    program     static F:\SkyDrive\OtvoreniProjekti\USB_CardReaderWiter\fw\DE-090617\Src\usb_device.c
     USBTransferOnePacket   0x003ea0    program     extern F:\SkyDrive\OtvoreniProjekti\USB_CardReaderWiter\fw\DE-090617\Src\usb_device.c
       USBWakeFromSuspend   0x002f8a    program     static F:\SkyDrive\OtvoreniProjekti\USB_CardReaderWiter\fw\DE-090617\Src\usb_device.c
               USB_CD_Ptr   0x0052e1    program     extern F:\SkyDrive\OtvoreniProjekti\USB_CardReaderWiter\fw\DE-090617\Src\usb_descriptors.c
               USB_SD_Ptr   0x0052e3    program     extern F:\SkyDrive\OtvoreniProjekti\USB_CardReaderWiter\fw\DE-090617\Src\usb_descriptors.c
USER_USB_CALLBACK_EVENT_HANDLER   0x00263e    program     extern F:\SkyDrive\OtvoreniProjekti\USB_CardReaderWiter\fw\DE-090617\Src\main.c
                WriteSPI1   0x00534e    program     extern E:\3.46\pic18-lt\cxx-framework\src\pmc_common\SPI\spi1writ.c
  YourHighPriorityISRCode   0x00103a    program     extern F:\SkyDrive\OtvoreniProjekti\USB_CardReaderWiter\fw\DE-090617\Src\main.c
   YourLowPriorityISRCode   0x0010d0    program     extern F:\SkyDrive\OtvoreniProjekti\USB_CardReaderWiter\fw\DE-090617\Src\main.c
              _2jContinue   0x0053aa    program     static E:\3.46\pic18-lt\cxx-framework\src\traditional\stdclib\memset.asm
                   _3jEnd   0x0053b4    program     static E:\3.46\pic18-lt\cxx-framework\src\traditional\stdclib\memset.asm
       _D10KTCYXCODE_0010   0x0053ce    program     static E:\3.46\pic18-lt\cxx-framework\src\traditional\delays\d10ktcyx.asm
       _D10KTCYXCODE_001C   0x0053da    program     static E:\3.46\pic18-lt\cxx-framework\src\traditional\delays\d10ktcyx.asm
        _D10TCYXCODE_000A   0x005480    program     static E:\3.46\pic18-lt\cxx-framework\src\traditional\delays\d10tcyx.asm
        _D10TCYXCODE_000C   0x005482    program     static E:\3.46\pic18-lt\cxx-framework\src\traditional\delays\d10tcyx.asm
        _D10TCYXCODE_000E   0x005484    program     static E:\3.46\pic18-lt\cxx-framework\src\traditional\delays\d10tcyx.asm
        _D1KTCYXCODE_0010   0x00542a    program     static E:\3.46\pic18-lt\cxx-framework\src\traditional\delays\d1ktcyx.asm
        _D1KTCYXCODE_0016   0x005430    program     static E:\3.46\pic18-lt\cxx-framework\src\traditional\delays\d1ktcyx.asm
           ___?:_lbl00016   0x0011cc    program     static                          
           ___?:_lbl00017   0x0011bc    program     static                          
           ___?:_lbl00025   0x0012a0    program     static                          
           ___?:_lbl00026   0x001290    program     static                          
           ___?:_lbl00036   0x00137a    program     static                          
           ___?:_lbl00037   0x00136a    program     static                          
           ___?:_lbl00043   0x0013fe    program     static                          
           ___?:_lbl00044   0x0013ee    program     static                          
           ___?:_lbl00051   0x001482    program     static                          
           ___?:_lbl00052   0x001472    program     static                          
           ___?:_lbl00062   0x00155a    program     static                          
           ___?:_lbl00063   0x00154a    program     static                          
           ___?:_lbl00116   0x001aee    program     static                          
           ___?:_lbl00117   0x001ade    program     static                          
           ___?:_lbl00129   0x001bd4    program     static                          
           ___?:_lbl00130   0x001bc4    program     static                          
           ___?:_lbl00171   0x002320    program     static                          
           ___?:_lbl00172   0x002310    program     static                          
           ___?:_lbl00181   0x0023c6    program     static                          
           ___?:_lbl00182   0x0023b6    program     static                          
           ___?:_lbl00188   0x002444    program     static                          
           ___?:_lbl00189   0x002434    program     static                          
           ___?:_lbl00193   0x002500    program     static                          
           ___?:_lbl00194   0x0024f0    program     static                          
     ___case_120_lbl00180   0x002378    program     static                          
     ___case_121_lbl00187   0x0023f4    program     static                          
      ___case_67_lbl00028   0x0012d4    program     static                          
      ___case_75_lbl00039   0x0013ae    program     static                          
      ___case_80_lbl00121   0x001b2a    program     static                          
      ___case_82_lbl00019   0x001216    program     static                          
      ___case_83_lbl00047   0x00142e    program     static                          
      ___case_85_lbl00176   0x002358    program     static                          
      ___case_87_lbl00054   0x0014b2    program     static                          
         ___else_lbl00072   0x001620    program     static                          
         ___else_lbl00200   0x0024a8    program     static                          
          ___for_lbl00033   0x001354    program     static                          
          ___for_lbl00034   0x00135a    program     static                          
          ___for_lbl00035   0x00133c    program     static                          
          ___for_lbl00040   0x0013d0    program     static                          
          ___for_lbl00041   0x0013d6    program     static                          
          ___for_lbl00042   0x0013b8    program     static                          
          ___for_lbl00048   0x001454    program     static                          
          ___for_lbl00049   0x00145a    program     static                          
          ___for_lbl00050   0x00143c    program     static                          
          ___for_lbl00055   0x0014e4    program     static                          
          ___for_lbl00056   0x0014ea    program     static                          
          ___for_lbl00057   0x0014cc    program     static                          
          ___for_lbl00064   0x0015da    program     static                          
          ___for_lbl00065   0x0015e0    program     static                          
          ___for_lbl00066   0x001582    program     static                          
          ___for_lbl00073   0x00165c    program     static                          
          ___for_lbl00074   0x001662    program     static                          
          ___for_lbl00075   0x00162c    program     static                          
          ___for_lbl00079   0x001820    program     static                          
          ___for_lbl00080   0x001826    program     static                          
          ___for_lbl00081   0x0017f0    program     static                          
          ___for_lbl00122   0x001b5c    program     static                          
          ___for_lbl00123   0x001b62    program     static                          
          ___for_lbl00124   0x001b44    program     static                          
          ___for_lbl00177   0x002394    program     static                          
          ___for_lbl00178   0x00239a    program     static                          
          ___for_lbl00179   0x00237c    program     static                          
          ___for_lbl00184   0x002410    program     static                          
          ___for_lbl00185   0x002416    program     static                          
          ___for_lbl00186   0x0023f8    program     static                          
           ___if_lbl00015   0x0011b0    program     static                          
           ___if_lbl00022   0x001276    program     static                          
           ___if_lbl00023   0x001276    program     static                          
           ___if_lbl00024   0x001284    program     static                          
           ___if_lbl00027   0x0012cc    program     static                          
           ___if_lbl00031   0x001336    program     static                          
           ___if_lbl00032   0x001336    program     static                          
           ___if_lbl00038   0x0013a6    program     static                          
           ___if_lbl00045   0x00142a    program     static                          
           ___if_lbl00046   0x001438    program     static                          
           ___if_lbl00053   0x0014ae    program     static                          
           ___if_lbl00060   0x001538    program     static                          
           ___if_lbl00061   0x001538    program     static                          
           ___if_lbl00071   0x001628    program     static                          
           ___if_lbl00078   0x00179a    program     static                          
           ___if_lbl00084   0x001888    program     static                          
           ___if_lbl00085   0x001888    program     static                          
           ___if_lbl00090   0x0018c4    program     static                          
           ___if_lbl00093   0x001918    program     static                          
           ___if_lbl00094   0x001918    program     static                          
           ___if_lbl00097   0x00196e    program     static                          
           ___if_lbl00098   0x00196e    program     static                          
           ___if_lbl00115   0x001ad2    program     static                          
           ___if_lbl00119   0x001b22    program     static                          
           ___if_lbl00120   0x001b26    program     static                          
           ___if_lbl00127   0x001bb2    program     static                          
           ___if_lbl00128   0x001bb2    program     static                          
           ___if_lbl00133   0x001d40    program     static                          
           ___if_lbl00136   0x001e4c    program     static                          
           ___if_lbl00139   0x001efc    program     static                          
           ___if_lbl00140   0x001efc    program     static                          
           ___if_lbl00145   0x001f34    program     static                          
           ___if_lbl00158   0x002016    program     static                          
           ___if_lbl00161   0x0020d2    program     static                          
           ___if_lbl00162   0x002144    program     static                          
           ___if_lbl00163   0x002182    program     static                          
           ___if_lbl00165   0x002198    program     static                          
           ___if_lbl00168   0x002254    program     static                          
           ___if_lbl00169   0x0022c6    program     static                          
           ___if_lbl00170   0x002304    program     static                          
           ___if_lbl00174   0x002354    program     static                          
           ___if_lbl00175   0x002356    program     static                          
           ___if_lbl00183   0x0023f2    program     static                          
           ___if_lbl00190   0x002470    program     static                          
           ___if_lbl00191   0x002498    program     static                          
           ___if_lbl00192   0x0024d8    program     static                          
           ___if_lbl00195   0x00252c    program     static                          
           ___if_lbl00196   0x00252c    program     static                          
           ___if_lbl00197   0x00252c    program     static                          
           ___if_lbl00198   0x00252c    program     static                          
           ___if_lbl00199   0x00252c    program     static                          
       ___return_lbl00000   0x000004    program     static                          
       ___return_lbl00000   0x00000c    program     static                          
       ___return_lbl00001   0x005474    program     static                          
       ___return_lbl00001   0x00001c    program     static                          
       ___return_lbl00002   0x00525a    program     static                          
       ___return_lbl00002   0x001004    program     static                          
       ___return_lbl00003   0x00100c    program     static                          
       ___return_lbl00004   0x00101c    program     static                          
       ___return_lbl00013   0x00252c    program     static                          
       ___return_lbl00287   0x002c96    program     static                          
   ___switchexit_lbl00018   0x002472    program     static                          
        ___while_lbl00020   0x001246    program     static                          
        ___while_lbl00021   0x001278    program     static                          
        ___while_lbl00029   0x001306    program     static                          
        ___while_lbl00030   0x001338    program     static                          
        ___while_lbl00058   0x001508    program     static                          
        ___while_lbl00059   0x00153a    program     static                          
        ___while_lbl00076   0x001776    program     static                          
        ___while_lbl00077   0x00179a    program     static                          
        ___while_lbl00082   0x001858    program     static                          
        ___while_lbl00083   0x00188a    program     static                          
        ___while_lbl00091   0x0018e8    program     static                          
        ___while_lbl00092   0x00191a    program     static                          
        ___while_lbl00095   0x00193e    program     static                          
        ___while_lbl00096   0x001970    program     static                          
        ___while_lbl00125   0x001b82    program     static                          
        ___while_lbl00126   0x001bb4    program     static                          
        ___while_lbl00131   0x001d1c    program     static                          
        ___while_lbl00132   0x001d40    program     static                          
        ___while_lbl00134   0x001e28    program     static                          
        ___while_lbl00135   0x001e4c    program     static                          
        ___while_lbl00137   0x001ed0    program     static                          
        ___while_lbl00138   0x001efe    program     static                          
        ___while_lbl00159   0x0020ae    program     static                          
        ___while_lbl00160   0x0020d2    program     static                          
        ___while_lbl00166   0x002230    program     static                          
        ___while_lbl00167   0x002254    program     static                          
               __config_0   0x300000    program     static F:\SkyDrive\OtvoreniProjekti\USB_CardReaderWiter\fw\DE-090617\Src\main.c
               __config_1   0x300001    program     static F:\SkyDrive\OtvoreniProjekti\USB_CardReaderWiter\fw\DE-090617\Src\main.c
               __config_2   0x300002    program     static F:\SkyDrive\OtvoreniProjekti\USB_CardReaderWiter\fw\DE-090617\Src\main.c
               __config_3   0x300003    program     static F:\SkyDrive\OtvoreniProjekti\USB_CardReaderWiter\fw\DE-090617\Src\main.c
               __config_4   0x300005    program     static F:\SkyDrive\OtvoreniProjekti\USB_CardReaderWiter\fw\DE-090617\Src\main.c
               __config_5   0x300006    program     static F:\SkyDrive\OtvoreniProjekti\USB_CardReaderWiter\fw\DE-090617\Src\main.c
                   __init   0x00548c    program     extern E:\3.46\pic18-lt\cxx-framework\src\traditional\stdclib\__init.c
               __tmplbl_0   0x0011ac    program     static                          
               __tmplbl_1   0x0011a6    program     static                          
              __tmplbl_10   0x00189e    program     static                          
              __tmplbl_11   0x001894    program     static                          
              __tmplbl_12   0x001aca    program     static                          
              __tmplbl_13   0x001ac0    program     static                          
              __tmplbl_14   0x001ab6    program     static                          
              __tmplbl_15   0x001aac    program     static                          
              __tmplbl_16   0x001aa2    program     static                          
              __tmplbl_17   0x001a68    program     static                          
              __tmplbl_18   0x001a34    program     static                          
              __tmplbl_19   0x001a2e    program     static                          
               __tmplbl_2   0x00161a    program     static                          
              __tmplbl_20   0x001a1c    program     static                          
              __tmplbl_21   0x001a0a    program     static                          
              __tmplbl_22   0x0019f8    program     static                          
              __tmplbl_23   0x0019e6    program     static                          
              __tmplbl_24   0x0019d4    program     static                          
              __tmplbl_25   0x0019c0    program     static                          
              __tmplbl_26   0x0019ac    program     static                          
              __tmplbl_27   0x001998    program     static                          
              __tmplbl_28   0x001984    program     static                          
              __tmplbl_29   0x001a66    program     static                          
               __tmplbl_3   0x001612    program     static                          
              __tmplbl_30   0x001aa0    program     static                          
              __tmplbl_31   0x001afa    program     static                          
              __tmplbl_32   0x001af2    program     static                          
              __tmplbl_33   0x001f30    program     static                          
              __tmplbl_34   0x001f26    program     static                          
              __tmplbl_35   0x001f1c    program     static                          
              __tmplbl_36   0x001f12    program     static                          
              __tmplbl_37   0x001f08    program     static                          
              __tmplbl_38   0x002012    program     static                          
              __tmplbl_39   0x002008    program     static                          
               __tmplbl_4   0x00160a    program     static                          
              __tmplbl_40   0x001fee    program     static                          
              __tmplbl_41   0x001fe8    program     static                          
              __tmplbl_42   0x001fd6    program     static                          
              __tmplbl_43   0x001fc4    program     static                          
              __tmplbl_44   0x001fb2    program     static                          
              __tmplbl_45   0x001fa0    program     static                          
              __tmplbl_46   0x001f8e    program     static                          
              __tmplbl_47   0x001f7c    program     static                          
              __tmplbl_48   0x001f6a    program     static                          
              __tmplbl_49   0x001f58    program     static                          
               __tmplbl_5   0x001602    program     static                          
              __tmplbl_50   0x001f46    program     static                          
              __tmplbl_51   0x00213e    program     static                          
              __tmplbl_52   0x00217c    program     static                          
              __tmplbl_53   0x002194    program     static                          
              __tmplbl_54   0x00218c    program     static                          
              __tmplbl_55   0x0022c0    program     static                          
              __tmplbl_56   0x0022fe    program     static                          
              __tmplbl_57   0x00232c    program     static                          
              __tmplbl_58   0x002324    program     static                          
               __tmplbl_6   0x0015fa    program     static                          
               __tmplbl_7   0x0018bc    program     static                          
              __tmplbl_77   0x0011a0    program     static                          
              __tmplbl_78   0x001716    program     static                          
              __tmplbl_79   0x001748    program     static                          
               __tmplbl_8   0x0018b2    program     static                          
              __tmplbl_80   0x001cbc    program     static                          
              __tmplbl_81   0x001cee    program     static                          
              __tmplbl_82   0x001dc8    program     static                          
              __tmplbl_83   0x001dfa    program     static                          
              __tmplbl_84   0x00204e    program     static                          
              __tmplbl_85   0x002080    program     static                          
              __tmplbl_86   0x0021d0    program     static                          
              __tmplbl_87   0x002202    program     static                          
               __tmplbl_9   0x0018a8    program     static                          
            __zero_memory   0x00543a    program     extern E:\3.46\pic18-lt\cxx-framework\src\traditional\proc\p18f25k50.asm
                _do_cinit   0x0051be    program     extern E:\3.46\pic18-lt\cxx-framework\src\traditional\startup\c018i.c
                   _entry   0x000000    program     extern E:\3.46\pic18-lt\cxx-framework\src\traditional\startup\c018i.c
                   _reset   0x001000    program     extern F:\SkyDrive\OtvoreniProjekti\USB_CardReaderWiter\fw\DE-090617\Src\main.c
                 _startup   0x00545a    program     extern E:\3.46\pic18-lt\cxx-framework\src\traditional\startup\c018i.c
                compare_l   0x005450    program     static E:\3.46\pic18-lt\cxx-framework\src\traditional\proc\p18f25k50.asm
        configDescriptor1   0x00526e    program     extern F:\SkyDrive\OtvoreniProjekti\USB_CardReaderWiter\fw\DE-090617\Src\usb_descriptors.c
                copy_loop   0x005230    program     static                          
            copy_one_byte   0x005236    program     static                          
               device_dsc   0x00525c    program     extern F:\SkyDrive\OtvoreniProjekti\USB_CardReaderWiter\fw\DE-090617\Src\usb_descriptors.c
                     done   0x00525a    program     static                          
             done_copying   0x005244    program     static                          
                hid_rpt01   0x0052c5    program     extern F:\SkyDrive\OtvoreniProjekti\USB_CardReaderWiter\fw\DE-090617\Src\usb_descriptors.c
                     jEnd   0x0053bc    program     static E:\3.46\pic18-lt\cxx-framework\src\traditional\stdclib\memset.asm
                    jLoop   0x00539e    program     static E:\3.46\pic18-lt\cxx-framework\src\traditional\stdclib\memset.asm
                     loop   0x00546a    program     static                          
                   loop_h   0x005448    program     static E:\3.46\pic18-lt\cxx-framework\src\traditional\proc\p18f25k50.asm
                   loop_l   0x005452    program     static E:\3.46\pic18-lt\cxx-framework\src\traditional\proc\p18f25k50.asm
                     main   0x0010f6    program     extern F:\SkyDrive\OtvoreniProjekti\USB_CardReaderWiter\fw\DE-090617\Src\main.c
                   memset   0x00538a    program     extern E:\3.46\pic18-lt\cxx-framework\src\traditional\stdclib\memset.asm
                    sd000   0x005297    program     extern F:\SkyDrive\OtvoreniProjekti\USB_CardReaderWiter\fw\DE-090617\Src\usb_descriptors.c
                    sd001   0x00529b    program     extern F:\SkyDrive\OtvoreniProjekti\USB_CardReaderWiter\fw\DE-090617\Src\usb_descriptors.c
                    sd002   0x0052ab    program     extern F:\SkyDrive\OtvoreniProjekti\USB_CardReaderWiter\fw\DE-090617\Src\usb_descriptors.c
                     test   0x0051d8    program     static                          
               zero_block   0x005448    program     static E:\3.46\pic18-lt\cxx-framework\src\traditional\proc\p18f25k50.asm
                   ACTCON   0x000fb5       data     extern E:\3.46\pic18-lt\cxx-framework\src\traditional\proc\p18f25k50.asm
               ACTCONbits   0x000fb5       data     extern E:\3.46\pic18-lt\cxx-framework\src\traditional\proc\p18f25k50.asm
                   ADCON0   0x000fc2       data     extern E:\3.46\pic18-lt\cxx-framework\src\traditional\proc\p18f25k50.asm
               ADCON0bits   0x000fc2       data     extern E:\3.46\pic18-lt\cxx-framework\src\traditional\proc\p18f25k50.asm
                   ADCON1   0x000fc1       data     extern E:\3.46\pic18-lt\cxx-framework\src\traditional\proc\p18f25k50.asm
               ADCON1bits   0x000fc1       data     extern E:\3.46\pic18-lt\cxx-framework\src\traditional\proc\p18f25k50.asm
                   ADCON2   0x000fc0       data     extern E:\3.46\pic18-lt\cxx-framework\src\traditional\proc\p18f25k50.asm
               ADCON2bits   0x000fc0       data     extern E:\3.46\pic18-lt\cxx-framework\src\traditional\proc\p18f25k50.asm
                   ADRESH   0x000fc4       data     extern E:\3.46\pic18-lt\cxx-framework\src\traditional\proc\p18f25k50.asm
                   ADRESL   0x000fc3       data     extern E:\3.46\pic18-lt\cxx-framework\src\traditional\proc\p18f25k50.asm
                   ANSELA   0x000f5b       data     extern E:\3.46\pic18-lt\cxx-framework\src\traditional\proc\p18f25k50.asm
               ANSELAbits   0x000f5b       data     extern E:\3.46\pic18-lt\cxx-framework\src\traditional\proc\p18f25k50.asm
                   ANSELB   0x000f5c       data     extern E:\3.46\pic18-lt\cxx-framework\src\traditional\proc\p18f25k50.asm
               ANSELBbits   0x000f5c       data     extern E:\3.46\pic18-lt\cxx-framework\src\traditional\proc\p18f25k50.asm
                   ANSELC   0x000f5d       data     extern E:\3.46\pic18-lt\cxx-framework\src\traditional\proc\p18f25k50.asm
               ANSELCbits   0x000f5d       data     extern E:\3.46\pic18-lt\cxx-framework\src\traditional\proc\p18f25k50.asm
                  BAUDCON   0x000fb8       data     extern E:\3.46\pic18-lt\cxx-framework\src\traditional\proc\p18f25k50.asm
                 BAUDCON1   0x000fb8       data     extern E:\3.46\pic18-lt\cxx-framework\src\traditional\proc\p18f25k50.asm
             BAUDCON1bits   0x000fb8       data     extern E:\3.46\pic18-lt\cxx-framework\src\traditional\proc\p18f25k50.asm
              BAUDCONbits   0x000fb8       data     extern E:\3.46\pic18-lt\cxx-framework\src\traditional\proc\p18f25k50.asm
                      BDT   0x000400       data     extern F:\SkyDrive\OtvoreniProjekti\USB_CardReaderWiter\fw\DE-090617\Src\usb_device.c
                      BSR   0x000fe0       data     extern E:\3.46\pic18-lt\cxx-framework\src\traditional\proc\p18f25k50.asm
       BothEP0OutUOWNsSet   0x0005a3       data     extern F:\SkyDrive\OtvoreniProjekti\USB_CardReaderWiter\fw\DE-090617\Src\usb_device.c
             BuzzerStatus   0x0000fd       data     extern F:\SkyDrive\OtvoreniProjekti\USB_CardReaderWiter\fw\DE-090617\Src\main.c
                  CCP1CON   0x000fbd       data     extern E:\3.46\pic18-lt\cxx-framework\src\traditional\proc\p18f25k50.asm
              CCP1CONbits   0x000fbd       data     extern E:\3.46\pic18-lt\cxx-framework\src\traditional\proc\p18f25k50.asm
                  CCP2CON   0x000f97       data     extern E:\3.46\pic18-lt\cxx-framework\src\traditional\proc\p18f25k50.asm
              CCP2CONbits   0x000f97       data     extern E:\3.46\pic18-lt\cxx-framework\src\traditional\proc\p18f25k50.asm
                    CCPR1   0x000fbe       data     extern E:\3.46\pic18-lt\cxx-framework\src\traditional\proc\p18f25k50.asm
                   CCPR1H   0x000fbf       data     extern E:\3.46\pic18-lt\cxx-framework\src\traditional\proc\p18f25k50.asm
                   CCPR1L   0x000fbe       data     extern E:\3.46\pic18-lt\cxx-framework\src\traditional\proc\p18f25k50.asm
                    CCPR2   0x000f90       data     extern E:\3.46\pic18-lt\cxx-framework\src\traditional\proc\p18f25k50.asm
                   CCPR2H   0x000f91       data     extern E:\3.46\pic18-lt\cxx-framework\src\traditional\proc\p18f25k50.asm
                   CCPR2L   0x000f90       data     extern E:\3.46\pic18-lt\cxx-framework\src\traditional\proc\p18f25k50.asm
                  CCPTMRS   0x000f59       data     extern E:\3.46\pic18-lt\cxx-framework\src\traditional\proc\p18f25k50.asm
              CCPTMRSbits   0x000f59       data     extern E:\3.46\pic18-lt\cxx-framework\src\traditional\proc\p18f25k50.asm
                  CM1CON0   0x000f98       data     extern E:\3.46\pic18-lt\cxx-framework\src\traditional\proc\p18f25k50.asm
              CM1CON0bits   0x000f98       data     extern E:\3.46\pic18-lt\cxx-framework\src\traditional\proc\p18f25k50.asm
                  CM2CON0   0x000f99       data     extern E:\3.46\pic18-lt\cxx-framework\src\traditional\proc\p18f25k50.asm
              CM2CON0bits   0x000f99       data     extern E:\3.46\pic18-lt\cxx-framework\src\traditional\proc\p18f25k50.asm
                  CM2CON1   0x000f9a       data     extern E:\3.46\pic18-lt\cxx-framework\src\traditional\proc\p18f25k50.asm
              CM2CON1bits   0x000f9a       data     extern E:\3.46\pic18-lt\cxx-framework\src\traditional\proc\p18f25k50.asm
                 CTMUCON0   0x000f8f       data     extern E:\3.46\pic18-lt\cxx-framework\src\traditional\proc\p18f25k50.asm
             CTMUCON0bits   0x000f8f       data     extern E:\3.46\pic18-lt\cxx-framework\src\traditional\proc\p18f25k50.asm
                 CTMUCON1   0x000f8e       data     extern E:\3.46\pic18-lt\cxx-framework\src\traditional\proc\p18f25k50.asm
             CTMUCON1bits   0x000f8e       data     extern E:\3.46\pic18-lt\cxx-framework\src\traditional\proc\p18f25k50.asm
                 CTMUCONH   0x000f8f       data     extern E:\3.46\pic18-lt\cxx-framework\src\traditional\proc\p18f25k50.asm
             CTMUCONHbits   0x000f8f       data     extern E:\3.46\pic18-lt\cxx-framework\src\traditional\proc\p18f25k50.asm
                 CTMUCONL   0x000f8e       data     extern E:\3.46\pic18-lt\cxx-framework\src\traditional\proc\p18f25k50.asm
             CTMUCONLbits   0x000f8e       data     extern E:\3.46\pic18-lt\cxx-framework\src\traditional\proc\p18f25k50.asm
                 CTMUICON   0x000f88       data     extern E:\3.46\pic18-lt\cxx-framework\src\traditional\proc\p18f25k50.asm
             CTMUICONbits   0x000f88       data     extern E:\3.46\pic18-lt\cxx-framework\src\traditional\proc\p18f25k50.asm
              CtrlTrfData   0x000428       data     extern F:\SkyDrive\OtvoreniProjekti\USB_CardReaderWiter\fw\DE-090617\Src\usb_device.c
                     DDRA   0x000f92       data     extern E:\3.46\pic18-lt\cxx-framework\src\traditional\proc\p18f25k50.asm
                 DDRAbits   0x000f92       data     extern E:\3.46\pic18-lt\cxx-framework\src\traditional\proc\p18f25k50.asm
                     DDRB   0x000f93       data     extern E:\3.46\pic18-lt\cxx-framework\src\traditional\proc\p18f25k50.asm
                 DDRBbits   0x000f93       data     extern E:\3.46\pic18-lt\cxx-framework\src\traditional\proc\p18f25k50.asm
                     DDRC   0x000f94       data     extern E:\3.46\pic18-lt\cxx-framework\src\traditional\proc\p18f25k50.asm
                 DDRCbits   0x000f94       data     extern E:\3.46\pic18-lt\cxx-framework\src\traditional\proc\p18f25k50.asm
            DelayCounter1   0x000026       data     extern E:\3.46\pic18-lt\cxx-framework\src\traditional\delays\delayd1.asm
            DelayCounter2   0x000025       data     extern E:\3.46\pic18-lt\cxx-framework\src\traditional\delays\delayd2.asm
                  ECCP1AS   0x000fb6       data     extern E:\3.46\pic18-lt\cxx-framework\src\traditional\proc\p18f25k50.asm
              ECCP1ASbits   0x000fb6       data     extern E:\3.46\pic18-lt\cxx-framework\src\traditional\proc\p18f25k50.asm
                 ECCP1CON   0x000fbd       data     extern E:\3.46\pic18-lt\cxx-framework\src\traditional\proc\p18f25k50.asm
             ECCP1CONbits   0x000fbd       data     extern E:\3.46\pic18-lt\cxx-framework\src\traditional\proc\p18f25k50.asm
                 ECCP1DEL   0x000fb7       data     extern E:\3.46\pic18-lt\cxx-framework\src\traditional\proc\p18f25k50.asm
             ECCP1DELbits   0x000fb7       data     extern E:\3.46\pic18-lt\cxx-framework\src\traditional\proc\p18f25k50.asm
                 ECCP2CON   0x000f97       data     extern E:\3.46\pic18-lt\cxx-framework\src\traditional\proc\p18f25k50.asm
             ECCP2CONbits   0x000f97       data     extern E:\3.46\pic18-lt\cxx-framework\src\traditional\proc\p18f25k50.asm
                    EEADR   0x000fa9       data     extern E:\3.46\pic18-lt\cxx-framework\src\traditional\proc\p18f25k50.asm
                   EECON1   0x000fa6       data     extern E:\3.46\pic18-lt\cxx-framework\src\traditional\proc\p18f25k50.asm
               EECON1bits   0x000fa6       data     extern E:\3.46\pic18-lt\cxx-framework\src\traditional\proc\p18f25k50.asm
                   EECON2   0x000fa7       data     extern E:\3.46\pic18-lt\cxx-framework\src\traditional\proc\p18f25k50.asm
                   EEDATA   0x000fa8       data     extern E:\3.46\pic18-lt\cxx-framework\src\traditional\proc\p18f25k50.asm
                     FSR0   0x000fe9       data     extern E:\3.46\pic18-lt\cxx-framework\src\traditional\proc\p18f25k50.asm
                    FSR0H   0x000fea       data     extern E:\3.46\pic18-lt\cxx-framework\src\traditional\proc\p18f25k50.asm
                    FSR0L   0x000fe9       data     extern E:\3.46\pic18-lt\cxx-framework\src\traditional\proc\p18f25k50.asm
                     FSR1   0x000fe1       data     extern E:\3.46\pic18-lt\cxx-framework\src\traditional\proc\p18f25k50.asm
                    FSR1H   0x000fe2       data     extern E:\3.46\pic18-lt\cxx-framework\src\traditional\proc\p18f25k50.asm
                    FSR1L   0x000fe1       data     extern E:\3.46\pic18-lt\cxx-framework\src\traditional\proc\p18f25k50.asm
                     FSR2   0x000fd9       data     extern E:\3.46\pic18-lt\cxx-framework\src\traditional\proc\p18f25k50.asm
                    FSR2H   0x000fda       data     extern E:\3.46\pic18-lt\cxx-framework\src\traditional\proc\p18f25k50.asm
                    FSR2L   0x000fd9       data     extern E:\3.46\pic18-lt\cxx-framework\src\traditional\proc\p18f25k50.asm
                  HLVDCON   0x000f9c       data     extern E:\3.46\pic18-lt\cxx-framework\src\traditional\proc\p18f25k50.asm
              HLVDCONbits   0x000f9c       data     extern E:\3.46\pic18-lt\cxx-framework\src\traditional\proc\p18f25k50.asm
                    INDF0   0x000fef       data     extern E:\3.46\pic18-lt\cxx-framework\src\traditional\proc\p18f25k50.asm
                    INDF1   0x000fe7       data     extern E:\3.46\pic18-lt\cxx-framework\src\traditional\proc\p18f25k50.asm
                    INDF2   0x000fdf       data     extern E:\3.46\pic18-lt\cxx-framework\src\traditional\proc\p18f25k50.asm
                   INTCON   0x000ff2       data     extern E:\3.46\pic18-lt\cxx-framework\src\traditional\proc\p18f25k50.asm
                  INTCON2   0x000ff1       data     extern E:\3.46\pic18-lt\cxx-framework\src\traditional\proc\p18f25k50.asm
              INTCON2bits   0x000ff1       data     extern E:\3.46\pic18-lt\cxx-framework\src\traditional\proc\p18f25k50.asm
                  INTCON3   0x000ff0       data     extern E:\3.46\pic18-lt\cxx-framework\src\traditional\proc\p18f25k50.asm
              INTCON3bits   0x000ff0       data     extern E:\3.46\pic18-lt\cxx-framework\src\traditional\proc\p18f25k50.asm
               INTCONbits   0x000ff2       data     extern E:\3.46\pic18-lt\cxx-framework\src\traditional\proc\p18f25k50.asm
                     IOCB   0x000f86       data     extern E:\3.46\pic18-lt\cxx-framework\src\traditional\proc\p18f25k50.asm
                 IOCBbits   0x000f86       data     extern E:\3.46\pic18-lt\cxx-framework\src\traditional\proc\p18f25k50.asm
                     IOCC   0x000f87       data     extern E:\3.46\pic18-lt\cxx-framework\src\traditional\proc\p18f25k50.asm
                 IOCCbits   0x000f87       data     extern E:\3.46\pic18-lt\cxx-framework\src\traditional\proc\p18f25k50.asm
                     IPR1   0x000f9f       data     extern E:\3.46\pic18-lt\cxx-framework\src\traditional\proc\p18f25k50.asm
                 IPR1bits   0x000f9f       data     extern E:\3.46\pic18-lt\cxx-framework\src\traditional\proc\p18f25k50.asm
                     IPR2   0x000fa2       data     extern E:\3.46\pic18-lt\cxx-framework\src\traditional\proc\p18f25k50.asm
                 IPR2bits   0x000fa2       data     extern E:\3.46\pic18-lt\cxx-framework\src\traditional\proc\p18f25k50.asm
                     IPR3   0x000fa5       data     extern E:\3.46\pic18-lt\cxx-framework\src\traditional\proc\p18f25k50.asm
                 IPR3bits   0x000fa5       data     extern E:\3.46\pic18-lt\cxx-framework\src\traditional\proc\p18f25k50.asm
                     LATA   0x000f89       data     extern E:\3.46\pic18-lt\cxx-framework\src\traditional\proc\p18f25k50.asm
                 LATAbits   0x000f89       data     extern E:\3.46\pic18-lt\cxx-framework\src\traditional\proc\p18f25k50.asm
                     LATB   0x000f8a       data     extern E:\3.46\pic18-lt\cxx-framework\src\traditional\proc\p18f25k50.asm
                 LATBbits   0x000f8a       data     extern E:\3.46\pic18-lt\cxx-framework\src\traditional\proc\p18f25k50.asm
                     LATC   0x000f8b       data     extern E:\3.46\pic18-lt\cxx-framework\src\traditional\proc\p18f25k50.asm
                 LATCbits   0x000f8b       data     extern E:\3.46\pic18-lt\cxx-framework\src\traditional\proc\p18f25k50.asm
                   OSCCON   0x000fd3       data     extern E:\3.46\pic18-lt\cxx-framework\src\traditional\proc\p18f25k50.asm
                  OSCCON2   0x000fd2       data     extern E:\3.46\pic18-lt\cxx-framework\src\traditional\proc\p18f25k50.asm
              OSCCON2bits   0x000fd2       data     extern E:\3.46\pic18-lt\cxx-framework\src\traditional\proc\p18f25k50.asm
               OSCCONbits   0x000fd3       data     extern E:\3.46\pic18-lt\cxx-framework\src\traditional\proc\p18f25k50.asm
                  OSCTUNE   0x000f9b       data     extern E:\3.46\pic18-lt\cxx-framework\src\traditional\proc\p18f25k50.asm
              OSCTUNEbits   0x000f9b       data     extern E:\3.46\pic18-lt\cxx-framework\src\traditional\proc\p18f25k50.asm
                       PC   0x000ff9       data     extern E:\3.46\pic18-lt\cxx-framework\src\traditional\proc\p18f25k50.asm
                      PCL   0x000ff9       data     extern E:\3.46\pic18-lt\cxx-framework\src\traditional\proc\p18f25k50.asm
                   PCLATH   0x000ffa       data     extern E:\3.46\pic18-lt\cxx-framework\src\traditional\proc\p18f25k50.asm
                   PCLATU   0x000ffb       data     extern E:\3.46\pic18-lt\cxx-framework\src\traditional\proc\p18f25k50.asm
                     PIE1   0x000f9d       data     extern E:\3.46\pic18-lt\cxx-framework\src\traditional\proc\p18f25k50.asm
                 PIE1bits   0x000f9d       data     extern E:\3.46\pic18-lt\cxx-framework\src\traditional\proc\p18f25k50.asm
                     PIE2   0x000fa0       data     extern E:\3.46\pic18-lt\cxx-framework\src\traditional\proc\p18f25k50.asm
                 PIE2bits   0x000fa0       data     extern E:\3.46\pic18-lt\cxx-framework\src\traditional\proc\p18f25k50.asm
                     PIE3   0x000fa3       data     extern E:\3.46\pic18-lt\cxx-framework\src\traditional\proc\p18f25k50.asm
                 PIE3bits   0x000fa3       data     extern E:\3.46\pic18-lt\cxx-framework\src\traditional\proc\p18f25k50.asm
                     PIR1   0x000f9e       data     extern E:\3.46\pic18-lt\cxx-framework\src\traditional\proc\p18f25k50.asm
                 PIR1bits   0x000f9e       data     extern E:\3.46\pic18-lt\cxx-framework\src\traditional\proc\p18f25k50.asm
                     PIR2   0x000fa1       data     extern E:\3.46\pic18-lt\cxx-framework\src\traditional\proc\p18f25k50.asm
                 PIR2bits   0x000fa1       data     extern E:\3.46\pic18-lt\cxx-framework\src\traditional\proc\p18f25k50.asm
                     PIR3   0x000fa4       data     extern E:\3.46\pic18-lt\cxx-framework\src\traditional\proc\p18f25k50.asm
                 PIR3bits   0x000fa4       data     extern E:\3.46\pic18-lt\cxx-framework\src\traditional\proc\p18f25k50.asm
                   PLUSW0   0x000feb       data     extern E:\3.46\pic18-lt\cxx-framework\src\traditional\proc\p18f25k50.asm
                   PLUSW1   0x000fe3       data     extern E:\3.46\pic18-lt\cxx-framework\src\traditional\proc\p18f25k50.asm
                   PLUSW2   0x000fdb       data     extern E:\3.46\pic18-lt\cxx-framework\src\traditional\proc\p18f25k50.asm
                     PMD0   0x000f7e       data     extern E:\3.46\pic18-lt\cxx-framework\src\traditional\proc\p18f25k50.asm
                 PMD0bits   0x000f7e       data     extern E:\3.46\pic18-lt\cxx-framework\src\traditional\proc\p18f25k50.asm
                     PMD1   0x000f7f       data     extern E:\3.46\pic18-lt\cxx-framework\src\traditional\proc\p18f25k50.asm
                 PMD1bits   0x000f7f       data     extern E:\3.46\pic18-lt\cxx-framework\src\traditional\proc\p18f25k50.asm
                    PORTA   0x000f80       data     extern E:\3.46\pic18-lt\cxx-framework\src\traditional\proc\p18f25k50.asm
                PORTAbits   0x000f80       data     extern E:\3.46\pic18-lt\cxx-framework\src\traditional\proc\p18f25k50.asm
                    PORTB   0x000f81       data     extern E:\3.46\pic18-lt\cxx-framework\src\traditional\proc\p18f25k50.asm
                PORTBbits   0x000f81       data     extern E:\3.46\pic18-lt\cxx-framework\src\traditional\proc\p18f25k50.asm
                    PORTC   0x000f82       data     extern E:\3.46\pic18-lt\cxx-framework\src\traditional\proc\p18f25k50.asm
                PORTCbits   0x000f82       data     extern E:\3.46\pic18-lt\cxx-framework\src\traditional\proc\p18f25k50.asm
                    PORTE   0x000f84       data     extern E:\3.46\pic18-lt\cxx-framework\src\traditional\proc\p18f25k50.asm
                PORTEbits   0x000f84       data     extern E:\3.46\pic18-lt\cxx-framework\src\traditional\proc\p18f25k50.asm
                 POSTDEC0   0x000fed       data     extern E:\3.46\pic18-lt\cxx-framework\src\traditional\proc\p18f25k50.asm
                 POSTDEC1   0x000fe5       data     extern E:\3.46\pic18-lt\cxx-framework\src\traditional\proc\p18f25k50.asm
                 POSTDEC2   0x000fdd       data     extern E:\3.46\pic18-lt\cxx-framework\src\traditional\proc\p18f25k50.asm
                 POSTINC0   0x000fee       data     extern E:\3.46\pic18-lt\cxx-framework\src\traditional\proc\p18f25k50.asm
                 POSTINC1   0x000fe6       data     extern E:\3.46\pic18-lt\cxx-framework\src\traditional\proc\p18f25k50.asm
                 POSTINC2   0x000fde       data     extern E:\3.46\pic18-lt\cxx-framework\src\traditional\proc\p18f25k50.asm
                      PR2   0x000fbb       data     extern E:\3.46\pic18-lt\cxx-framework\src\traditional\proc\p18f25k50.asm
                  PREINC0   0x000fec       data     extern E:\3.46\pic18-lt\cxx-framework\src\traditional\proc\p18f25k50.asm
                  PREINC1   0x000fe4       data     extern E:\3.46\pic18-lt\cxx-framework\src\traditional\proc\p18f25k50.asm
                  PREINC2   0x000fdc       data     extern E:\3.46\pic18-lt\cxx-framework\src\traditional\proc\p18f25k50.asm
                     PROD   0x000ff3       data     extern E:\3.46\pic18-lt\cxx-framework\src\traditional\proc\p18f25k50.asm
                    PRODH   0x000ff4       data     extern E:\3.46\pic18-lt\cxx-framework\src\traditional\proc\p18f25k50.asm
                    PRODL   0x000ff3       data     extern E:\3.46\pic18-lt\cxx-framework\src\traditional\proc\p18f25k50.asm
                 PSTR1CON   0x000fb9       data     extern E:\3.46\pic18-lt\cxx-framework\src\traditional\proc\p18f25k50.asm
             PSTR1CONbits   0x000fb9       data     extern E:\3.46\pic18-lt\cxx-framework\src\traditional\proc\p18f25k50.asm
                  PWM1CON   0x000fb7       data     extern E:\3.46\pic18-lt\cxx-framework\src\traditional\proc\p18f25k50.asm
              PWM1CONbits   0x000fb7       data     extern E:\3.46\pic18-lt\cxx-framework\src\traditional\proc\p18f25k50.asm
           RC522_Selected   0x0005c4       data     static F:\SkyDrive\OtvoreniProjekti\USB_CardReaderWiter\fw\DE-090617\Src\rc522.c
                     RCON   0x000fd0       data     extern E:\3.46\pic18-lt\cxx-framework\src\traditional\proc\p18f25k50.asm
                 RCONbits   0x000fd0       data     extern E:\3.46\pic18-lt\cxx-framework\src\traditional\proc\p18f25k50.asm
                    RCREG   0x000fae       data     extern E:\3.46\pic18-lt\cxx-framework\src\traditional\proc\p18f25k50.asm
                   RCREG1   0x000fae       data     extern E:\3.46\pic18-lt\cxx-framework\src\traditional\proc\p18f25k50.asm
                    RCSTA   0x000fab       data     extern E:\3.46\pic18-lt\cxx-framework\src\traditional\proc\p18f25k50.asm
                   RCSTA1   0x000fab       data     extern E:\3.46\pic18-lt\cxx-framework\src\traditional\proc\p18f25k50.asm
               RCSTA1bits   0x000fab       data     extern E:\3.46\pic18-lt\cxx-framework\src\traditional\proc\p18f25k50.asm
                RCSTAbits   0x000fab       data     extern E:\3.46\pic18-lt\cxx-framework\src\traditional\proc\p18f25k50.asm
       ReceivedDataBuffer   0x000500       data     extern F:\SkyDrive\OtvoreniProjekti\USB_CardReaderWiter\fw\DE-090617\Src\main.c
             RemoteWakeup   0x00059f       data     extern F:\SkyDrive\OtvoreniProjekti\USB_CardReaderWiter\fw\DE-090617\Src\usb_device.c
                     SIGN   0x000023       data     extern E:\3.46\pic18-lt\cxx-framework\src\traditional\math\cmath18.asm
                   SLRCON   0x000f7a       data     extern E:\3.46\pic18-lt\cxx-framework\src\traditional\proc\p18f25k50.asm
               SLRCONbits   0x000f7a       data     extern E:\3.46\pic18-lt\cxx-framework\src\traditional\proc\p18f25k50.asm
                    SPBRG   0x000faf       data     extern E:\3.46\pic18-lt\cxx-framework\src\traditional\proc\p18f25k50.asm
                   SPBRG1   0x000faf       data     extern E:\3.46\pic18-lt\cxx-framework\src\traditional\proc\p18f25k50.asm
               SPBRG1bits   0x000faf       data     extern E:\3.46\pic18-lt\cxx-framework\src\traditional\proc\p18f25k50.asm
                   SPBRGH   0x000fb0       data     extern E:\3.46\pic18-lt\cxx-framework\src\traditional\proc\p18f25k50.asm
                  SPBRGH1   0x000fb0       data     extern E:\3.46\pic18-lt\cxx-framework\src\traditional\proc\p18f25k50.asm
              SPBRGH1bits   0x000fb0       data     extern E:\3.46\pic18-lt\cxx-framework\src\traditional\proc\p18f25k50.asm
               SPBRGHbits   0x000fb0       data     extern E:\3.46\pic18-lt\cxx-framework\src\traditional\proc\p18f25k50.asm
                SPBRGbits   0x000faf       data     extern E:\3.46\pic18-lt\cxx-framework\src\traditional\proc\p18f25k50.asm
                   SRCON0   0x000f58       data     extern E:\3.46\pic18-lt\cxx-framework\src\traditional\proc\p18f25k50.asm
               SRCON0bits   0x000f58       data     extern E:\3.46\pic18-lt\cxx-framework\src\traditional\proc\p18f25k50.asm
                   SRCON1   0x000f57       data     extern E:\3.46\pic18-lt\cxx-framework\src\traditional\proc\p18f25k50.asm
               SRCON1bits   0x000f57       data     extern E:\3.46\pic18-lt\cxx-framework\src\traditional\proc\p18f25k50.asm
                  SSP1ADD   0x000fc8       data     extern E:\3.46\pic18-lt\cxx-framework\src\traditional\proc\p18f25k50.asm
              SSP1ADDbits   0x000fc8       data     extern E:\3.46\pic18-lt\cxx-framework\src\traditional\proc\p18f25k50.asm
                  SSP1BUF   0x000fc9       data     extern E:\3.46\pic18-lt\cxx-framework\src\traditional\proc\p18f25k50.asm
                 SSP1CON1   0x000fc6       data     extern E:\3.46\pic18-lt\cxx-framework\src\traditional\proc\p18f25k50.asm
             SSP1CON1bits   0x000fc6       data     extern E:\3.46\pic18-lt\cxx-framework\src\traditional\proc\p18f25k50.asm
                 SSP1CON2   0x000fc5       data     extern E:\3.46\pic18-lt\cxx-framework\src\traditional\proc\p18f25k50.asm
             SSP1CON2bits   0x000fc5       data     extern E:\3.46\pic18-lt\cxx-framework\src\traditional\proc\p18f25k50.asm
                 SSP1CON3   0x000fcb       data     extern E:\3.46\pic18-lt\cxx-framework\src\traditional\proc\p18f25k50.asm
             SSP1CON3bits   0x000fcb       data     extern E:\3.46\pic18-lt\cxx-framework\src\traditional\proc\p18f25k50.asm
                  SSP1MSK   0x000fca       data     extern E:\3.46\pic18-lt\cxx-framework\src\traditional\proc\p18f25k50.asm
              SSP1MSKbits   0x000fca       data     extern E:\3.46\pic18-lt\cxx-framework\src\traditional\proc\p18f25k50.asm
                 SSP1STAT   0x000fc7       data     extern E:\3.46\pic18-lt\cxx-framework\src\traditional\proc\p18f25k50.asm
             SSP1STATbits   0x000fc7       data     extern E:\3.46\pic18-lt\cxx-framework\src\traditional\proc\p18f25k50.asm
                   SSPADD   0x000fc8       data     extern E:\3.46\pic18-lt\cxx-framework\src\traditional\proc\p18f25k50.asm
               SSPADDbits   0x000fc8       data     extern E:\3.46\pic18-lt\cxx-framework\src\traditional\proc\p18f25k50.asm
                   SSPBUF   0x000fc9       data     extern E:\3.46\pic18-lt\cxx-framework\src\traditional\proc\p18f25k50.asm
                   SSPCON   0x000fc6       data     extern E:\3.46\pic18-lt\cxx-framework\src\traditional\proc\p18f25k50.asm
                  SSPCON1   0x000fc6       data     extern E:\3.46\pic18-lt\cxx-framework\src\traditional\proc\p18f25k50.asm
              SSPCON1bits   0x000fc6       data     extern E:\3.46\pic18-lt\cxx-framework\src\traditional\proc\p18f25k50.asm
                  SSPCON2   0x000fc5       data     extern E:\3.46\pic18-lt\cxx-framework\src\traditional\proc\p18f25k50.asm
              SSPCON2bits   0x000fc5       data     extern E:\3.46\pic18-lt\cxx-framework\src\traditional\proc\p18f25k50.asm
                  SSPCON3   0x000fcb       data     extern E:\3.46\pic18-lt\cxx-framework\src\traditional\proc\p18f25k50.asm
              SSPCON3bits   0x000fcb       data     extern E:\3.46\pic18-lt\cxx-framework\src\traditional\proc\p18f25k50.asm
               SSPCONbits   0x000fc6       data     extern E:\3.46\pic18-lt\cxx-framework\src\traditional\proc\p18f25k50.asm
                   SSPMSK   0x000fca       data     extern E:\3.46\pic18-lt\cxx-framework\src\traditional\proc\p18f25k50.asm
               SSPMSKbits   0x000fca       data     extern E:\3.46\pic18-lt\cxx-framework\src\traditional\proc\p18f25k50.asm
                  SSPSTAT   0x000fc7       data     extern E:\3.46\pic18-lt\cxx-framework\src\traditional\proc\p18f25k50.asm
              SSPSTATbits   0x000fc7       data     extern E:\3.46\pic18-lt\cxx-framework\src\traditional\proc\p18f25k50.asm
                   STATUS   0x000fd8       data     extern E:\3.46\pic18-lt\cxx-framework\src\traditional\proc\p18f25k50.asm
               STATUSbits   0x000fd8       data     extern E:\3.46\pic18-lt\cxx-framework\src\traditional\proc\p18f25k50.asm
                    STCON   0x000fb5       data     extern E:\3.46\pic18-lt\cxx-framework\src\traditional\proc\p18f25k50.asm
                STCONbits   0x000fb5       data     extern E:\3.46\pic18-lt\cxx-framework\src\traditional\proc\p18f25k50.asm
                   STKPTR   0x000ffc       data     extern E:\3.46\pic18-lt\cxx-framework\src\traditional\proc\p18f25k50.asm
               STKPTRbits   0x000ffc       data     extern E:\3.46\pic18-lt\cxx-framework\src\traditional\proc\p18f25k50.asm
                   Sector   0x0000c5       data     extern F:\SkyDrive\OtvoreniProjekti\USB_CardReaderWiter\fw\DE-090617\Src\rc522.c
                 SetupPkt   0x000420       data     extern F:\SkyDrive\OtvoreniProjekti\USB_CardReaderWiter\fw\DE-090617\Src\usb_device.c
                    T0CON   0x000fd5       data     extern E:\3.46\pic18-lt\cxx-framework\src\traditional\proc\p18f25k50.asm
                T0CONbits   0x000fd5       data     extern E:\3.46\pic18-lt\cxx-framework\src\traditional\proc\p18f25k50.asm
                    T1CON   0x000fcd       data     extern E:\3.46\pic18-lt\cxx-framework\src\traditional\proc\p18f25k50.asm
                T1CONbits   0x000fcd       data     extern E:\3.46\pic18-lt\cxx-framework\src\traditional\proc\p18f25k50.asm
                   T1GCON   0x000fcc       data     extern E:\3.46\pic18-lt\cxx-framework\src\traditional\proc\p18f25k50.asm
               T1GCONbits   0x000fcc       data     extern E:\3.46\pic18-lt\cxx-framework\src\traditional\proc\p18f25k50.asm
                    T2CON   0x000fba       data     extern E:\3.46\pic18-lt\cxx-framework\src\traditional\proc\p18f25k50.asm
                T2CONbits   0x000fba       data     extern E:\3.46\pic18-lt\cxx-framework\src\traditional\proc\p18f25k50.asm
                    T3CON   0x000fb1       data     extern E:\3.46\pic18-lt\cxx-framework\src\traditional\proc\p18f25k50.asm
                T3CONbits   0x000fb1       data     extern E:\3.46\pic18-lt\cxx-framework\src\traditional\proc\p18f25k50.asm
                   T3GCON   0x000fb4       data     extern E:\3.46\pic18-lt\cxx-framework\src\traditional\proc\p18f25k50.asm
               T3GCONbits   0x000fb4       data     extern E:\3.46\pic18-lt\cxx-framework\src\traditional\proc\p18f25k50.asm
                   TABLAT   0x000ff5       data     extern E:\3.46\pic18-lt\cxx-framework\src\traditional\proc\p18f25k50.asm
                   TBLPTR   0x000ff6       data     extern E:\3.46\pic18-lt\cxx-framework\src\traditional\proc\p18f25k50.asm
                  TBLPTRH   0x000ff7       data     extern E:\3.46\pic18-lt\cxx-framework\src\traditional\proc\p18f25k50.asm
                  TBLPTRL   0x000ff6       data     extern E:\3.46\pic18-lt\cxx-framework\src\traditional\proc\p18f25k50.asm
                  TBLPTRU   0x000ff8       data     extern E:\3.46\pic18-lt\cxx-framework\src\traditional\proc\p18f25k50.asm
                    TMR0H   0x000fd7       data     extern E:\3.46\pic18-lt\cxx-framework\src\traditional\proc\p18f25k50.asm
                    TMR0L   0x000fd6       data     extern E:\3.46\pic18-lt\cxx-framework\src\traditional\proc\p18f25k50.asm
                    TMR1H   0x000fcf       data     extern E:\3.46\pic18-lt\cxx-framework\src\traditional\proc\p18f25k50.asm
                    TMR1L   0x000fce       data     extern E:\3.46\pic18-lt\cxx-framework\src\traditional\proc\p18f25k50.asm
                     TMR2   0x000fbc       data     extern E:\3.46\pic18-lt\cxx-framework\src\traditional\proc\p18f25k50.asm
                    TMR3H   0x000fb3       data     extern E:\3.46\pic18-lt\cxx-framework\src\traditional\proc\p18f25k50.asm
                    TMR3L   0x000fb2       data     extern E:\3.46\pic18-lt\cxx-framework\src\traditional\proc\p18f25k50.asm
                      TOS   0x000ffd       data     extern E:\3.46\pic18-lt\cxx-framework\src\traditional\proc\p18f25k50.asm
                     TOSH   0x000ffe       data     extern E:\3.46\pic18-lt\cxx-framework\src\traditional\proc\p18f25k50.asm
                     TOSL   0x000ffd       data     extern E:\3.46\pic18-lt\cxx-framework\src\traditional\proc\p18f25k50.asm
                     TOSU   0x000fff       data     extern E:\3.46\pic18-lt\cxx-framework\src\traditional\proc\p18f25k50.asm
                    TRISA   0x000f92       data     extern E:\3.46\pic18-lt\cxx-framework\src\traditional\proc\p18f25k50.asm
                TRISAbits   0x000f92       data     extern E:\3.46\pic18-lt\cxx-framework\src\traditional\proc\p18f25k50.asm
                    TRISB   0x000f93       data     extern E:\3.46\pic18-lt\cxx-framework\src\traditional\proc\p18f25k50.asm
                TRISBbits   0x000f93       data     extern E:\3.46\pic18-lt\cxx-framework\src\traditional\proc\p18f25k50.asm
                    TRISC   0x000f94       data     extern E:\3.46\pic18-lt\cxx-framework\src\traditional\proc\p18f25k50.asm
                TRISCbits   0x000f94       data     extern E:\3.46\pic18-lt\cxx-framework\src\traditional\proc\p18f25k50.asm
                    TXREG   0x000fad       data     extern E:\3.46\pic18-lt\cxx-framework\src\traditional\proc\p18f25k50.asm
                   TXREG1   0x000fad       data     extern E:\3.46\pic18-lt\cxx-framework\src\traditional\proc\p18f25k50.asm
                    TXSTA   0x000fac       data     extern E:\3.46\pic18-lt\cxx-framework\src\traditional\proc\p18f25k50.asm
                   TXSTA1   0x000fac       data     extern E:\3.46\pic18-lt\cxx-framework\src\traditional\proc\p18f25k50.asm
               TXSTA1bits   0x000fac       data     extern E:\3.46\pic18-lt\cxx-framework\src\traditional\proc\p18f25k50.asm
                TXSTAbits   0x000fac       data     extern E:\3.46\pic18-lt\cxx-framework\src\traditional\proc\p18f25k50.asm
         ToSendDataBuffer   0x000540       data     extern F:\SkyDrive\OtvoreniProjekti\USB_CardReaderWiter\fw\DE-090617\Src\main.c
                    UADDR   0x000f63       data     extern E:\3.46\pic18-lt\cxx-framework\src\traditional\proc\p18f25k50.asm
                UADDRbits   0x000f63       data     extern E:\3.46\pic18-lt\cxx-framework\src\traditional\proc\p18f25k50.asm
                     UCFG   0x000f62       data     extern E:\3.46\pic18-lt\cxx-framework\src\traditional\proc\p18f25k50.asm
                 UCFGbits   0x000f62       data     extern E:\3.46\pic18-lt\cxx-framework\src\traditional\proc\p18f25k50.asm
                     UCON   0x000f60       data     extern E:\3.46\pic18-lt\cxx-framework\src\traditional\proc\p18f25k50.asm
                 UCONbits   0x000f60       data     extern E:\3.46\pic18-lt\cxx-framework\src\traditional\proc\p18f25k50.asm
                     UEIE   0x000f66       data     extern E:\3.46\pic18-lt\cxx-framework\src\traditional\proc\p18f25k50.asm
                 UEIEbits   0x000f66       data     extern E:\3.46\pic18-lt\cxx-framework\src\traditional\proc\p18f25k50.asm
                     UEIR   0x000f67       data     extern E:\3.46\pic18-lt\cxx-framework\src\traditional\proc\p18f25k50.asm
                 UEIRbits   0x000f67       data     extern E:\3.46\pic18-lt\cxx-framework\src\traditional\proc\p18f25k50.asm
                     UEP0   0x000f6a       data     extern E:\3.46\pic18-lt\cxx-framework\src\traditional\proc\p18f25k50.asm
                 UEP0bits   0x000f6a       data     extern E:\3.46\pic18-lt\cxx-framework\src\traditional\proc\p18f25k50.asm
                     UEP1   0x000f6b       data     extern E:\3.46\pic18-lt\cxx-framework\src\traditional\proc\p18f25k50.asm
                    UEP10   0x000f74       data     extern E:\3.46\pic18-lt\cxx-framework\src\traditional\proc\p18f25k50.asm
                UEP10bits   0x000f74       data     extern E:\3.46\pic18-lt\cxx-framework\src\traditional\proc\p18f25k50.asm
                    UEP11   0x000f75       data     extern E:\3.46\pic18-lt\cxx-framework\src\traditional\proc\p18f25k50.asm
                UEP11bits   0x000f75       data     extern E:\3.46\pic18-lt\cxx-framework\src\traditional\proc\p18f25k50.asm
                    UEP12   0x000f76       data     extern E:\3.46\pic18-lt\cxx-framework\src\traditional\proc\p18f25k50.asm
                UEP12bits   0x000f76       data     extern E:\3.46\pic18-lt\cxx-framework\src\traditional\proc\p18f25k50.asm
                    UEP13   0x000f77       data     extern E:\3.46\pic18-lt\cxx-framework\src\traditional\proc\p18f25k50.asm
                UEP13bits   0x000f77       data     extern E:\3.46\pic18-lt\cxx-framework\src\traditional\proc\p18f25k50.asm
                    UEP14   0x000f78       data     extern E:\3.46\pic18-lt\cxx-framework\src\traditional\proc\p18f25k50.asm
                UEP14bits   0x000f78       data     extern E:\3.46\pic18-lt\cxx-framework\src\traditional\proc\p18f25k50.asm
                    UEP15   0x000f79       data     extern E:\3.46\pic18-lt\cxx-framework\src\traditional\proc\p18f25k50.asm
                UEP15bits   0x000f79       data     extern E:\3.46\pic18-lt\cxx-framework\src\traditional\proc\p18f25k50.asm
                 UEP1bits   0x000f6b       data     extern E:\3.46\pic18-lt\cxx-framework\src\traditional\proc\p18f25k50.asm
                     UEP2   0x000f6c       data     extern E:\3.46\pic18-lt\cxx-framework\src\traditional\proc\p18f25k50.asm
                 UEP2bits   0x000f6c       data     extern E:\3.46\pic18-lt\cxx-framework\src\traditional\proc\p18f25k50.asm
[...]
                   RCSTA1   0x000fab       data     extern E:\3.46\pic18-lt\cxx-framework\src\traditional\proc\p18f25k50.asm
                    RCSTA   0x000fab       data     extern E:\3.46\pic18-lt\cxx-framework\src\traditional\proc\p18f25k50.asm
               RCSTA1bits   0x000fab       data     extern E:\3.46\pic18-lt\cxx-framework\src\traditional\proc\p18f25k50.asm
                RCSTAbits   0x000fab       data     extern E:\3.46\pic18-lt\cxx-framework\src\traditional\proc\p18f25k50.asm
                TXSTAbits   0x000fac       data     extern E:\3.46\pic18-lt\cxx-framework\src\traditional\proc\p18f25k50.asm
               TXSTA1bits   0x000fac       data     extern E:\3.46\pic18-lt\cxx-framework\src\traditional\proc\p18f25k50.asm
                   TXSTA1   0x000fac       data     extern E:\3.46\pic18-lt\cxx-framework\src\traditional\proc\p18f25k50.asm
                    TXSTA   0x000fac       data     extern E:\3.46\pic18-lt\cxx-framework\src\traditional\proc\p18f25k50.asm
                   TXREG1   0x000fad       data     extern E:\3.46\pic18-lt\cxx-framework\src\traditional\proc\p18f25k50.asm
                    TXREG   0x000fad       data     extern E:\3.46\pic18-lt\cxx-framework\src\traditional\proc\p18f25k50.asm
                   RCREG1   0x000fae       data     extern E:\3.46\pic18-lt\cxx-framework\src\traditional\proc\p18f25k50.asm
                    RCREG   0x000fae       data     extern E:\3.46\pic18-lt\cxx-framework\src\traditional\proc\p18f25k50.asm
                   SPBRG1   0x000faf       data     extern E:\3.46\pic18-lt\cxx-framework\src\traditional\proc\p18f25k50.asm
               SPBRG1bits   0x000faf       data     extern E:\3.46\pic18-lt\cxx-framework\src\traditional\proc\p18f25k50.asm
                SPBRGbits   0x000faf       data     extern E:\3.46\pic18-lt\cxx-framework\src\traditional\proc\p18f25k50.asm
                    SPBRG   0x000faf       data     extern E:\3.46\pic18-lt\cxx-framework\src\traditional\proc\p18f25k50.asm
                   SPBRGH   0x000fb0       data     extern E:\3.46\pic18-lt\cxx-framework\src\traditional\proc\p18f25k50.asm
                  SPBRGH1   0x000fb0       data     extern E:\3.46\pic18-lt\cxx-framework\src\traditional\proc\p18f25k50.asm
              SPBRGH1bits   0x000fb0       data     extern E:\3.46\pic18-lt\cxx-framework\src\traditional\proc\p18f25k50.asm
               SPBRGHbits   0x000fb0       data     extern E:\3.46\pic18-lt\cxx-framework\src\traditional\proc\p18f25k50.asm
                T3CONbits   0x000fb1       data     extern E:\3.46\pic18-lt\cxx-framework\src\traditional\proc\p18f25k50.asm
                    T3CON   0x000fb1       data     extern E:\3.46\pic18-lt\cxx-framework\src\traditional\proc\p18f25k50.asm
                    TMR3L   0x000fb2       data     extern E:\3.46\pic18-lt\cxx-framework\src\traditional\proc\p18f25k50.asm
                    TMR3H   0x000fb3       data     extern E:\3.46\pic18-lt\cxx-framework\src\traditional\proc\p18f25k50.asm
                   T3GCON   0x000fb4       data     extern E:\3.46\pic18-lt\cxx-framework\src\traditional\proc\p18f25k50.asm
               T3GCONbits   0x000fb4       data     extern E:\3.46\pic18-lt\cxx-framework\src\traditional\proc\p18f25k50.asm
                   ACTCON   0x000fb5       data     extern E:\3.46\pic18-lt\cxx-framework\src\traditional\proc\p18f25k50.asm
               ACTCONbits   0x000fb5       data     extern E:\3.46\pic18-lt\cxx-framework\src\traditional\proc\p18f25k50.asm
                    STCON   0x000fb5       data     extern E:\3.46\pic18-lt\cxx-framework\src\traditional\proc\p18f25k50.asm
                STCONbits   0x000fb5       data     extern E:\3.46\pic18-lt\cxx-framework\src\traditional\proc\p18f25k50.asm
                  ECCP1AS   0x000fb6       data     extern E:\3.46\pic18-lt\cxx-framework\src\traditional\proc\p18f25k50.asm
              ECCP1ASbits   0x000fb6       data     extern E:\3.46\pic18-lt\cxx-framework\src\traditional\proc\p18f25k50.asm
                 ECCP1DEL   0x000fb7       data     extern E:\3.46\pic18-lt\cxx-framework\src\traditional\proc\p18f25k50.asm
             ECCP1DELbits   0x000fb7       data     extern E:\3.46\pic18-lt\cxx-framework\src\traditional\proc\p18f25k50.asm
                  PWM1CON   0x000fb7       data     extern E:\3.46\pic18-lt\cxx-framework\src\traditional\proc\p18f25k50.asm
              PWM1CONbits   0x000fb7       data     extern E:\3.46\pic18-lt\cxx-framework\src\traditional\proc\p18f25k50.asm
                 BAUDCON1   0x000fb8       data     extern E:\3.46\pic18-lt\cxx-framework\src\traditional\proc\p18f25k50.asm
             BAUDCON1bits   0x000fb8       data     extern E:\3.46\pic18-lt\cxx-framework\src\traditional\proc\p18f25k50.asm
                  BAUDCON   0x000fb8       data     extern E:\3.46\pic18-lt\cxx-framework\src\traditional\proc\p18f25k50.asm
              BAUDCONbits   0x000fb8       data     extern E:\3.46\pic18-lt\cxx-framework\src\traditional\proc\p18f25k50.asm
             PSTR1CONbits   0x000fb9       data     extern E:\3.46\pic18-lt\cxx-framework\src\traditional\proc\p18f25k50.asm
                 PSTR1CON   0x000fb9       data     extern E:\3.46\pic18-lt\cxx-framework\src\traditional\proc\p18f25k50.asm
                T2CONbits   0x000fba       data     extern E:\3.46\pic18-lt\cxx-framework\src\traditional\proc\p18f25k50.asm
                    T2CON   0x000fba       data     extern E:\3.46\pic18-lt\cxx-framework\src\traditional\proc\p18f25k50.asm
                      PR2   0x000fbb       data     extern E:\3.46\pic18-lt\cxx-framework\src\traditional\proc\p18f25k50.asm
                     TMR2   0x000fbc       data     extern E:\3.46\pic18-lt\cxx-framework\src\traditional\proc\p18f25k50.asm
                  CCP1CON   0x000fbd       data     extern E:\3.46\pic18-lt\cxx-framework\src\traditional\proc\p18f25k50.asm
             ECCP1CONbits   0x000fbd       data     extern E:\3.46\pic18-lt\cxx-framework\src\traditional\proc\p18f25k50.asm
                 ECCP1CON   0x000fbd       data     extern E:\3.46\pic18-lt\cxx-framework\src\traditional\proc\p18f25k50.asm
              CCP1CONbits   0x000fbd       data     extern E:\3.46\pic18-lt\cxx-framework\src\traditional\proc\p18f25k50.asm
                   CCPR1L   0x000fbe       data     extern E:\3.46\pic18-lt\cxx-framework\src\traditional\proc\p18f25k50.asm
                    CCPR1   0x000fbe       data     extern E:\3.46\pic18-lt\cxx-framework\src\traditional\proc\p18f25k50.asm
                   CCPR1H   0x000fbf       data     extern E:\3.46\pic18-lt\cxx-framework\src\traditional\proc\p18f25k50.asm
               ADCON2bits   0x000fc0       data     extern E:\3.46\pic18-lt\cxx-framework\src\traditional\proc\p18f25k50.asm
                   ADCON2   0x000fc0       data     extern E:\3.46\pic18-lt\cxx-framework\src\traditional\proc\p18f25k50.asm
               ADCON1bits   0x000fc1       data     extern E:\3.46\pic18-lt\cxx-framework\src\traditional\proc\p18f25k50.asm
                   ADCON1   0x000fc1       data     extern E:\3.46\pic18-lt\cxx-framework\src\traditional\proc\p18f25k50.asm
                   ADCON0   0x000fc2       data     extern E:\3.46\pic18-lt\cxx-framework\src\traditional\proc\p18f25k50.asm
               ADCON0bits   0x000fc2       data     extern E:\3.46\pic18-lt\cxx-framework\src\traditional\proc\p18f25k50.asm
                   ADRESL   0x000fc3       data     extern E:\3.46\pic18-lt\cxx-framework\src\traditional\proc\p18f25k50.asm
                   ADRESH   0x000fc4       data     extern E:\3.46\pic18-lt\cxx-framework\src\traditional\proc\p18f25k50.asm
             SSP1CON2bits   0x000fc5       data     extern E:\3.46\pic18-lt\cxx-framework\src\traditional\proc\p18f25k50.asm
                 SSP1CON2   0x000fc5       data     extern E:\3.46\pic18-lt\cxx-framework\src\traditional\proc\p18f25k50.asm
                  SSPCON2   0x000fc5       data     extern E:\3.46\pic18-lt\cxx-framework\src\traditional\proc\p18f25k50.asm
              SSPCON2bits   0x000fc5       data     extern E:\3.46\pic18-lt\cxx-framework\src\traditional\proc\p18f25k50.asm
              SSPCON1bits   0x000fc6       data     extern E:\3.46\pic18-lt\cxx-framework\src\traditional\proc\p18f25k50.asm
                  SSPCON1   0x000fc6       data     extern E:\3.46\pic18-lt\cxx-framework\src\traditional\proc\p18f25k50.asm
                   SSPCON   0x000fc6       data     extern E:\3.46\pic18-lt\cxx-framework\src\traditional\proc\p18f25k50.asm
                 SSP1CON1   0x000fc6       data     extern E:\3.46\pic18-lt\cxx-framework\src\traditional\proc\p18f25k50.asm
             SSP1CON1bits   0x000fc6       data     extern E:\3.46\pic18-lt\cxx-framework\src\traditional\proc\p18f25k50.asm
               SSPCONbits   0x000fc6       data     extern E:\3.46\pic18-lt\cxx-framework\src\traditional\proc\p18f25k50.asm
              SSPSTATbits   0x000fc7       data     extern E:\3.46\pic18-lt\cxx-framework\src\traditional\proc\p18f25k50.asm
                  SSPSTAT   0x000fc7       data     extern E:\3.46\pic18-lt\cxx-framework\src\traditional\proc\p18f25k50.asm
                 SSP1STAT   0x000fc7       data     extern E:\3.46\pic18-lt\cxx-framework\src\traditional\proc\p18f25k50.asm
             SSP1STATbits   0x000fc7       data     extern E:\3.46\pic18-lt\cxx-framework\src\traditional\proc\p18f25k50.asm
               SSPADDbits   0x000fc8       data     extern E:\3.46\pic18-lt\cxx-framework\src\traditional\proc\p18f25k50.asm
                  SSP1ADD   0x000fc8       data     extern E:\3.46\pic18-lt\cxx-framework\src\traditional\proc\p18f25k50.asm
                   SSPADD   0x000fc8       data     extern E:\3.46\pic18-lt\cxx-framework\src\traditional\proc\p18f25k50.asm
              SSP1ADDbits   0x000fc8       data     extern E:\3.46\pic18-lt\cxx-framework\src\traditional\proc\p18f25k50.asm
                   SSPBUF   0x000fc9       data     extern E:\3.46\pic18-lt\cxx-framework\src\traditional\proc\p18f25k50.asm
                  SSP1BUF   0x000fc9       data     extern E:\3.46\pic18-lt\cxx-framework\src\traditional\proc\p18f25k50.asm
                  SSP1MSK   0x000fca       data     extern E:\3.46\pic18-lt\cxx-framework\src\traditional\proc\p18f25k50.asm
               SSPMSKbits   0x000fca       data     extern E:\3.46\pic18-lt\cxx-framework\src\traditional\proc\p18f25k50.asm
                   SSPMSK   0x000fca       data     extern E:\3.46\pic18-lt\cxx-framework\src\traditional\proc\p18f25k50.asm
              SSP1MSKbits   0x000fca       data     extern E:\3.46\pic18-lt\cxx-framework\src\traditional\proc\p18f25k50.asm
             SSP1CON3bits   0x000fcb       data     extern E:\3.46\pic18-lt\cxx-framework\src\traditional\proc\p18f25k50.asm
                  SSPCON3   0x000fcb       data     extern E:\3.46\pic18-lt\cxx-framework\src\traditional\proc\p18f25k50.asm
              SSPCON3bits   0x000fcb       data     extern E:\3.46\pic18-lt\cxx-framework\src\traditional\proc\p18f25k50.asm
                 SSP1CON3   0x000fcb       data     extern E:\3.46\pic18-lt\cxx-framework\src\traditional\proc\p18f25k50.asm
               T1GCONbits   0x000fcc       data     extern E:\3.46\pic18-lt\cxx-framework\src\traditional\proc\p18f25k50.asm
                   T1GCON   0x000fcc       data     extern E:\3.46\pic18-lt\cxx-framework\src\traditional\proc\p18f25k50.asm
                T1CONbits   0x000fcd       data     extern E:\3.46\pic18-lt\cxx-framework\src\traditional\proc\p18f25k50.asm
                    T1CON   0x000fcd       data     extern E:\3.46\pic18-lt\cxx-framework\src\traditional\proc\p18f25k50.asm
                    TMR1L   0x000fce       data     extern E:\3.46\pic18-lt\cxx-framework\src\traditional\proc\p18f25k50.asm
                    TMR1H   0x000fcf       data     extern E:\3.46\pic18-lt\cxx-framework\src\traditional\proc\p18f25k50.asm
                 RCONbits   0x000fd0       data     extern E:\3.46\pic18-lt\cxx-framework\src\traditional\proc\p18f25k50.asm
                     RCON   0x000fd0       data     extern E:\3.46\pic18-lt\cxx-framework\src\traditional\proc\p18f25k50.asm
               WDTCONbits   0x000fd1       data     extern E:\3.46\pic18-lt\cxx-framework\src\traditional\proc\p18f25k50.asm
                   WDTCON   0x000fd1       data     extern E:\3.46\pic18-lt\cxx-framework\src\traditional\proc\p18f25k50.asm
                  OSCCON2   0x000fd2       data     extern E:\3.46\pic18-lt\cxx-framework\src\traditional\proc\p18f25k50.asm
              OSCCON2bits   0x000fd2       data     extern E:\3.46\pic18-lt\cxx-framework\src\traditional\proc\p18f25k50.asm
               OSCCONbits   0x000fd3       data     extern E:\3.46\pic18-lt\cxx-framework\src\traditional\proc\p18f25k50.asm
                   OSCCON   0x000fd3       data     extern E:\3.46\pic18-lt\cxx-framework\src\traditional\proc\p18f25k50.asm
                T0CONbits   0x000fd5       data     extern E:\3.46\pic18-lt\cxx-framework\src\traditional\proc\p18f25k50.asm
                    T0CON   0x000fd5       data     extern E:\3.46\pic18-lt\cxx-framework\src\traditional\proc\p18f25k50.asm
                    TMR0L   0x000fd6       data     extern E:\3.46\pic18-lt\cxx-framework\src\traditional\proc\p18f25k50.asm
                    TMR0H   0x000fd7       data     extern E:\3.46\pic18-lt\cxx-framework\src\traditional\proc\p18f25k50.asm
                   STATUS   0x000fd8       data     extern E:\3.46\pic18-lt\cxx-framework\src\traditional\proc\p18f25k50.asm
               STATUSbits   0x000fd8       data     extern E:\3.46\pic18-lt\cxx-framework\src\traditional\proc\p18f25k50.asm
                     FSR2   0x000fd9       data     extern E:\3.46\pic18-lt\cxx-framework\src\traditional\proc\p18f25k50.asm
                    FSR2L   0x000fd9       data     extern E:\3.46\pic18-lt\cxx-framework\src\traditional\proc\p18f25k50.asm
                    FSR2H   0x000fda       data     extern E:\3.46\pic18-lt\cxx-framework\src\traditional\proc\p18f25k50.asm
                   PLUSW2   0x000fdb       data     extern E:\3.46\pic18-lt\cxx-framework\src\traditional\proc\p18f25k50.asm
                  PREINC2   0x000fdc       data     extern E:\3.46\pic18-lt\cxx-framework\src\traditional\proc\p18f25k50.asm
                 POSTDEC2   0x000fdd       data     extern E:\3.46\pic18-lt\cxx-framework\src\traditional\proc\p18f25k50.asm
                 POSTINC2   0x000fde       data     extern E:\3.46\pic18-lt\cxx-framework\src\traditional\proc\p18f25k50.asm
                    INDF2   0x000fdf       data     extern E:\3.46\pic18-lt\cxx-framework\src\traditional\proc\p18f25k50.asm
                      BSR   0x000fe0       data     extern E:\3.46\pic18-lt\cxx-framework\src\traditional\proc\p18f25k50.asm
                     FSR1   0x000fe1       data     extern E:\3.46\pic18-lt\cxx-framework\src\traditional\proc\p18f25k50.asm
                    FSR1L   0x000fe1       data     extern E:\3.46\pic18-lt\cxx-framework\src\traditional\proc\p18f25k50.asm
                    FSR1H   0x000fe2       data     extern E:\3.46\pic18-lt\cxx-framework\src\traditional\proc\p18f25k50.asm
                   PLUSW1   0x000fe3       data     extern E:\3.46\pic18-lt\cxx-framework\src\traditional\proc\p18f25k50.asm
                  PREINC1   0x000fe4       data     extern E:\3.46\pic18-lt\cxx-framework\src\traditional\proc\p18f25k50.asm
                 POSTDEC1   0x000fe5       data     extern E:\3.46\pic18-lt\cxx-framework\src\traditional\proc\p18f25k50.asm
                 POSTINC1   0x000fe6       data     extern E:\3.46\pic18-lt\cxx-framework\src\traditional\proc\p18f25k50.asm
                    INDF1   0x000fe7       data     extern E:\3.46\pic18-lt\cxx-framework\src\traditional\proc\p18f25k50.asm
                     WREG   0x000fe8       data     extern E:\3.46\pic18-lt\cxx-framework\src\traditional\proc\p18f25k50.asm
                     FSR0   0x000fe9       data     extern E:\3.46\pic18-lt\cxx-framework\src\traditional\proc\p18f25k50.asm
                    FSR0L   0x000fe9       data     extern E:\3.46\pic18-lt\cxx-framework\src\traditional\proc\p18f25k50.asm
                    FSR0H   0x000fea       data     extern E:\3.46\pic18-lt\cxx-framework\src\traditional\proc\p18f25k50.asm
                   PLUSW0   0x000feb       data     extern E:\3.46\pic18-lt\cxx-framework\src\traditional\proc\p18f25k50.asm
                  PREINC0   0x000fec       data     extern E:\3.46\pic18-lt\cxx-framework\src\traditional\proc\p18f25k50.asm
                 POSTDEC0   0x000fed       data     extern E:\3.46\pic18-lt\cxx-framework\src\traditional\proc\p18f25k50.asm
                 POSTINC0   0x000fee       data     extern E:\3.46\pic18-lt\cxx-framework\src\traditional\proc\p18f25k50.asm
                    INDF0   0x000fef       data     extern E:\3.46\pic18-lt\cxx-framework\src\traditional\proc\p18f25k50.asm
              INTCON3bits   0x000ff0       data     extern E:\3.46\pic18-lt\cxx-framework\src\traditional\proc\p18f25k50.asm
                  INTCON3   0x000ff0       data     extern E:\3.46\pic18-lt\cxx-framework\src\traditional\proc\p18f25k50.asm
              INTCON2bits   0x000ff1       data     extern E:\3.46\pic18-lt\cxx-framework\src\traditional\proc\p18f25k50.asm
                  INTCON2   0x000ff1       data     extern E:\3.46\pic18-lt\cxx-framework\src\traditional\proc\p18f25k50.asm
               INTCONbits   0x000ff2       data     extern E:\3.46\pic18-lt\cxx-framework\src\traditional\proc\p18f25k50.asm
                   INTCON   0x000ff2       data     extern E:\3.46\pic18-lt\cxx-framework\src\traditional\proc\p18f25k50.asm
                    PRODL   0x000ff3       data     extern E:\3.46\pic18-lt\cxx-framework\src\traditional\proc\p18f25k50.asm
                     PROD   0x000ff3       data     extern E:\3.46\pic18-lt\cxx-framework\src\traditional\proc\p18f25k50.asm
                    PRODH   0x000ff4       data     extern E:\3.46\pic18-lt\cxx-framework\src\traditional\proc\p18f25k50.asm
                   TABLAT   0x000ff5       data     extern E:\3.46\pic18-lt\cxx-framework\src\traditional\proc\p18f25k50.asm
                   TBLPTR   0x000ff6       data     extern E:\3.46\pic18-lt\cxx-framework\src\traditional\proc\p18f25k50.asm
                  TBLPTRL   0x000ff6       data     extern E:\3.46\pic18-lt\cxx-framework\src\traditional\proc\p18f25k50.asm
                  TBLPTRH   0x000ff7       data     extern E:\3.46\pic18-lt\cxx-framework\src\traditional\proc\p18f25k50.asm
                  TBLPTRU   0x000ff8       data     extern E:\3.46\pic18-lt\cxx-framework\src\traditional\proc\p18f25k50.asm
                       PC   0x000ff9       data     extern E:\3.46\pic18-lt\cxx-framework\src\traditional\proc\p18f25k50.asm
                      PCL   0x000ff9       data     extern E:\3.46\pic18-lt\cxx-framework\src\traditional\proc\p18f25k50.asm
                   PCLATH   0x000ffa       data     extern E:\3.46\pic18-lt\cxx-framework\src\traditional\proc\p18f25k50.asm
                   PCLATU   0x000ffb       data     extern E:\3.46\pic18-lt\cxx-framework\src\traditional\proc\p18f25k50.asm
                   STKPTR   0x000ffc       data     extern E:\3.46\pic18-lt\cxx-framework\src\traditional\proc\p18f25k50.asm
               STKPTRbits   0x000ffc       data     extern E:\3.46\pic18-lt\cxx-framework\src\traditional\proc\p18f25k50.asm
                      TOS   0x000ffd       data     extern E:\3.46\pic18-lt\cxx-framework\src\traditional\proc\p18f25k50.asm
                     TOSL   0x000ffd       data     extern E:\3.46\pic18-lt\cxx-framework\src\traditional\proc\p18f25k50.asm
                     TOSH   0x000ffe       data     extern E:\3.46\pic18-lt\cxx-framework\src\traditional\proc\p18f25k50.asm
                     TOSU   0x000fff       data     extern E:\3.46\pic18-lt\cxx-framework\src\traditional\proc\p18f25k50.asm


